=== MeshGhost Crystal/AP wBattleMode probe (READ-ONLY) ===
Fight ONE wild battle to the end. It reports the moment that battle ends -- no fixed length.

event         status | 015A  01F6  0210  0228  0279  028C  02BC  1234  143E  14F8
overworld          2 |    0     0     0     0     0     0     0     0     0     0
overworld          2 |    0     0     0     0     0     0     0     0     3     3
overworld          2 |    0     0     0     0     0     0     0     0     0     1
overworld          2 |    0     0     0     0     0     0     0     0     3     1
overworld          2 |    0     0     0     0     0     0     0     0     0     0
overworld          2 |    0     0     0     0     0     0     0     0     0     1
battle 1 started (wMapStatus 2 -> 0)
battle start       0 |    1     0     0     0     0     0     0     0     1     1
in battle          0 |    1     0     0     0     0     0     0     0     1     1
in battle          0 |    1     0     0     0     0     0     0     1     1     1
in battle          0 |    1     1     4     1     0     0     1     1     1     1
in battle          0 |    1     1     1     1     0     0     1     1     1     1
in battle          0 |    1     1     1     1     1     1   240     1     1     1
in battle          0 |    1     1     1     1     1     1     1     1     1     1
in battle          0 |    1     1     1     1     1     1     1     0     1     1
in battle          0 |    0     0     0     0     0     0     0     0     1     1
in battle          1 |    0     0     0     0     0     0     0     0     0     0
in battle          1 |    0     0     0     0     0     0     0     0     3     1
in battle          1 |    0     0     0     0     0     0     0     0     0     0
in battle          1 |    0     0     0     0     0     0     0     0     0     1
in battle          1 |    0     0     0     0     0     0     0     0     0     0
in battle          1 |    0     0     0     0     0     0     0     0     3     3
in battle          1 |    0     0     0     0     0     0     0     0     0     1
in battle          1 |    0     0     0     0     0     0     0     0     1     1
in battle          0 |    1     0     0     0     0     0     0     0     1     1
in battle          0 |    1     0     0     0     0     0     0     1     1     1
in battle          0 |    1     1     2     1     1     1     1     1     1     1
in battle          0 |    1     1     5     1     1     1     1     1     1     1
in battle          0 |    1     1     1     1     1     1     1     1     1     1
in battle          0 |    1     1     1     1     1     1   240     1     1     1
in battle          0 |    1     1     1     1     1     1     1     1     1     1
in battle          0 |    1     1     0     1     1     1     1     1     1     1
in battle          0 |    1     1     1     1     1     1     1     1     1     1
in battle          0 |    1     1     1     1     1     1     1     0     1     1
in battle          0 |    0     0     0     0     0     0     0     0     1     1
battle 1 ended
battle end         2 |    0     0     0     0     0     0     0     0     0     0

=== RESULT after battle 1 ===
  0x015A: battle 1: flickers
  0x01F6: battle 1: flickers
  0x0210: battle 1: flickers
  0x0228: battle 1: flickers
  0x0279: battle 1: flickers
  0x028C: battle 1: flickers
  0x02BC: battle 1: flickers
  0x1234: battle 1: flickers
  0x143E: battle 1: flickers
  0x14F8: battle 1: 1 (98%)   <-- steady
1 candidate(s) held one value for a whole battle.
That is a complete run. A later battle -- a TRAINER one especially -- reports again
and separates any tie: the real flag then shows a DIFFERENT non-zero value (vanilla
semantics are 1 wild, 2 trainer) where a coincidence repeats itself.
overworld          2 |    0     0     0     0     0     0     0     0     0     0
overworld          2 |    0     0     0     0     0     0     0     0     3     3
overworld          2 |    0     0     0     0     0     0     0     0     0     1
overworld          2 |    0     0     0     0     0     0     0     0     0     0
overworld          2 |    0     0     0     0     0     0     0     0     3     3
overworld          2 |    0     0     0     0     0     0     0     0     0     1
overworld          2 |    0     0     0     0     0     0     0     0     0     0
