=== MeshGhost Crystal/AP wBattleMode probe (READ-ONLY) ===
Fight a wild battle to the end. It reports the moment each battle ends -- no fixed length.
A second battle of any kind reports again, comparing them.

event         status | 015A  01F6  0210  0228  0279  028C  02BC  1234  143E  14F8
overworld          1 |    0     0     0     0     0     0     0     0     0     0
overworld          1 |    0     0     0     0     0     0     0     0     3     3
overworld          1 |    0     0     0     0     0     0     0     0     0     1
battle 1 started (wMapStatus -> 0)
battle start       0 |    1     0     0     0     0     0     0     0     1     1
in battle          0 |    1     0     0     0     0     0     0     0     1     1
in battle          0 |    1     0     0     0     0     0     0     1     1     1
in battle          0 |    1     1     2     1     1     1     1     1     1     1
in battle          0 |    1     1     3     1     1     1     1     1     1     1
in battle          0 |    1     1     1     1     1     1     1     1     1     1
in battle          0 |    1     1     1     1     1     1   240     1     1     1
in battle          0 |    1     1     0     1     1     1     1     1     1     1
in battle          0 |    1     1     1     1     1     1     1     1     1     1
in battle          0 |    1     1     1     1     1     1     1     0     1     1
in battle          0 |    0     0     0     0     0     0     0     0     1     1
battle 1 ended
battle end         2 |    0     0     0     0     0     0     0     0     0     0

=== RESULT after battle 1 ===
  0x015A: battle 1: 1 (97%)   <-- steady
  0x01F6: battle 1: flickers
  0x0210: battle 1: flickers
  0x0228: battle 1: flickers
  0x0279: battle 1: flickers
  0x028C: battle 1: flickers
  0x02BC: battle 1: flickers
  0x1234: battle 1: flickers
  0x143E: battle 1: 1 (100%)   <-- steady
  0x14F8: battle 1: 1 (100%)   <-- steady
3 candidate(s) held one value for a whole battle.
That is a complete run. A later battle -- a TRAINER one especially -- reports again
and separates any tie: the real flag then shows a DIFFERENT non-zero value (vanilla
semantics are 1 wild, 2 trainer) where a coincidence repeats itself.
overworld          2 |    0     0     0     0     0     0     0     0     0     0
overworld          2 |    0     0     0     0     0     0     0     0     0     1
overworld          2 |    0     0     0     0     0     0     0     0     1     1
battle 2 started (wMapStatus -> 0)
battle start       0 |    1     0     0     0     0     0     0     0     1     1
in battle          0 |    1     0     0     0     0     0     0     0     1     1
in battle          0 |    1     0     0     0     0     0     0     1     1     1
in battle          0 |    1     1     0     1     1     1     1     1     1     1
in battle          0 |    1     1     1     1     1     1     1     1     1     1
in battle          0 |    1     1     1     1     1     1   240     1     1     1
in battle          0 |    1     1     1     1     1     1     1     1     1     1
in battle          0 |    1     1     0     1     1     1     1     1     1     1
in battle          0 |    1     1     1     1     1     1     1     1     1     1
in battle          0 |    1     1     1     1     1     1     1     0     1     1
in battle          0 |    0     0     0     0     0     0     0     0     1     1
battle 2 ended
battle end         1 |    0     0     0     0     0     0     0     0     0     0

=== RESULT after battle 2 ===
  0x015A: battle 1: 1 (97%), battle 2: 1 (97%)   <-- steady
  0x01F6: battle 1: flickers, battle 2: flickers
  0x0210: battle 1: flickers, battle 2: flickers
  0x0228: battle 1: flickers, battle 2: flickers
  0x0279: battle 1: flickers, battle 2: flickers
  0x028C: battle 1: flickers, battle 2: flickers
  0x02BC: battle 1: flickers, battle 2: flickers
  0x1234: battle 1: flickers, battle 2: flickers
  0x143E: battle 1: 1 (100%), battle 2: 1 (100%)   <-- steady
  0x14F8: battle 1: 1 (100%), battle 2: 1 (100%)   <-- steady
3 candidate(s) held one value for a whole battle.
None showed two different values. Expected if the battles were the same KIND --
one wild and one trainer are what separate them.
overworld          1 |    0     0     0     0     0     0     0     0     0     0
overworld          1 |    0     0     0     0     0     0     0     0     3     3
overworld          1 |    0     0     0     0     0     0     0     0     0     0
overworld          1 |    0     0     0     0     0     0     0     0     3     3
overworld          1 |    0     0     0     0     0     0     0     0     0     1
overworld          1 |    0     0     0     0     0     0     0     0     0     0
overworld          1 |    0     0     0     0     0     0     0     0     3     1
overworld          1 |    0     0     0     0     0     0     0     0     0     0
overworld          1 |    0     0     0     0     0     0     0     0     0     1
overworld          1 |    0     0     0     0     0     0     0     0     0     0
overworld          1 |    0     0     0     0     0     0     0     0     3     1
overworld          1 |    0     0     0     0     0     0     0     0     0     0
overworld          1 |    0     0     0     0     0     0     0     0     3     3
overworld          1 |    0     0     0     0     0     0     0     0     0     1
overworld          1 |    0     0     0     0     0     0     0     0     3     1
overworld          1 |    0     0     0     0     0     0     0     0     0     0
overworld          1 |    0     0     0     0     0     0     0     0     0     1
overworld          1 |    0     0     0     0     1     1     0     0     1     1
battle 3 started (wMapStatus -> 0)
battle start       0 |    0     0     0     0     1     1     0     0     1     1
battle 3 ended
battle end         1 |    0     0     0     0     1     1     0     0     0     0

=== RESULT after battle 3 ===
  0x015A: battle 1: 1 (97%), battle 2: 1 (97%), battle 3: flickers
  0x01F6: battle 1: flickers, battle 2: flickers, battle 3: flickers
  0x0210: battle 1: flickers, battle 2: flickers, battle 3: flickers
  0x0228: battle 1: flickers, battle 2: flickers, battle 3: flickers
  0x0279: battle 1: flickers, battle 2: flickers, battle 3: 1 (100%)
  0x028C: battle 1: flickers, battle 2: flickers, battle 3: 1 (100%)
  0x02BC: battle 1: flickers, battle 2: flickers, battle 3: flickers
  0x1234: battle 1: flickers, battle 2: flickers, battle 3: flickers
  0x143E: battle 1: 1 (100%), battle 2: 1 (100%), battle 3: 1 (100%)   <-- steady
  0x14F8: battle 1: 1 (100%), battle 2: 1 (100%), battle 3: 1 (100%)   <-- steady
2 candidate(s) held one value for a whole battle.
None showed two different values. Expected if the battles were the same KIND --
one wild and one trainer are what separate them.
overworld          1 |    0     0     0     0     1     1     0     0     0     0
overworld          1 |    0     0     0     0     1     1     0     0     0     1
overworld          1 |    0     0     0     0     0     0     0     0     3     1
overworld          1 |    0     0     0     0     0     0     0     0     0     0
overworld          1 |    0     0     0     0     0     0     0     0     0     1
overworld          1 |    0     0     0     0     0     0     0     0     0     0
