=== MeshGhost Crystal/AP wMapObjects probe (READ-ONLY) ===
Detail goes to the log file beside this script; the console gets the summary.
  struct slot 0: sprite=1 -> map object entry 0 (at x=11 y=13)
  struct slot 1: sprite=41 -> map object entry 1 (at x=10 y=12)
  struct slot 2: sprite=58 -> map object entry 2 (at x=16 y=13)
3 live struct(s) to match against.
16 candidate table(s) satisfy every constraint.
  0x16F5 (5877), sprite at entry offset 0x00  [vanilla-relative delta from wObjectStructs: +537, vanilla is +0x248]
--- 0x16F5 in full, 16 entries of 0x10 ---
  entry  0: 01 0D 04 0B FF FF FF 80 00 00 00 FF FF D5 78 01
  entry  1: 29 0C 0A 03 01 FF FF 00 00 71 40 FF FF 00 00 02
  entry  2: 3A 0D 10 04 10 FF FF A0 00 9D 40 FF FF 00 00 FF
  entry  3: 04 06 07 09 00 FF FF 00 00 A0 40 70 06 00 00 FF
  entry  4: 00 FF 10 01 00 FF FF 00 00 B8 52 87 07 00 00 FF
  entry  5: 00 FF 1D 07 00 FF FF 90 00 39 52 FF FF 00 00 FF
  entry  6: 00 FF 11 06 00 FF FF 80 00 3C 52 FF FF 00 00 FF
  entry  7: 00 FF 21 03 00 FF FF 00 00 54 52 0D 07 00 00 FF
  entry  8: 00 FF 34 01 00 FF FF 01 00 BA 52 60 06 00 00 00
  entry  9: 00 FF 00 00 00 00 00 00 00 00 00 00 00 00 00 00
  entry 10: 00 FF 00 00 00 00 00 00 00 00 00 00 00 00 00 00
  entry 11: 00 FF 00 00 00 00 00 00 00 00 00 00 00 00 00 00
  entry 12: 00 FF 00 00 00 00 00 00 00 00 00 00 00 00 00 00
  entry 13: 00 FF 00 00 00 00 00 00 00 00 00 00 00 00 00 00
  entry 14: 00 FF 00 00 00 00 00 00 00 00 00 00 00 00 00 00
  entry 15: 00 FF 00 00 00 00 00 00 00 00 00 00 00 00 00 00
  0x16F4 (5876), sprite at entry offset 0x01  [vanilla-relative delta from wObjectStructs: +536, vanilla is +0x248]
--- 0x16F4 in full, 16 entries of 0x10 ---
  entry  0: 00 01 0D 04 0B FF FF FF 80 00 00 00 FF FF D5 78
  entry  1: 01 29 0C 0A 03 01 FF FF 00 00 71 40 FF FF 00 00
  entry  2: 02 3A 0D 10 04 10 FF FF A0 00 9D 40 FF FF 00 00
  entry  3: FF 04 06 07 09 00 FF FF 00 00 A0 40 70 06 00 00
  entry  4: FF 00 FF 10 01 00 FF FF 00 00 B8 52 87 07 00 00
  entry  5: FF 00 FF 1D 07 00 FF FF 90 00 39 52 FF FF 00 00
  entry  6: FF 00 FF 11 06 00 FF FF 80 00 3C 52 FF FF 00 00
  entry  7: FF 00 FF 21 03 00 FF FF 00 00 54 52 0D 07 00 00
  entry  8: FF 00 FF 34 01 00 FF FF 01 00 BA 52 60 06 00 00
  entry  9: 00 00 FF 00 00 00 00 00 00 00 00 00 00 00 00 00
  entry 10: 00 00 FF 00 00 00 00 00 00 00 00 00 00 00 00 00
  entry 11: 00 00 FF 00 00 00 00 00 00 00 00 00 00 00 00 00
  entry 12: 00 00 FF 00 00 00 00 00 00 00 00 00 00 00 00 00
  entry 13: 00 00 FF 00 00 00 00 00 00 00 00 00 00 00 00 00
  entry 14: 00 00 FF 00 00 00 00 00 00 00 00 00 00 00 00 00
  entry 15: 00 00 FF 00 00 00 00 00 00 00 00 00 00 00 00 00
  0x16F3 (5875), sprite at entry offset 0x02  [vanilla-relative delta from wObjectStructs: +535, vanilla is +0x248]
--- 0x16F3 in full, 16 entries of 0x10 ---
  entry  0: 03 00 01 0D 04 0B FF FF FF 80 00 00 00 FF FF D5
  entry  1: 78 01 29 0C 0A 03 01 FF FF 00 00 71 40 FF FF 00
  entry  2: 00 02 3A 0D 10 04 10 FF FF A0 00 9D 40 FF FF 00
  entry  3: 00 FF 04 06 07 09 00 FF FF 00 00 A0 40 70 06 00
  entry  4: 00 FF 00 FF 10 01 00 FF FF 00 00 B8 52 87 07 00
  entry  5: 00 FF 00 FF 1D 07 00 FF FF 90 00 39 52 FF FF 00
  entry  6: 00 FF 00 FF 11 06 00 FF FF 80 00 3C 52 FF FF 00
  entry  7: 00 FF 00 FF 21 03 00 FF FF 00 00 54 52 0D 07 00
  entry  8: 00 FF 00 FF 34 01 00 FF FF 01 00 BA 52 60 06 00
  entry  9: 00 00 00 FF 00 00 00 00 00 00 00 00 00 00 00 00
  entry 10: 00 00 00 FF 00 00 00 00 00 00 00 00 00 00 00 00
  entry 11: 00 00 00 FF 00 00 00 00 00 00 00 00 00 00 00 00
  entry 12: 00 00 00 FF 00 00 00 00 00 00 00 00 00 00 00 00
  entry 13: 00 00 00 FF 00 00 00 00 00 00 00 00 00 00 00 00
  entry 14: 00 00 00 FF 00 00 00 00 00 00 00 00 00 00 00 00
  entry 15: 00 00 00 FF 00 00 00 00 00 00 00 00 00 00 00 00
  0x16F2 (5874), sprite at entry offset 0x03  [vanilla-relative delta from wObjectStructs: +534, vanilla is +0x248]
--- 0x16F2 in full, 16 entries of 0x10 ---
  entry  0: 00 03 00 01 0D 04 0B FF FF FF 80 00 00 00 FF FF
  entry  1: D5 78 01 29 0C 0A 03 01 FF FF 00 00 71 40 FF FF
  entry  2: 00 00 02 3A 0D 10 04 10 FF FF A0 00 9D 40 FF FF
  entry  3: 00 00 FF 04 06 07 09 00 FF FF 00 00 A0 40 70 06
  entry  4: 00 00 FF 00 FF 10 01 00 FF FF 00 00 B8 52 87 07
  entry  5: 00 00 FF 00 FF 1D 07 00 FF FF 90 00 39 52 FF FF
  entry  6: 00 00 FF 00 FF 11 06 00 FF FF 80 00 3C 52 FF FF
  entry  7: 00 00 FF 00 FF 21 03 00 FF FF 00 00 54 52 0D 07
  entry  8: 00 00 FF 00 FF 34 01 00 FF FF 01 00 BA 52 60 06
  entry  9: 00 00 00 00 FF 00 00 00 00 00 00 00 00 00 00 00
  entry 10: 00 00 00 00 FF 00 00 00 00 00 00 00 00 00 00 00
  entry 11: 00 00 00 00 FF 00 00 00 00 00 00 00 00 00 00 00
  entry 12: 00 00 00 00 FF 00 00 00 00 00 00 00 00 00 00 00
  entry 13: 00 00 00 00 FF 00 00 00 00 00 00 00 00 00 00 00
  entry 14: 00 00 00 00 FF 00 00 00 00 00 00 00 00 00 00 00
  entry 15: 00 00 00 00 FF 00 00 00 00 00 00 00 00 00 00 00
  0x16F1 (5873), sprite at entry offset 0x04  [vanilla-relative delta from wObjectStructs: +533, vanilla is +0x248]
--- 0x16F1 in full, 16 entries of 0x10 ---
  entry  0: 00 00 03 00 01 0D 04 0B FF FF FF 80 00 00 00 FF
  entry  1: FF D5 78 01 29 0C 0A 03 01 FF FF 00 00 71 40 FF
  entry  2: FF 00 00 02 3A 0D 10 04 10 FF FF A0 00 9D 40 FF
  entry  3: FF 00 00 FF 04 06 07 09 00 FF FF 00 00 A0 40 70
  entry  4: 06 00 00 FF 00 FF 10 01 00 FF FF 00 00 B8 52 87
  entry  5: 07 00 00 FF 00 FF 1D 07 00 FF FF 90 00 39 52 FF
  entry  6: FF 00 00 FF 00 FF 11 06 00 FF FF 80 00 3C 52 FF
  entry  7: FF 00 00 FF 00 FF 21 03 00 FF FF 00 00 54 52 0D
  entry  8: 07 00 00 FF 00 FF 34 01 00 FF FF 01 00 BA 52 60
  entry  9: 06 00 00 00 00 FF 00 00 00 00 00 00 00 00 00 00
  entry 10: 00 00 00 00 00 FF 00 00 00 00 00 00 00 00 00 00
  entry 11: 00 00 00 00 00 FF 00 00 00 00 00 00 00 00 00 00
  entry 12: 00 00 00 00 00 FF 00 00 00 00 00 00 00 00 00 00
  entry 13: 00 00 00 00 00 FF 00 00 00 00 00 00 00 00 00 00
  entry 14: 00 00 00 00 00 FF 00 00 00 00 00 00 00 00 00 00
  entry 15: 00 00 00 00 00 FF 00 00 00 00 00 00 00 00 00 00
  0x16F0 (5872), sprite at entry offset 0x05  [vanilla-relative delta from wObjectStructs: +532, vanilla is +0x248]
--- 0x16F0 in full, 16 entries of 0x10 ---
  entry  0: 00 00 00 03 00 01 0D 04 0B FF FF FF 80 00 00 00
  entry  1: FF FF D5 78 01 29 0C 0A 03 01 FF FF 00 00 71 40
  entry  2: FF FF 00 00 02 3A 0D 10 04 10 FF FF A0 00 9D 40
  entry  3: FF FF 00 00 FF 04 06 07 09 00 FF FF 00 00 A0 40
  entry  4: 70 06 00 00 FF 00 FF 10 01 00 FF FF 00 00 B8 52
  entry  5: 87 07 00 00 FF 00 FF 1D 07 00 FF FF 90 00 39 52
  entry  6: FF FF 00 00 FF 00 FF 11 06 00 FF FF 80 00 3C 52
  entry  7: FF FF 00 00 FF 00 FF 21 03 00 FF FF 00 00 54 52
  entry  8: 0D 07 00 00 FF 00 FF 34 01 00 FF FF 01 00 BA 52
  entry  9: 60 06 00 00 00 00 FF 00 00 00 00 00 00 00 00 00
  entry 10: 00 00 00 00 00 00 FF 00 00 00 00 00 00 00 00 00
  entry 11: 00 00 00 00 00 00 FF 00 00 00 00 00 00 00 00 00
  entry 12: 00 00 00 00 00 00 FF 00 00 00 00 00 00 00 00 00
  entry 13: 00 00 00 00 00 00 FF 00 00 00 00 00 00 00 00 00
  entry 14: 00 00 00 00 00 00 FF 00 00 00 00 00 00 00 00 00
  entry 15: 00 00 00 00 00 00 FF 00 00 00 00 00 00 00 00 00
  0x16EF (5871), sprite at entry offset 0x06  [vanilla-relative delta from wObjectStructs: +531, vanilla is +0x248]
--- 0x16EF in full, 16 entries of 0x10 ---
  entry  0: 00 00 00 00 03 00 01 0D 04 0B FF FF FF 80 00 00
  entry  1: 00 FF FF D5 78 01 29 0C 0A 03 01 FF FF 00 00 71
  entry  2: 40 FF FF 00 00 02 3A 0D 10 04 10 FF FF A0 00 9D
  entry  3: 40 FF FF 00 00 FF 04 06 07 09 00 FF FF 00 00 A0
  entry  4: 40 70 06 00 00 FF 00 FF 10 01 00 FF FF 00 00 B8
  entry  5: 52 87 07 00 00 FF 00 FF 1D 07 00 FF FF 90 00 39
  entry  6: 52 FF FF 00 00 FF 00 FF 11 06 00 FF FF 80 00 3C
  entry  7: 52 FF FF 00 00 FF 00 FF 21 03 00 FF FF 00 00 54
  entry  8: 52 0D 07 00 00 FF 00 FF 34 01 00 FF FF 01 00 BA
  entry  9: 52 60 06 00 00 00 00 FF 00 00 00 00 00 00 00 00
  entry 10: 00 00 00 00 00 00 00 FF 00 00 00 00 00 00 00 00
  entry 11: 00 00 00 00 00 00 00 FF 00 00 00 00 00 00 00 00
  entry 12: 00 00 00 00 00 00 00 FF 00 00 00 00 00 00 00 00
  entry 13: 00 00 00 00 00 00 00 FF 00 00 00 00 00 00 00 00
  entry 14: 00 00 00 00 00 00 00 FF 00 00 00 00 00 00 00 00
  entry 15: 00 00 00 00 00 00 00 FF 00 00 00 00 00 00 00 00
  0x16EE (5870), sprite at entry offset 0x07  [vanilla-relative delta from wObjectStructs: +530, vanilla is +0x248]
--- 0x16EE in full, 16 entries of 0x10 ---
  entry  0: 00 00 00 00 00 03 00 01 0D 04 0B FF FF FF 80 00
  entry  1: 00 00 FF FF D5 78 01 29 0C 0A 03 01 FF FF 00 00
  entry  2: 71 40 FF FF 00 00 02 3A 0D 10 04 10 FF FF A0 00
  entry  3: 9D 40 FF FF 00 00 FF 04 06 07 09 00 FF FF 00 00
  entry  4: A0 40 70 06 00 00 FF 00 FF 10 01 00 FF FF 00 00
  entry  5: B8 52 87 07 00 00 FF 00 FF 1D 07 00 FF FF 90 00
  entry  6: 39 52 FF FF 00 00 FF 00 FF 11 06 00 FF FF 80 00
  entry  7: 3C 52 FF FF 00 00 FF 00 FF 21 03 00 FF FF 00 00
  entry  8: 54 52 0D 07 00 00 FF 00 FF 34 01 00 FF FF 01 00
  entry  9: BA 52 60 06 00 00 00 00 FF 00 00 00 00 00 00 00
  entry 10: 00 00 00 00 00 00 00 00 FF 00 00 00 00 00 00 00
  entry 11: 00 00 00 00 00 00 00 00 FF 00 00 00 00 00 00 00
  entry 12: 00 00 00 00 00 00 00 00 FF 00 00 00 00 00 00 00
  entry 13: 00 00 00 00 00 00 00 00 FF 00 00 00 00 00 00 00
  entry 14: 00 00 00 00 00 00 00 00 FF 00 00 00 00 00 00 00
  entry 15: 00 00 00 00 00 00 00 00 FF 00 00 00 00 00 00 00
  0x16ED (5869), sprite at entry offset 0x08  [vanilla-relative delta from wObjectStructs: +529, vanilla is +0x248]
--- 0x16ED in full, 16 entries of 0x10 ---
  entry  0: 00 00 00 00 00 00 03 00 01 0D 04 0B FF FF FF 80
  entry  1: 00 00 00 FF FF D5 78 01 29 0C 0A 03 01 FF FF 00
  entry  2: 00 71 40 FF FF 00 00 02 3A 0D 10 04 10 FF FF A0
  entry  3: 00 9D 40 FF FF 00 00 FF 04 06 07 09 00 FF FF 00
  entry  4: 00 A0 40 70 06 00 00 FF 00 FF 10 01 00 FF FF 00
  entry  5: 00 B8 52 87 07 00 00 FF 00 FF 1D 07 00 FF FF 90
  entry  6: 00 39 52 FF FF 00 00 FF 00 FF 11 06 00 FF FF 80
  entry  7: 00 3C 52 FF FF 00 00 FF 00 FF 21 03 00 FF FF 00
  entry  8: 00 54 52 0D 07 00 00 FF 00 FF 34 01 00 FF FF 01
  entry  9: 00 BA 52 60 06 00 00 00 00 FF 00 00 00 00 00 00
  entry 10: 00 00 00 00 00 00 00 00 00 FF 00 00 00 00 00 00
  entry 11: 00 00 00 00 00 00 00 00 00 FF 00 00 00 00 00 00
  entry 12: 00 00 00 00 00 00 00 00 00 FF 00 00 00 00 00 00
  entry 13: 00 00 00 00 00 00 00 00 00 FF 00 00 00 00 00 00
  entry 14: 00 00 00 00 00 00 00 00 00 FF 00 00 00 00 00 00
  entry 15: 00 00 00 00 00 00 00 00 00 FF 00 00 00 00 00 00
  0x16EC (5868), sprite at entry offset 0x09  [vanilla-relative delta from wObjectStructs: +528, vanilla is +0x248]
--- 0x16EC in full, 16 entries of 0x10 ---
  entry  0: 00 00 00 00 00 00 00 03 00 01 0D 04 0B FF FF FF
  entry  1: 80 00 00 00 FF FF D5 78 01 29 0C 0A 03 01 FF FF
  entry  2: 00 00 71 40 FF FF 00 00 02 3A 0D 10 04 10 FF FF
  entry  3: A0 00 9D 40 FF FF 00 00 FF 04 06 07 09 00 FF FF
  entry  4: 00 00 A0 40 70 06 00 00 FF 00 FF 10 01 00 FF FF
  entry  5: 00 00 B8 52 87 07 00 00 FF 00 FF 1D 07 00 FF FF
  entry  6: 90 00 39 52 FF FF 00 00 FF 00 FF 11 06 00 FF FF
  entry  7: 80 00 3C 52 FF FF 00 00 FF 00 FF 21 03 00 FF FF
  entry  8: 00 00 54 52 0D 07 00 00 FF 00 FF 34 01 00 FF FF
  entry  9: 01 00 BA 52 60 06 00 00 00 00 FF 00 00 00 00 00
  entry 10: 00 00 00 00 00 00 00 00 00 00 FF 00 00 00 00 00
  entry 11: 00 00 00 00 00 00 00 00 00 00 FF 00 00 00 00 00
  entry 12: 00 00 00 00 00 00 00 00 00 00 FF 00 00 00 00 00
  entry 13: 00 00 00 00 00 00 00 00 00 00 FF 00 00 00 00 00
  entry 14: 00 00 00 00 00 00 00 00 00 00 FF 00 00 00 00 00
  entry 15: 00 00 00 00 00 00 00 00 00 00 FF 00 00 00 00 00
  0x16EB (5867), sprite at entry offset 0x0A  [vanilla-relative delta from wObjectStructs: +527, vanilla is +0x248]
--- 0x16EB in full, 16 entries of 0x10 ---
  entry  0: 07 00 00 00 00 00 00 00 03 00 01 0D 04 0B FF FF
  entry  1: FF 80 00 00 00 FF FF D5 78 01 29 0C 0A 03 01 FF
  entry  2: FF 00 00 71 40 FF FF 00 00 02 3A 0D 10 04 10 FF
  entry  3: FF A0 00 9D 40 FF FF 00 00 FF 04 06 07 09 00 FF
  entry  4: FF 00 00 A0 40 70 06 00 00 FF 00 FF 10 01 00 FF
  entry  5: FF 00 00 B8 52 87 07 00 00 FF 00 FF 1D 07 00 FF
  entry  6: FF 90 00 39 52 FF FF 00 00 FF 00 FF 11 06 00 FF
  entry  7: FF 80 00 3C 52 FF FF 00 00 FF 00 FF 21 03 00 FF
  entry  8: FF 00 00 54 52 0D 07 00 00 FF 00 FF 34 01 00 FF
  entry  9: FF 01 00 BA 52 60 06 00 00 00 00 FF 00 00 00 00
  entry 10: 00 00 00 00 00 00 00 00 00 00 00 FF 00 00 00 00
  entry 11: 00 00 00 00 00 00 00 00 00 00 00 FF 00 00 00 00
  entry 12: 00 00 00 00 00 00 00 00 00 00 00 FF 00 00 00 00
  entry 13: 00 00 00 00 00 00 00 00 00 00 00 FF 00 00 00 00
  entry 14: 00 00 00 00 00 00 00 00 00 00 00 FF 00 00 00 00
  entry 15: 00 00 00 00 00 00 00 00 00 00 00 FF 00 00 00 00
  0x16EA (5866), sprite at entry offset 0x0B  [vanilla-relative delta from wObjectStructs: +526, vanilla is +0x248]
--- 0x16EA in full, 16 entries of 0x10 ---
  entry  0: 2A 07 00 00 00 00 00 00 00 03 00 01 0D 04 0B FF
  entry  1: FF FF 80 00 00 00 FF FF D5 78 01 29 0C 0A 03 01
  entry  2: FF FF 00 00 71 40 FF FF 00 00 02 3A 0D 10 04 10
  entry  3: FF FF A0 00 9D 40 FF FF 00 00 FF 04 06 07 09 00
  entry  4: FF FF 00 00 A0 40 70 06 00 00 FF 00 FF 10 01 00
  entry  5: FF FF 00 00 B8 52 87 07 00 00 FF 00 FF 1D 07 00
  entry  6: FF FF 90 00 39 52 FF FF 00 00 FF 00 FF 11 06 00
  entry  7: FF FF 80 00 3C 52 FF FF 00 00 FF 00 FF 21 03 00
  entry  8: FF FF 00 00 54 52 0D 07 00 00 FF 00 FF 34 01 00
  entry  9: FF FF 01 00 BA 52 60 06 00 00 00 00 FF 00 00 00
  entry 10: 00 00 00 00 00 00 00 00 00 00 00 00 FF 00 00 00
  entry 11: 00 00 00 00 00 00 00 00 00 00 00 00 FF 00 00 00
  entry 12: 00 00 00 00 00 00 00 00 00 00 00 00 FF 00 00 00
  entry 13: 00 00 00 00 00 00 00 00 00 00 00 00 FF 00 00 00
  entry 14: 00 00 00 00 00 00 00 00 00 00 00 00 FF 00 00 00
  entry 15: 00 00 00 00 00 00 00 00 00 00 00 00 FF 00 00 00
  0x16E9 (5865), sprite at entry offset 0x0C  [vanilla-relative delta from wObjectStructs: +525, vanilla is +0x248]
--- 0x16E9 in full, 16 entries of 0x10 ---
  entry  0: 00 2A 07 00 00 00 00 00 00 00 03 00 01 0D 04 0B
  entry  1: FF FF FF 80 00 00 00 FF FF D5 78 01 29 0C 0A 03
  entry  2: 01 FF FF 00 00 71 40 FF FF 00 00 02 3A 0D 10 04
  entry  3: 10 FF FF A0 00 9D 40 FF FF 00 00 FF 04 06 07 09
  entry  4: 00 FF FF 00 00 A0 40 70 06 00 00 FF 00 FF 10 01
  entry  5: 00 FF FF 00 00 B8 52 87 07 00 00 FF 00 FF 1D 07
  entry  6: 00 FF FF 90 00 39 52 FF FF 00 00 FF 00 FF 11 06
  entry  7: 00 FF FF 80 00 3C 52 FF FF 00 00 FF 00 FF 21 03
  entry  8: 00 FF FF 00 00 54 52 0D 07 00 00 FF 00 FF 34 01
  entry  9: 00 FF FF 01 00 BA 52 60 06 00 00 00 00 FF 00 00
  entry 10: 00 00 00 00 00 00 00 00 00 00 00 00 00 FF 00 00
  entry 11: 00 00 00 00 00 00 00 00 00 00 00 00 00 FF 00 00
  entry 12: 00 00 00 00 00 00 00 00 00 00 00 00 00 FF 00 00
  entry 13: 00 00 00 00 00 00 00 00 00 00 00 00 00 FF 00 00
  entry 14: 00 00 00 00 00 00 00 00 00 00 00 00 00 FF 00 00
  entry 15: 00 00 00 00 00 00 00 00 00 00 00 00 00 FF 00 00
  0x16E8 (5864), sprite at entry offset 0x0D  [vanilla-relative delta from wObjectStructs: +524, vanilla is +0x248]
--- 0x16E8 in full, 16 entries of 0x10 ---
  entry  0: 00 00 2A 07 00 00 00 00 00 00 00 03 00 01 0D 04
  entry  1: 0B FF FF FF 80 00 00 00 FF FF D5 78 01 29 0C 0A
  entry  2: 03 01 FF FF 00 00 71 40 FF FF 00 00 02 3A 0D 10
  entry  3: 04 10 FF FF A0 00 9D 40 FF FF 00 00 FF 04 06 07
  entry  4: 09 00 FF FF 00 00 A0 40 70 06 00 00 FF 00 FF 10
  entry  5: 01 00 FF FF 00 00 B8 52 87 07 00 00 FF 00 FF 1D
  entry  6: 07 00 FF FF 90 00 39 52 FF FF 00 00 FF 00 FF 11
  entry  7: 06 00 FF FF 80 00 3C 52 FF FF 00 00 FF 00 FF 21
  entry  8: 03 00 FF FF 00 00 54 52 0D 07 00 00 FF 00 FF 34
  entry  9: 01 00 FF FF 01 00 BA 52 60 06 00 00 00 00 FF 00
  entry 10: 00 00 00 00 00 00 00 00 00 00 00 00 00 00 FF 00
  entry 11: 00 00 00 00 00 00 00 00 00 00 00 00 00 00 FF 00
  entry 12: 00 00 00 00 00 00 00 00 00 00 00 00 00 00 FF 00
  entry 13: 00 00 00 00 00 00 00 00 00 00 00 00 00 00 FF 00
  entry 14: 00 00 00 00 00 00 00 00 00 00 00 00 00 00 FF 00
  entry 15: 00 00 00 00 00 00 00 00 00 00 00 00 00 00 FF 00
  0x16E7 (5863), sprite at entry offset 0x0E  [vanilla-relative delta from wObjectStructs: +523, vanilla is +0x248]
--- 0x16E7 in full, 16 entries of 0x10 ---
  entry  0: 00 00 00 2A 07 00 00 00 00 00 00 00 03 00 01 0D
  entry  1: 04 0B FF FF FF 80 00 00 00 FF FF D5 78 01 29 0C
  entry  2: 0A 03 01 FF FF 00 00 71 40 FF FF 00 00 02 3A 0D
  entry  3: 10 04 10 FF FF A0 00 9D 40 FF FF 00 00 FF 04 06
  entry  4: 07 09 00 FF FF 00 00 A0 40 70 06 00 00 FF 00 FF
  entry  5: 10 01 00 FF FF 00 00 B8 52 87 07 00 00 FF 00 FF
  entry  6: 1D 07 00 FF FF 90 00 39 52 FF FF 00 00 FF 00 FF
  entry  7: 11 06 00 FF FF 80 00 3C 52 FF FF 00 00 FF 00 FF
  entry  8: 21 03 00 FF FF 00 00 54 52 0D 07 00 00 FF 00 FF
  entry  9: 34 01 00 FF FF 01 00 BA 52 60 06 00 00 00 00 FF
  entry 10: 00 00 00 00 00 00 00 00 00 00 00 00 00 00 00 FF
  entry 11: 00 00 00 00 00 00 00 00 00 00 00 00 00 00 00 FF
  entry 12: 00 00 00 00 00 00 00 00 00 00 00 00 00 00 00 FF
  entry 13: 00 00 00 00 00 00 00 00 00 00 00 00 00 00 00 FF
  entry 14: 00 00 00 00 00 00 00 00 00 00 00 00 00 00 00 FF
  entry 15: 00 00 00 00 00 00 00 00 00 00 00 00 00 00 00 FF
  0x16E6 (5862), sprite at entry offset 0x0F  [vanilla-relative delta from wObjectStructs: +522, vanilla is +0x248]
--- 0x16E6 in full, 16 entries of 0x10 ---
  entry  0: 00 00 00 00 2A 07 00 00 00 00 00 00 00 03 00 01
  entry  1: 0D 04 0B FF FF FF 80 00 00 00 FF FF D5 78 01 29
  entry  2: 0C 0A 03 01 FF FF 00 00 71 40 FF FF 00 00 02 3A
  entry  3: 0D 10 04 10 FF FF A0 00 9D 40 FF FF 00 00 FF 04
  entry  4: 06 07 09 00 FF FF 00 00 A0 40 70 06 00 00 FF 00
  entry  5: FF 10 01 00 FF FF 00 00 B8 52 87 07 00 00 FF 00
  entry  6: FF 1D 07 00 FF FF 90 00 39 52 FF FF 00 00 FF 00
  entry  7: FF 11 06 00 FF FF 80 00 3C 52 FF FF 00 00 FF 00
  entry  8: FF 21 03 00 FF FF 00 00 54 52 0D 07 00 00 FF 00
  entry  9: FF 34 01 00 FF FF 01 00 BA 52 60 06 00 00 00 00
  entry 10: FF 00 00 00 00 00 00 00 00 00 00 00 00 00 00 00
  entry 11: FF 00 00 00 00 00 00 00 00 00 00 00 00 00 00 00
  entry 12: FF 00 00 00 00 00 00 00 00 00 00 00 00 00 00 00
  entry 13: FF 00 00 00 00 00 00 00 00 00 00 00 00 00 00 00
  entry 14: FF 00 00 00 00 00 00 00 00 00 00 00 00 00 00 00
  entry 15: FF 00 00 00 00 00 00 00 00 00 00 00 00 00 00 00
Read the full entries in the log: the real table repeats a fixed layout, and the
coordinates in each entry should sit near the matching struct's x/y printed above.
