=== MeshGhost Crystal/AP map-identity probe (READ-ONLY) ===
Walk through at least four maps in the next 90 seconds. Pause a moment after each.
A transition is detected from the player coordinates jumping, so no map address is assumed.

event            x   y  | 0D24  0D25  0D26  0D4E  0D4F  0D71  0D73  1CBC  1CBD
start           53  11 |  78  79   5   2   2 155 155  24   3
changed         53  11 |   5   5   5   2   2 155 155  24   3
changed         53  10 |  46  47  46   2   2 155 155  24   3
changed         53   9 |  30  31  30   2   2 155 155  24   3
changed         53   8 |  46  47  62   2   2 155 155  24   3
changed         56   8 |   5   5   5   2   2 155 155  24   3
changed         58   8 |   6   6   6   0   0 155 155  24   3
-- before 1     59   8 |   6   6   6   0   0 155 155  24   3
transition 1: coordinates jumped 59,8 -> 0,8
-- after 1       0   8 |   6   6   6   0   0 155 155  24   4
changed          4   8 |   5   5   5   2   2 155 155  24   4
changed          5   8 |   6   6   6   0   0 153 153  24   4
changed          5   9 |   6   6   6   0   0 155 155  24   4
changed          6   9 |   5   5   5   2   2 153 153  24   4
changed          6  10 |  30  31  30   2   2 153 153  24   4
changed          6  11 |  30  31  30   2   2 154 154  24   4
changed          6  12 |   6   6   6   0   0 152 152  24   4
changed          3  12 |  46  47   6   0   0 155 155  24   4
-- before 2      3  11 |  46  47   6   0   0 155 155  24   4
transition 2: coordinates jumped 3,11 -> 2,7
-- after 2       2   7 |  46  47   6   0   0 155 155  24   8
-- before 3      2   7 |  46  47   6   0   0 155 155  24   8
transition 3: coordinates jumped 2,7 -> 3,11
-- after 3       3  11 |  46  47   6   0   0 155 155  24   4
changed          3  11 |  30  31  30   2   2 154 154  24   4
changed          3  12 |   6   6   6   0   0 152 152  24   4
changed          7  12 |  46  47  46   2   2 154 154  24   4
changed          7  13 |  30  31  30   2   2 154 154  24   4
changed          7  14 |   6   6   6   0   2 154 154  24   4
changed          7  14 |   6   6   6   0   0 152 152  24   4
changed         10  14 |   5   5   5   2   2 152 152  24   4
changed         11  14 |   6   6   6   0   0 152 152  24   4
-- before 4     11  13 |   6   6   6   0   0 152 152  24   4
transition 4: coordinates jumped 11,13 -> 2,7
-- after 4       2   7 |   6   6   6   0   0 152 152  24   9
-- before 5      2   7 |   6   6   6   0   0 152 152  24   9
transition 5: coordinates jumped 2,7 -> 11,13
-- after 5      11  13 |   6   6   6   0   0 152 152  24   4
changed         11  13 |  30  31  30   2   2 154 154  24   4
changed         11  14 |   6   6   6   0   0 152 152  24   4
changed         10  14 |  27  28   2   5   5 152 152  24   4
changed          9  14 |  27  27   2   5   5 152 152  24   4
changed          8  14 |   6   6   6   0   0 152 152  24   4
changed          8  13 |   6   6   6   0   0 155 155  24   4
changed          9   9 |   6   6   6   0   0 154 154  24   4
changed          9   8 |  27  27  27   5   5 154 154  24   4
changed          9   6 |  26  27   1   5   5 154 154  24   4
changed          8   6 |  78  79  94   0   0 154 154  24   4
changed          7   6 |   5   5   5   0   0 154 154  24   4
changed          7   6 |   5   5   5   2   2 154 154  24   4
changed          6   6 |  13  14  14   6   6 154 154  24   4
changed          6   5 |  16  17  17   6   6 153 153  24   4
changed          6   4 |  46  47  46   2   2 153 153  24   4
-- before 6      6   3 |  46  47  46   2   2 153 153  24   4
transition 6: coordinates jumped 6,3 -> 4,11
-- after 6       4  11 |  46  47  46   2   2 153 153  24   5
-- before 7      4  11 |  46  47  46   2   2 153 153  24   5
transition 7: coordinates jumped 4,11 -> 6,3
-- after 7       6   3 |  46  47  46   2   2 153 153  24   4
changed          6   3 |   6   6   6   0   0 153 153  24   4
changed          6   3 |   6   6   6   0   0 154 154  24   4
changed          6   5 |  17  17  17   6   6 154 154  24   4
changed          6   6 |  46  47  62   2   2 152 152  24   4
changed          3   6 |  46  47  26   5   5 155 155  24   4
changed          3   7 |   5   5   6   5   5 155 155  24   4
changed          3   7 |   5   5   6   0   0 155 155  24   4
changed          3   8 |  46  47  62   2   2 153 153  24   4
-- before 8      0   8 |  46  47  62   2   2 153 153  24   4
transition 8: coordinates jumped 0,8 -> 255,8
-- after 8     255   8 |  46  47  62   2   2 153 153  24   4
-- before 9    255   8 |  46  47  62   2   2 153 153  24   4
transition 9: coordinates jumped 255,8 -> 59,8
-- after 9      59   8 |  46  47  62   2   2 153 153  24   3
changed         56   8 |   5   5   5   2   2 153 153  24   3
changed         58   8 |   6   6   6   0   0 153 153  24   3
-- before 10    59   8 |   6   6   6   0   0 153 153  24   3
transition 10: coordinates jumped 59,8 -> 0,8
-- after 10      0   8 |   6   6   6   0   0 153 153  24   4
