=== MeshGhost Crystal/AP coordinate probe, BY REVERSAL (READ-ONLY) ===
PHASE A: walk steadily ONE direction, 8+ tiles. No turning, no doors.
Nothing is excluded up front. Failing reversal is the evidence.
  [phase A] best run so far: 7 consistent steps, 13 seconds left
  [phase A] best run so far: 8 consistent steps, 11 seconds left
  [phase A] best run so far: 11 consistent steps, 9 seconds left
  [phase A] best run so far: 11 consistent steps, 7 seconds left
  [phase A] best run so far: 11 consistent steps, 5 seconds left
  [phase A] best run so far: 11 consistent steps, 3 seconds left
  [phase A] best run so far: 11 consistent steps, 1 seconds left
=== PHASE A closed (900 frames): everything with 3+ consistent ±1 changes ===
  0x016B (  363)  moved +1, 9 time(s), now 46
  0x14CD ( 5325)  moved +1, 3 time(s), now 3
  0x14ED ( 5357)  moved -1, 11 time(s), now 8
  0x14EF ( 5359)  moved -1, 11 time(s), now 8
  0x1C82 ( 7298)  moved +1, 11 time(s), now 50
  0x1CBE ( 7358)  moved -1, 11 time(s), now 4
6 address(es) carried into phase B.

>>> NOW TURN AROUND AND WALK BACK THE SAME WAY, 8+ tiles. <<<
A coordinate now moves the OTHER way. A counter keeps going the same way and is dropped.
  [phase B] best run so far: 1 consistent steps, 14 seconds left
  [phase B] best run so far: 6 consistent steps, 12 seconds left
  [phase B] best run so far: 5 consistent steps, 10 seconds left
  [phase B] best run so far: 7 consistent steps, 8 seconds left
  [phase B] best run so far: 9 consistent steps, 6 seconds left
  [phase B] best run so far: 11 consistent steps, 4 seconds left
  [phase B] best run so far: 13 consistent steps, 2 seconds left
  [phase B] best run so far: 15 consistent steps, 0 seconds left
=== RESULT ===
CONFIRMED BY REVERSAL: 0x14ED (5357)  -1 then +1
    0x14E9-0x14F1:  00  00  00  0B [13]  0B  13  07  07
CONFIRMED BY REVERSAL: 0x14EF (5359)  -1 then +1
    0x14EB-0x14F3:  00  0B  13  0B [13]  07  07  00  E0
CONFIRMED BY REVERSAL: 0x1CBE (7358)  -1 then +1
    0x1CBA-0x1CC2:  00  02  18  04 [0F]  07  14  15  01
--- dropped in phase B (kept counting the same way, so not a coordinate) ---
  0x016B (  363)  phase A +1, phase B +1 x2
  0x14CD ( 5325)  phase A +1, phase B +1 x15
  0x1C82 ( 7298)  phase A +1, phase B +1 x11
Run again on the OTHER axis to tell wXCoord from wYCoord.
