=== MeshGhost Crystal/AP map + state probe (READ-ONLY) ===
Four phases on a countdown. Detail goes to the log file; console gets the summary.
1: OVERWORLD -- Stand still in the overworld.
  [1: OVERWORLD] 13 seconds left
  [1: OVERWORLD] 11 seconds left
  [1: OVERWORLD] 9 seconds left
  [1: OVERWORLD] 7 seconds left
  [1: OVERWORLD] 5 seconds left
  [1: OVERWORLD] 3 seconds left
  [1: OVERWORLD] 1 seconds left
2: ANOTHER MAP -- Go to a DIFFERENT map, then stand still.
  [2: ANOTHER MAP] 28 seconds left
  [2: ANOTHER MAP] 26 seconds left
  [2: ANOTHER MAP] 24 seconds left
  [2: ANOTHER MAP] 22 seconds left
  [2: ANOTHER MAP] 20 seconds left
  [2: ANOTHER MAP] 18 seconds left
  [2: ANOTHER MAP] 16 seconds left
  [2: ANOTHER MAP] 14 seconds left
  [2: ANOTHER MAP] 12 seconds left
  [2: ANOTHER MAP] 10 seconds left
  [2: ANOTHER MAP] 8 seconds left
  [2: ANOTHER MAP] 6 seconds left
  [2: ANOTHER MAP] 4 seconds left
  [2: ANOTHER MAP] 2 seconds left
  [2: ANOTHER MAP] 0 seconds left
3: IN A BATTLE -- Get into a battle and stay in it.
  [3: IN A BATTLE] 58 seconds left
  [3: IN A BATTLE] 56 seconds left
  [3: IN A BATTLE] 54 seconds left
  [3: IN A BATTLE] 52 seconds left
  [3: IN A BATTLE] 50 seconds left
  [3: IN A BATTLE] 48 seconds left
  [3: IN A BATTLE] 46 seconds left
  [3: IN A BATTLE] 44 seconds left
  [3: IN A BATTLE] 42 seconds left
  [3: IN A BATTLE] 40 seconds left
  [3: IN A BATTLE] 38 seconds left
  [3: IN A BATTLE] 36 seconds left
  [3: IN A BATTLE] 34 seconds left
  [3: IN A BATTLE] 32 seconds left
  [3: IN A BATTLE] 30 seconds left
  [3: IN A BATTLE] 28 seconds left
  [3: IN A BATTLE] 26 seconds left
  [3: IN A BATTLE] 24 seconds left
  [3: IN A BATTLE] 22 seconds left
  [3: IN A BATTLE] 20 seconds left
  [3: IN A BATTLE] 18 seconds left
  [3: IN A BATTLE] 16 seconds left
  [3: IN A BATTLE] 14 seconds left
  [3: IN A BATTLE] 12 seconds left
  [3: IN A BATTLE] 10 seconds left
  [3: IN A BATTLE] 8 seconds left
  [3: IN A BATTLE] 6 seconds left
  [3: IN A BATTLE] 4 seconds left
  [3: IN A BATTLE] 2 seconds left
  [3: IN A BATTLE] 0 seconds left
  captured the battle moment: 4941 bytes unlike the overworld
4: BACK OUT -- End the battle, stand still in the overworld.
  [4: BACK OUT] 28 seconds left
  [4: BACK OUT] 26 seconds left
  [4: BACK OUT] 24 seconds left
  [4: BACK OUT] 22 seconds left
  [4: BACK OUT] 20 seconds left
  [4: BACK OUT] 18 seconds left
  [4: BACK OUT] 16 seconds left
  [4: BACK OUT] 14 seconds left
  [4: BACK OUT] 12 seconds left
  [4: BACK OUT] 10 seconds left
  [4: BACK OUT] 8 seconds left
  [4: BACK OUT] 6 seconds left
  [4: BACK OUT] 4 seconds left
  [4: BACK OUT] 2 seconds left
  [4: BACK OUT] 0 seconds left
=== RESULT ===
wMapGroup / wMapNumber: 1057 candidate(s)
  Expect a PAIR of adjacent addresses, values small (map groups are single digits to ~26).
  0x0138 (  312)  overworld=0 map2=1 battle=1 after=1
  0x02D0 (  720)  overworld=1 map2=0 battle=0 after=0
  0x0824 ( 2084)  overworld=23 map2=0 battle=0 after=0
  0x0825 ( 2085)  overworld=8 map2=0 battle=0 after=0
  0x0826 ( 2086)  overworld=9 map2=0 battle=0 after=0
  0x0827 ( 2087)  overworld=4 map2=0 battle=0 after=0
  0x0828 ( 2088)  overworld=4 map2=0 battle=0 after=0
  0x082F ( 2095)  overworld=24 map2=0 battle=0 after=0
  0x0831 ( 2097)  overworld=1 map2=5 battle=5 after=5
  0x0832 ( 2098)  overworld=6 map2=5 battle=5 after=5
  0x0833 ( 2099)  overworld=7 map2=5 battle=5 after=5
  0x0838 ( 2104)  overworld=0 map2=5 battle=5 after=5
  0x0839 ( 2105)  overworld=0 map2=5 battle=5 after=5
  0x083A ( 2106)  overworld=1 map2=5 battle=5 after=5
  0x085B ( 2139)  overworld=1 map2=5 battle=5 after=5
  0x085C ( 2140)  overworld=1 map2=5 battle=5 after=5
  0x085D ( 2141)  overworld=2 map2=5 battle=5 after=5
  0x085E ( 2142)  overworld=1 map2=5 battle=5 after=5
  0x0880 ( 2176)  overworld=0 map2=5 battle=5 after=5
  0x0881 ( 2177)  overworld=0 map2=5 battle=5 after=5
  0x0882 ( 2178)  overworld=0 map2=5 battle=5 after=5
  0x0883 ( 2179)  overworld=0 map2=5 battle=5 after=5
  0x088C ( 2188)  overworld=0 map2=5 battle=5 after=5
  0x088D ( 2189)  overworld=0 map2=5 battle=5 after=5
  0x088E ( 2190)  overworld=0 map2=5 battle=5 after=5
  0x0892 ( 2194)  overworld=0 map2=5 battle=5 after=5
  0x089E ( 2206)  overworld=0 map2=5 battle=5 after=5
  0x08A2 ( 2210)  overworld=0 map2=5 battle=5 after=5
  0x08A3 ( 2211)  overworld=0 map2=5 battle=5 after=5
  0x08AC ( 2220)  overworld=0 map2=5 battle=5 after=5
  0x08AD ( 2221)  overworld=0 map2=5 battle=5 after=5
  0x08AE ( 2222)  overworld=0 map2=5 battle=5 after=5
  0x08B0 ( 2224)  overworld=0 map2=5 battle=5 after=5
  0x08B1 ( 2225)  overworld=0 map2=5 battle=5 after=5
  0x08B4 ( 2228)  overworld=0 map2=5 battle=5 after=5
  0x08B5 ( 2229)  overworld=0 map2=5 battle=5 after=5
  0x08B6 ( 2230)  overworld=0 map2=5 battle=5 after=5
  0x08B7 ( 2231)  overworld=0 map2=5 battle=5 after=5
  0x08BB ( 2235)  overworld=0 map2=5 battle=5 after=5
  0x0D20 ( 3360)  overworld=16 map2=6 battle=6 after=6
  0x0D21 ( 3361)  overworld=16 map2=6 battle=6 after=6
  0x0D22 ( 3362)  overworld=16 map2=6 battle=6 after=6
  0x0D23 ( 3363)  overworld=16 map2=6 battle=6 after=6
  0x0D24 ( 3364)  overworld=16 map2=6 battle=6 after=6
  0x0D25 ( 3365)  overworld=16 map2=6 battle=6 after=6
  0x0D26 ( 3366)  overworld=5 map2=6 battle=6 after=6
  0x0D4E ( 3406)  overworld=8 map2=0 battle=0 after=0
  0x0D4F ( 3407)  overworld=8 map2=0 battle=0 after=0
  0x0D71 ( 3441)  overworld=155 map2=154 battle=154 after=154
  0x0D73 ( 3443)  overworld=155 map2=154 battle=154 after=154
  0x0D75 ( 3445)  overworld=155 map2=154 battle=154 after=154
  0x0D77 ( 3447)  overworld=155 map2=154 battle=154 after=154
  0x0D79 ( 3449)  overworld=155 map2=154 battle=154 after=154
  0x0D7B ( 3451)  overworld=155 map2=154 battle=154 after=154
  0x0DD9 ( 3545)  overworld=5 map2=2 battle=2 after=2
  0x0DDA ( 3546)  overworld=5 map2=2 battle=2 after=2
  0x0DED ( 3565)  overworld=5 map2=2 battle=2 after=2
  0x0DEE ( 3566)  overworld=5 map2=2 battle=2 after=2
  0x0E01 ( 3585)  overworld=0 map2=2 battle=2 after=2
  0x0E02 ( 3586)  overworld=0 map2=2 battle=2 after=2
  0x0E15 ( 3605)  overworld=0 map2=2 battle=2 after=2
  0x0E16 ( 3606)  overworld=0 map2=2 battle=2 after=2
  0x114F ( 4431)  overworld=5 map2=4 battle=4 after=4
  0x1152 ( 4434)  overworld=4 map2=5 battle=5 after=5
  0x115A ( 4442)  overworld=155 map2=152 battle=152 after=152
  0x115D ( 4445)  overworld=16 map2=4 battle=4 after=4
  0x115F ( 4447)  overworld=60 map2=41 battle=41 after=41
  0x1161 ( 4449)  overworld=84 map2=58 battle=58 after=58
  0x1163 ( 4451)  overworld=67 map2=35 battle=35 after=35
  0x1164 ( 4452)  overworld=40 map2=48 battle=48 after=48
  0x1165 ( 4453)  overworld=0 map2=39 battle=39 after=39
  0x1166 ( 4454)  overworld=0 map2=60 battle=60 after=60
  0x1167 ( 4455)  overworld=0 map2=76 battle=76 after=76
  0x1168 ( 4456)  overworld=0 map2=72 battle=72 after=72
  0x1169 ( 4457)  overworld=0 map2=47 battle=47 after=47
  0x116A ( 4458)  overworld=0 map2=84 battle=84 after=84
  0x116B ( 4459)  overworld=0 map2=37 battle=37 after=37
  0x116C ( 4460)  overworld=0 map2=96 battle=96 after=96
  0x116D ( 4461)  overworld=0 map2=36 battle=36 after=36
  0x116E ( 4462)  overworld=0 map2=108 battle=108 after=108
  0x116F ( 4463)  overworld=0 map2=84 battle=84 after=84
  0x1170 ( 4464)  overworld=0 map2=120 battle=120 after=120
  0x1171 ( 4465)  overworld=0 map2=93 battle=93 after=93
  0x1172 ( 4466)  overworld=0 map2=124 battle=124 after=124
  0x11A0 ( 4512)  overworld=10 map2=1 battle=1 after=1
  0x11A4 ( 4516)  overworld=0 map2=5 battle=5 after=5
  0x11A5 ( 4517)  overworld=6 map2=9 battle=9 after=9
  0x11D4 ( 4564)  overworld=255 map2=24 battle=24 after=24
  0x11E0 ( 4576)  overworld=8 map2=6 battle=6 after=6
  0x11E1 ( 4577)  overworld=225 map2=6 battle=6 after=6
  0x11E2 ( 4578)  overworld=75 map2=72 battle=72 after=72
  0x11E3 ( 4579)  overworld=8 map2=6 battle=6 after=6
  0x11E4 ( 4580)  overworld=225 map2=14 battle=14 after=14
  0x11E5 ( 4581)  overworld=83 map2=84 battle=84 after=84
  0x11E6 ( 4582)  overworld=8 map2=6 battle=6 after=6
  0x11E7 ( 4583)  overworld=225 map2=14 battle=14 after=14
  0x11E8 ( 4584)  overworld=87 map2=92 battle=92 after=92
  0x11E9 ( 4585)  overworld=35 map2=215 battle=215 after=215
  0x11EA ( 4586)  overworld=67 map2=64 battle=64 after=64
  0x11ED ( 4589)  overworld=245 map2=229 battle=229 after=229
  0x11EE ( 4590)  overworld=67 map2=64 battle=64 after=64
  0x1505 ( 5381)  overworld=2 map2=1 battle=1 after=1
  0x150A ( 5386)  overworld=1 map2=0 battle=0 after=0
  0x1510 ( 5392)  overworld=0 map2=1 battle=1 after=1
  0x1530 ( 5424)  overworld=12 map2=0 battle=0 after=0
  0x153A ( 5434)  overworld=7 map2=0 battle=0 after=0
  0x153B ( 5435)  overworld=7 map2=0 battle=0 after=0
  0x1558 ( 5464)  overworld=12 map2=0 battle=0 after=0
  0x1562 ( 5474)  overworld=7 map2=0 battle=0 after=0
  0x1563 ( 5475)  overworld=7 map2=0 battle=0 after=0
  0x1570 ( 5488)  overworld=1 map2=0 battle=0 after=0
  0x1704 ( 5892)  overworld=255 map2=1 battle=1 after=1
  0x1708 ( 5896)  overworld=6 map2=3 battle=3 after=3
  0x1718 ( 5912)  overworld=3 map2=4 battle=4 after=4
  0x1719 ( 5913)  overworld=0 map2=16 battle=16 after=16
  0x171C ( 5916)  overworld=144 map2=160 battle=160 after=160
  0x1720 ( 5920)  overworld=181 map2=255 battle=255 after=255
  0x1721 ( 5921)  overworld=6 map2=255 battle=255 after=255
  0x1734 ( 5940)  overworld=2 map2=255 battle=255 after=255
  0x1744 ( 5956)  overworld=3 map2=255 battle=255 after=255
  0x17F7 ( 6135)  overworld=255 map2=0 battle=0 after=0
  0x1819 ( 6169)  overworld=85 map2=228 battle=228 after=228
  0x1C35 ( 7221)  overworld=8 map2=2 battle=2 after=2
  0x1C3E ( 7230)  overworld=6 map2=2 battle=2 after=2
  0x1CCA ( 7370)  overworld=4 map2=5 battle=5 after=5
  0x600C (24588)  overworld=255 map2=0 battle=0 after=0
  0x601E (24606)  overworld=0 map2=127 battle=127 after=127
  0x6100 (24832)  overworld=255 map2=127 battle=127 after=127
  0x6101 (24833)  overworld=0 map2=127 battle=127 after=127
  0x613B (24891)  overworld=255 map2=127 battle=127 after=127
  0x6165 (24933)  overworld=0 map2=72 battle=72 after=72
  0x6273 (25203)  overworld=255 map2=127 battle=127 after=127
  0x6297 (25239)  overworld=159 map2=127 battle=127 after=127
  0x629D (25245)  overworld=255 map2=127 battle=127 after=127
  0x635C (25436)  overworld=128 map2=127 battle=127 after=127
  0x635E (25438)  overworld=255 map2=127 battle=127 after=127
  0x6373 (25459)  overworld=0 map2=127 battle=127 after=127
  0x6375 (25461)  overworld=0 map2=127 battle=127 after=127
  0x6377 (25463)  overworld=239 map2=127 battle=127 after=127
  0x6390 (25488)  overworld=39 map2=127 battle=127 after=127
  0x6393 (25491)  overworld=255 map2=127 battle=127 after=127
  0x6395 (25493)  overworld=255 map2=127 battle=127 after=127
  0x6397 (25495)  overworld=255 map2=127 battle=127 after=127
  0x639B (25499)  overworld=255 map2=127 battle=127 after=127
  0x639C (25500)  overworld=129 map2=127 battle=127 after=127
  0x639D (25501)  overworld=255 map2=127 battle=127 after=127
  0x63E3 (25571)  overworld=0 map2=127 battle=127 after=127
  0x63E8 (25576)  overworld=255 map2=127 battle=127 after=127
  0x642A (25642)  overworld=207 map2=1 battle=1 after=1
  0x6434 (25652)  overworld=255 map2=0 battle=0 after=0
  0x643C (25660)  overworld=255 map2=0 battle=0 after=0
  0x643E (25662)  overworld=128 map2=0 battle=0 after=0
  0x6481 (25729)  overworld=255 map2=0 battle=0 after=0
  0x6489 (25737)  overworld=255 map2=0 battle=0 after=0
  0x648B (25739)  overworld=255 map2=1 battle=1 after=1
  0x649C (25756)  overworld=205 map2=0 battle=0 after=0
  0x649E (25758)  overworld=13 map2=0 battle=0 after=0
  0x64E0 (25824)  overworld=255 map2=0 battle=0 after=0
  0x64E1 (25825)  overworld=192 map2=0 battle=0 after=0
  0x64E4 (25828)  overworld=159 map2=0 battle=0 after=0
  0x64F4 (25844)  overworld=249 map2=0 battle=0 after=0
  0x6522 (25890)  overworld=56 map2=0 battle=0 after=0
  0x6526 (25894)  overworld=83 map2=0 battle=0 after=0
  0x6536 (25910)  overworld=255 map2=0 battle=0 after=0
  0x653A (25914)  overworld=255 map2=0 battle=0 after=0
  0x653E (25918)  overworld=255 map2=0 battle=0 after=0
  0x659A (26010)  overworld=200 map2=0 battle=0 after=0
  0x659C (26012)  overworld=232 map2=0 battle=0 after=0
  0x659E (26014)  overworld=240 map2=0 battle=0 after=0
  0x65FE (26110)  overworld=253 map2=0 battle=0 after=0
  0x65FF (26111)  overworld=255 map2=0 battle=0 after=0
  0x6614 (26132)  overworld=255 map2=0 battle=0 after=0
  0x6618 (26136)  overworld=223 map2=0 battle=0 after=0
  0x661A (26138)  overworld=128 map2=0 battle=0 after=0
  0x661C (26140)  overworld=56 map2=0 battle=0 after=0
  0x6640 (26176)  overworld=247 map2=254 battle=254 after=254
  0x6641 (26177)  overworld=12 map2=0 battle=0 after=0
  0x6642 (26178)  overworld=15 map2=254 battle=254 after=254
  0x6643 (26179)  overworld=244 map2=0 battle=0 after=0
  0x6644 (26180)  overworld=247 map2=0 battle=0 after=0
  0x6645 (26181)  overworld=252 map2=0 battle=0 after=0
  0x6646 (26182)  overworld=20 map2=239 battle=239 after=239
  0x6647 (26183)  overworld=255 map2=0 battle=0 after=0
  0x6648 (26184)  overworld=255 map2=239 battle=239 after=239
  0x6649 (26185)  overworld=252 map2=0 battle=0 after=0
  0x664A (26186)  overworld=227 map2=0 battle=0 after=0
  0x664B (26187)  overworld=18 map2=0 battle=0 after=0
  0x664C (26188)  overworld=245 map2=255 battle=255 after=255
  0x664D (26189)  overworld=11 map2=255 battle=255 after=255
  0x664E (26190)  overworld=253 map2=190 battle=190 after=190
  0x664F (26191)  overworld=11 map2=255 battle=255 after=255
  0x6650 (26192)  overworld=255 map2=254 battle=254 after=254
  0x6652 (26194)  overworld=255 map2=254 battle=254 after=254
  0x6654 (26196)  overworld=255 map2=0 battle=0 after=0
  0x6656 (26198)  overworld=31 map2=239 battle=239 after=239
  0x6657 (26199)  overworld=255 map2=0 battle=0 after=0
  0x6658 (26200)  overworld=240 map2=239 battle=239 after=239
  0x6659 (26201)  overworld=32 map2=0 battle=0 after=0
  0x665A (26202)  overworld=239 map2=0 battle=0 after=0
  0x665B (26203)  overworld=32 map2=0 battle=0 after=0
  0x665C (26204)  overworld=236 map2=255 battle=255 after=255
  0x665D (26205)  overworld=35 map2=255 battle=255 after=255
  0x665E (26206)  overworld=44 map2=127 battle=127 after=127
  0x665F (26207)  overworld=226 map2=255 battle=255 after=255
  0x6660 (26208)  overworld=255 map2=254 battle=254 after=254
  0x6662 (26210)  overworld=255 map2=254 battle=254 after=254
  0x6664 (26212)  overworld=255 map2=0 battle=0 after=0
  0x6666 (26214)  overworld=248 map2=239 battle=239 after=239
  0x6667 (26215)  overworld=255 map2=0 battle=0 after=0
  0x6668 (26216)  overworld=15 map2=239 battle=239 after=239
  0x6669 (26217)  overworld=4 map2=0 battle=0 after=0
  0x666A (26218)  overworld=247 map2=0 battle=0 after=0
  0x666B (26219)  overworld=12 map2=0 battle=0 after=0
  0x666C (26220)  overworld=55 map2=255 battle=255 after=255
  0x666D (26221)  overworld=140 map2=255 battle=255 after=255
  0x666E (26222)  overworld=52 map2=254 battle=254 after=254
  0x666F (26223)  overworld=15 map2=255 battle=255 after=255
  0x6670 (26224)  overworld=106 map2=254 battle=254 after=254
  0x6671 (26225)  overworld=255 map2=0 battle=0 after=0
  0x6672 (26226)  overworld=181 map2=254 battle=254 after=254
  0x6673 (26227)  overworld=255 map2=0 battle=0 after=0
  0x6674 (26228)  overworld=223 map2=0 battle=0 after=0
  0x6675 (26229)  overworld=255 map2=0 battle=0 after=0
  0x6676 (26230)  overworld=71 map2=239 battle=239 after=239
  0x6677 (26231)  overworld=255 map2=0 battle=0 after=0
  0x6678 (26232)  overworld=64 map2=239 battle=239 after=239
  0x6679 (26233)  overworld=255 map2=0 battle=0 after=0
  0x667A (26234)  overworld=96 map2=0 battle=0 after=0
  0x667B (26235)  overworld=223 map2=0 battle=0 after=0
  0x667C (26236)  overworld=224 map2=255 battle=255 after=255
  0x667D (26237)  overworld=223 map2=255 battle=255 after=255
  0x667E (26238)  overworld=176 map2=127 battle=127 after=127
  0x667F (26239)  overworld=207 map2=253 battle=253 after=253
  0x6680 (26240)  overworld=171 map2=50 battle=50 after=50
  0x6681 (26241)  overworld=255 map2=2 battle=2 after=2
  0x6682 (26242)  overworld=87 map2=54 battle=54 after=54
  0x6683 (26243)  overworld=255 map2=2 battle=2 after=2
  0x6684 (26244)  overworld=187 map2=46 battle=46 after=46
  0x6685 (26245)  overworld=255 map2=2 battle=2 after=2
  0x6686 (26246)  overworld=227 map2=30 battle=30 after=30
  0x6687 (26247)  overworld=255 map2=4 battle=4 after=4
  0x6688 (26248)  overworld=3 map2=30 battle=30 after=30
  0x6689 (26249)  overworld=255 map2=12 battle=12 after=12
  0x668A (26250)  overworld=3 map2=22 battle=22 after=22
  0x668B (26251)  overworld=255 map2=28 battle=28 after=28
  0x668C (26252)  overworld=3 map2=62 battle=62 after=62
  0x668D (26253)  overworld=255 map2=52 battle=52 after=52
  0x668E (26254)  overworld=1 map2=62 battle=62 after=62
  0x668F (26255)  overworld=255 map2=52 battle=52 after=52
  0x6690 (26256)  overworld=85 map2=108 battle=108 after=108
  0x6691 (26257)  overworld=255 map2=60 battle=60 after=60
  0x6692 (26258)  overworld=170 map2=108 battle=108 after=108
  0x6693 (26259)  overworld=255 map2=60 battle=60 after=60
  0x6694 (26260)  overworld=255 map2=108 battle=108 after=108
  0x6695 (26261)  overworld=255 map2=60 battle=60 after=60
  0x6696 (26262)  overworld=0 map2=100 battle=100 after=100
  0x6697 (26263)  overworld=255 map2=60 battle=60 after=60
  0x6698 (26264)  overworld=0 map2=92 battle=92 after=92
  0x6699 (26265)  overworld=255 map2=84 battle=84 after=84
  0x669A (26266)  overworld=0 map2=108 battle=108 after=108
  0x669B (26267)  overworld=255 map2=76 battle=76 after=76
  0x669C (26268)  overworld=255 map2=100 battle=100 after=100
  0x669D (26269)  overworld=255 map2=68 battle=68 after=68
  0x669E (26270)  overworld=255 map2=104 battle=104 after=104
  0x669F (26271)  overworld=255 map2=64 battle=64 after=64
  0x66A0 (26272)  overworld=129 map2=191 battle=191 after=191
  0x66A1 (26273)  overworld=127 map2=254 battle=254 after=254
  0x66A2 (26274)  overworld=129 map2=190 battle=190 after=190
  0x66A3 (26275)  overworld=127 map2=254 battle=254 after=254
  0x66A4 (26276)  overworld=129 map2=190 battle=190 after=190
  0x66A5 (26277)  overworld=127 map2=254 battle=254 after=254
  0x66A6 (26278)  overworld=129 map2=190 battle=190 after=190
  0x66A7 (26279)  overworld=127 map2=254 battle=254 after=254
  0x66A8 (26280)  overworld=129 map2=130 battle=130 after=130
  0x66A9 (26281)  overworld=127 map2=254 battle=254 after=254
  0x66AA (26282)  overworld=129 map2=190 battle=190 after=190
  0x66AB (26283)  overworld=127 map2=194 battle=194 after=194
  0x66AC (26284)  overworld=129 map2=255 battle=255 after=255
  0x66AD (26285)  overworld=127 map2=129 battle=129 after=129
  0x66AE (26286)  overworld=129 map2=255 battle=255 after=255
  0x66AF (26287)  overworld=127 map2=255 battle=255 after=255
  0x66B0 (26288)  overworld=170 map2=255 battle=255 after=255
  0x66B1 (26289)  overworld=255 map2=126 battle=126 after=126
  0x66B2 (26290)  overworld=85 map2=254 battle=254 after=254
  0x66B3 (26291)  overworld=255 map2=126 battle=126 after=126
  0x66B4 (26292)  overworld=191 map2=254 battle=254 after=254
  0x66B5 (26293)  overworld=255 map2=126 battle=126 after=126
  0x66B6 (26294)  overworld=214 map2=254 battle=254 after=254
  0x66B7 (26295)  overworld=191 map2=126 battle=126 after=126
  0x66B8 (26296)  overworld=104 map2=254 battle=254 after=254
  0x66B9 (26297)  overworld=223 map2=126 battle=126 after=126
  0x66BA (26298)  overworld=112 map2=254 battle=254 after=254
  0x66BB (26299)  overworld=207 map2=66 battle=66 after=66
  0x66BC (26300)  overworld=240 map2=255 battle=255 after=255
  0x66BD (26301)  overworld=239 map2=129 battle=129 after=129
  0x66BE (26302)  overworld=224 map2=255 battle=255 after=255
  0x66C0 (26304)  overworld=170 map2=255 battle=255 after=255
  0x66C1 (26305)  overworld=255 map2=127 battle=127 after=127
  0x66C2 (26306)  overworld=87 map2=255 battle=255 after=255
  0x66C3 (26307)  overworld=255 map2=127 battle=127 after=127
  0x66C4 (26308)  overworld=253 map2=255 battle=255 after=255
  0x66C5 (26309)  overworld=255 map2=127 battle=127 after=127
  0x66C6 (26310)  overworld=107 map2=255 battle=255 after=255
  0x66C7 (26311)  overworld=253 map2=127 battle=127 after=127
  0x66C8 (26312)  overworld=22 map2=192 battle=192 after=192
  0x66C9 (26313)  overworld=251 map2=127 battle=127 after=127
  0x66CA (26314)  overworld=14 map2=255 battle=255 after=255
  0x66CB (26315)  overworld=243 map2=64 battle=64 after=64
  0x66CC (26316)  overworld=7 map2=255 battle=255 after=255
  0x66CD (26317)  overworld=255 map2=128 battle=128 after=128
  0x66CE (26318)  overworld=7 map2=255 battle=255 after=255
  0x66D0 (26320)  overworld=192 map2=255 battle=255 after=255
  0x66D1 (26321)  overworld=255 map2=254 battle=254 after=254
  0x66D2 (26322)  overworld=226 map2=254 battle=254 after=254
  0x66D3 (26323)  overworld=253 map2=254 battle=254 after=254
  0x66D4 (26324)  overworld=181 map2=254 battle=254 after=254
  0x66D5 (26325)  overworld=234 map2=254 battle=254 after=254
  0x66D6 (26326)  overworld=106 map2=254 battle=254 after=254
  0x66D7 (26327)  overworld=245 map2=254 battle=254 after=254
  0x66D8 (26328)  overworld=51 map2=2 battle=2 after=2
  0x66D9 (26329)  overworld=240 map2=254 battle=254 after=254
  0x66DA (26330)  overworld=184 map2=254 battle=254 after=254
  0x66DB (26331)  overworld=112 map2=2 battle=2 after=2
  0x66DC (26332)  overworld=182 map2=255 battle=255 after=255
  0x66DD (26333)  overworld=122 map2=1 battle=1 after=1
  0x66DE (26334)  overworld=162 map2=255 battle=255 after=255
  0x66DF (26335)  overworld=116 map2=255 battle=255 after=255
  0x66E0 (26336)  overworld=3 map2=255 battle=255 after=255
  0x66E1 (26337)  overworld=255 map2=125 battle=125 after=125
  0x66E2 (26338)  overworld=135 map2=255 battle=255 after=255
  0x66E3 (26339)  overworld=127 map2=125 battle=125 after=125
  0x66E4 (26340)  overworld=86 map2=255 battle=255 after=255
  0x66E5 (26341)  overworld=175 map2=125 battle=125 after=125
  0x66E6 (26342)  overworld=165 map2=255 battle=255 after=255
  0x66E7 (26343)  overworld=95 map2=125 battle=125 after=125
  0x66E8 (26344)  overworld=254 map2=195 battle=195 after=195
  0x66E9 (26345)  overworld=15 map2=125 battle=125 after=125
  0x66EA (26346)  overworld=29 map2=255 battle=255 after=255
  0x66EB (26347)  overworld=15 map2=65 battle=65 after=65
  0x66EC (26348)  overworld=109 map2=255 battle=255 after=255
  0x66ED (26349)  overworld=95 map2=129 battle=129 after=129
  0x66EE (26350)  overworld=69 map2=255 battle=255 after=255
  0x66EF (26351)  overworld=47 map2=255 battle=255 after=255
  0x66F0 (26352)  overworld=255 map2=62 battle=62 after=62
  0x66F1 (26353)  overworld=255 map2=52 battle=52 after=52
  0x66F2 (26354)  overworld=255 map2=62 battle=62 after=62
  0x66F3 (26355)  overworld=255 map2=52 battle=52 after=52
  0x66F4 (26356)  overworld=255 map2=62 battle=62 after=62
  0x66F5 (26357)  overworld=255 map2=52 battle=52 after=52
  0x66F6 (26358)  overworld=255 map2=46 battle=46 after=46
  0x66F7 (26359)  overworld=255 map2=52 battle=52 after=52
  0x66F8 (26360)  overworld=255 map2=42 battle=42 after=42
  0x66F9 (26361)  overworld=255 map2=58 battle=58 after=58
  0x66FA (26362)  overworld=250 map2=54 battle=54 after=54
  0x66FB (26363)  overworld=255 map2=50 battle=50 after=50
  0x66FC (26364)  overworld=245 map2=38 battle=38 after=38
  0x66FD (26365)  overworld=255 map2=34 battle=34 after=34
  0x66FE (26366)  overworld=224 map2=22 battle=22 after=22
  0x66FF (26367)  overworld=255 map2=2 battle=2 after=2
  0x6700 (26368)  overworld=0 map2=76 battle=76 after=76
  0x6701 (26369)  overworld=0 map2=64 battle=64 after=64
  0x6702 (26370)  overworld=0 map2=108 battle=108 after=108
  0x6703 (26371)  overworld=0 map2=64 battle=64 after=64
  0x6704 (26372)  overworld=0 map2=116 battle=116 after=116
  0x6705 (26373)  overworld=0 map2=64 battle=64 after=64
  0x6706 (26374)  overworld=0 map2=120 battle=120 after=120
  0x6707 (26375)  overworld=0 map2=32 battle=32 after=32
  0x6708 (26376)  overworld=0 map2=120 battle=120 after=120
  0x6709 (26377)  overworld=0 map2=16 battle=16 after=16
  0x670A (26378)  overworld=0 map2=120 battle=120 after=120
  0x670B (26379)  overworld=0 map2=24 battle=24 after=24
  0x670C (26380)  overworld=0 map2=116 battle=116 after=116
  0x670D (26381)  overworld=0 map2=20 battle=20 after=20
  0x670E (26382)  overworld=0 map2=115 battle=115 after=115
  0x670F (26383)  overworld=0 map2=19 battle=19 after=19
  0x6710 (26384)  overworld=182 map2=0 battle=0 after=0
  0x6711 (26385)  overworld=137 map2=0 battle=0 after=0
  0x6712 (26386)  overworld=183 map2=254 battle=254 after=254
  0x6713 (26387)  overworld=137 map2=0 battle=0 after=0
  0x6714 (26388)  overworld=183 map2=254 battle=254 after=254
  0x6715 (26389)  overworld=137 map2=0 battle=0 after=0
  0x6716 (26390)  overworld=183 map2=0 battle=0 after=0
  0x6717 (26391)  overworld=136 map2=0 battle=0 after=0
  0x6718 (26392)  overworld=191 map2=239 battle=239 after=239
  0x6719 (26393)  overworld=135 map2=0 battle=0 after=0
  0x671A (26394)  overworld=191 map2=239 battle=239 after=239
  0x671B (26395)  overworld=128 map2=0 battle=0 after=0
  0x671C (26396)  overworld=191 map2=0 battle=0 after=0
  0x671D (26397)  overworld=128 map2=0 battle=0 after=0
  0x671E (26398)  overworld=191 map2=255 battle=255 after=255
  0x671F (26399)  overworld=128 map2=255 battle=255 after=255
  0x6720 (26400)  overworld=63 map2=50 battle=50 after=50
  0x6721 (26401)  overworld=20 map2=2 battle=2 after=2
  0x6722 (26402)  overworld=63 map2=54 battle=54 after=54
  0x6723 (26403)  overworld=20 map2=2 battle=2 after=2
  0x6724 (26404)  overworld=255 map2=46 battle=46 after=46
  0x6725 (26405)  overworld=84 map2=2 battle=2 after=2
  0x6726 (26406)  overworld=255 map2=30 battle=30 after=30
  0x6727 (26407)  overworld=228 map2=4 battle=4 after=4
  0x6728 (26408)  overworld=191 map2=30 battle=30 after=30
  0x6729 (26409)  overworld=248 map2=8 battle=8 after=8
  0x672A (26410)  overworld=191 map2=30 battle=30 after=30
  0x672B (26411)  overworld=64 map2=24 battle=24 after=24
  0x672C (26412)  overworld=126 map2=46 battle=46 after=46
  0x672D (26413)  overworld=129 map2=104 battle=104 after=104
  0x672E (26414)  overworld=125 map2=206 battle=206 after=206
  0x672F (26415)  overworld=131 map2=200 battle=200 after=200
  0x6730 (26416)  overworld=255 map2=254 battle=254 after=254
  0x6731 (26417)  overworld=128 map2=0 battle=0 after=0
  0x6732 (26418)  overworld=192 map2=254 battle=254 after=254
  0x6733 (26419)  overworld=154 map2=0 battle=0 after=0
  0x6734 (26420)  overworld=197 map2=0 battle=0 after=0
  0x6735 (26421)  overworld=160 map2=0 battle=0 after=0
  0x6736 (26422)  overworld=208 map2=239 battle=239 after=239
  0x6737 (26423)  overworld=138 map2=0 battle=0 after=0
  0x6738 (26424)  overworld=127 map2=239 battle=239 after=239
  0x6739 (26425)  overworld=128 map2=0 battle=0 after=0
  0x673A (26426)  overworld=191 map2=0 battle=0 after=0
  0x673B (26427)  overworld=127 map2=0 battle=0 after=0
  0x673D (26429)  overworld=128 map2=255 battle=255 after=255
  0x673E (26430)  overworld=192 map2=126 battle=126 after=126
  0x673F (26431)  overworld=0 map2=255 battle=255 after=255
  0x6740 (26432)  overworld=253 map2=21 battle=21 after=21
  0x6741 (26433)  overworld=11 map2=31 battle=31 after=31
  0x6742 (26434)  overworld=29 map2=21 battle=21 after=21
  0x6743 (26435)  overworld=171 map2=31 battle=31 after=31
  0x6744 (26436)  overworld=93 map2=31 battle=31 after=31
  0x6745 (26437)  overworld=11 map2=21 battle=21 after=21
  0x6746 (26438)  overworld=61 map2=31 battle=31 after=31
  0x6747 (26439)  overworld=139 map2=21 battle=21 after=21
  0x6748 (26440)  overworld=245 map2=31 battle=31 after=31
  0x6749 (26441)  overworld=11 map2=31 battle=31 after=31
  0x674A (26442)  overworld=237 map2=0 battle=0 after=0
  0x674B (26443)  overworld=243 map2=0 battle=0 after=0
  0x674C (26444)  overworld=253 map2=0 battle=0 after=0
  0x674D (26445)  overworld=11 map2=0 battle=0 after=0
  0x674E (26446)  overworld=29 map2=0 battle=0 after=0
  0x674F (26447)  overworld=7 map2=0 battle=0 after=0
  0x6750 (26448)  overworld=255 map2=0 battle=0 after=0
  0x6751 (26449)  overworld=255 map2=0 battle=0 after=0
  0x6752 (26450)  overworld=255 map2=0 battle=0 after=0
  0x6753 (26451)  overworld=255 map2=0 battle=0 after=0
  0x6754 (26452)  overworld=255 map2=0 battle=0 after=0
  0x6755 (26453)  overworld=255 map2=0 battle=0 after=0
  0x6756 (26454)  overworld=255 map2=0 battle=0 after=0
  0x6757 (26455)  overworld=255 map2=0 battle=0 after=0
  0x6758 (26456)  overworld=255 map2=0 battle=0 after=0
  0x6759 (26457)  overworld=255 map2=0 battle=0 after=0
  0x675A (26458)  overworld=254 map2=0 battle=0 after=0
  0x675B (26459)  overworld=255 map2=0 battle=0 after=0
  0x675C (26460)  overworld=245 map2=0 battle=0 after=0
  0x675D (26461)  overworld=255 map2=0 battle=0 after=0
  0x675E (26462)  overworld=170 map2=0 battle=0 after=0
  0x675F (26463)  overworld=255 map2=0 battle=0 after=0
  0x6760 (26464)  overworld=255 map2=168 battle=168 after=168
  0x6761 (26465)  overworld=255 map2=248 battle=248 after=248
  0x6762 (26466)  overworld=255 map2=168 battle=168 after=168
  0x6763 (26467)  overworld=255 map2=248 battle=248 after=248
  0x6764 (26468)  overworld=255 map2=248 battle=248 after=248
  0x6765 (26469)  overworld=255 map2=168 battle=168 after=168
  0x6766 (26470)  overworld=255 map2=248 battle=248 after=248
  0x6767 (26471)  overworld=255 map2=168 battle=168 after=168
  0x6768 (26472)  overworld=255 map2=248 battle=248 after=248
  0x6769 (26473)  overworld=255 map2=248 battle=248 after=248
  0x676A (26474)  overworld=191 map2=0 battle=0 after=0
  0x676B (26475)  overworld=255 map2=0 battle=0 after=0
  0x676C (26476)  overworld=95 map2=0 battle=0 after=0
  0x676D (26477)  overworld=255 map2=0 battle=0 after=0
  0x676E (26478)  overworld=15 map2=0 battle=0 after=0
  0x676F (26479)  overworld=255 map2=0 battle=0 after=0
  0x6770 (26480)  overworld=192 map2=112 battle=112 after=112
  0x6771 (26481)  overworld=191 map2=26 battle=26 after=26
  0x6772 (26482)  overworld=192 map2=112 battle=112 after=112
  0x6773 (26483)  overworld=191 map2=30 battle=30 after=30
  0x6774 (26484)  overworld=128 map2=116 battle=116 after=116
  0x6775 (26485)  overworld=255 map2=27 battle=27 after=27
  0x6776 (26486)  overworld=192 map2=117 battle=117 after=117
  0x6777 (26487)  overworld=255 map2=26 battle=26 after=26
  0x6778 (26488)  overworld=212 map2=117 battle=117 after=117
  0x6779 (26489)  overworld=255 map2=26 battle=26 after=26
  0x677A (26490)  overworld=234 map2=109 battle=109 after=109
  0x677B (26491)  overworld=223 map2=26 battle=26 after=26
  0x677C (26492)  overworld=224 map2=119 battle=119 after=119
  0x677D (26493)  overworld=223 map2=15 battle=15 after=15
  0x677E (26494)  overworld=240 map2=127 battle=127 after=127
  0x677F (26495)  overworld=207 map2=0 battle=0 after=0
  0x6780 (26496)  overworld=1 map2=0 battle=0 after=0
  0x6781 (26497)  overworld=255 map2=0 battle=0 after=0
  0x6782 (26498)  overworld=1 map2=0 battle=0 after=0
  0x6783 (26499)  overworld=255 map2=0 battle=0 after=0
  0x6784 (26500)  overworld=1 map2=0 battle=0 after=0
  0x6786 (26502)  overworld=3 map2=85 battle=85 after=85
  0x6787 (26503)  overworld=255 map2=170 battle=170 after=170
  0x6788 (26504)  overworld=43 map2=85 battle=85 after=85
  0x6789 (26505)  overworld=255 map2=170 battle=170 after=170
  0x678A (26506)  overworld=19 map2=85 battle=85 after=85
  0x678B (26507)  overworld=255 map2=170 battle=170 after=170
  0x678C (26508)  overworld=3 map2=255 battle=255 after=255
  0x678E (26510)  overworld=3 map2=255 battle=255 after=255
  0x678F (26511)  overworld=255 map2=0 battle=0 after=0
  0x6790 (26512)  overworld=255 map2=14 battle=14 after=14
  0x6791 (26513)  overworld=255 map2=88 battle=88 after=88
  0x6792 (26514)  overworld=254 map2=14 battle=14 after=14
  0x6793 (26515)  overworld=255 map2=120 battle=120 after=120
  0x6794 (26516)  overworld=253 map2=46 battle=46 after=46
  0x6795 (26517)  overworld=255 map2=216 battle=216 after=216
  0x6796 (26518)  overworld=250 map2=46 battle=46 after=46
  0x6797 (26519)  overworld=255 map2=216 battle=216 after=216
  0x6798 (26520)  overworld=245 map2=46 battle=46 after=46
  0x6799 (26521)  overworld=255 map2=216 battle=216 after=216
  0x679A (26522)  overworld=250 map2=54 battle=54 after=54
  0x679B (26523)  overworld=255 map2=216 battle=216 after=216
  0x679C (26524)  overworld=245 map2=238 battle=238 after=238
  0x679D (26525)  overworld=255 map2=240 battle=240 after=240
  0x679E (26526)  overworld=250 map2=254 battle=254 after=254
  0x679F (26527)  overworld=255 map2=0 battle=0 after=0
  0x67A0 (26528)  overworld=95 map2=21 battle=21 after=21
  0x67A1 (26529)  overworld=255 map2=0 battle=0 after=0
  0x67A2 (26530)  overworld=191 map2=170 battle=170 after=170
  0x67A3 (26531)  overworld=255 map2=65 battle=65 after=65
  0x67A4 (26532)  overworld=95 map2=247 battle=247 after=247
  0x67A5 (26533)  overworld=255 map2=8 battle=8 after=8
  0x67A6 (26534)  overworld=191 map2=255 battle=255 after=255
  0x67A7 (26535)  overworld=255 map2=0 battle=0 after=0
  0x67A8 (26536)  overworld=95 map2=127 battle=127 after=127
  0x67A9 (26537)  overworld=255 map2=128 battle=128 after=128
  0x67AA (26538)  overworld=191 map2=254 battle=254 after=254
  0x67AB (26539)  overworld=255 map2=1 battle=1 after=1
  0x67AC (26540)  overworld=95 map2=213 battle=213 after=213
  0x67AD (26541)  overworld=255 map2=0 battle=0 after=0
  0x67AE (26542)  overworld=191 map2=42 battle=42 after=42
  0x67AF (26543)  overworld=255 map2=64 battle=64 after=64
  0x67B0 (26544)  overworld=192 map2=126 battle=126 after=126
  0x67B1 (26545)  overworld=255 map2=31 battle=31 after=31
  0x67B2 (26546)  overworld=128 map2=117 battle=117 after=117
  0x67B3 (26547)  overworld=255 map2=30 battle=30 after=30
  0x67B4 (26548)  overworld=152 map2=122 battle=122 after=122
  0x67B5 (26549)  overworld=231 map2=29 battle=29 after=29
  0x67B6 (26550)  overworld=189 map2=117 battle=117 after=117
  0x67B7 (26551)  overworld=243 map2=30 battle=30 after=30
  0x67B8 (26552)  overworld=107 map2=114 battle=114 after=114
  0x67B9 (26553)  overworld=249 map2=21 battle=21 after=21
  0x67BA (26554)  overworld=180 map2=113 battle=113 after=113
  0x67BB (26555)  overworld=237 map2=18 battle=18 after=18
  0x67BC (26556)  overworld=154 map2=114 battle=114 after=114
  0x67BD (26557)  overworld=247 map2=17 battle=17 after=17
  0x67BE (26558)  overworld=140 map2=113 battle=113 after=113
  0x67BF (26559)  overworld=255 map2=18 battle=18 after=18
  0x67C0 (26560)  overworld=3 map2=245 battle=245 after=245
  0x67C1 (26561)  overworld=255 map2=216 battle=216 after=216
  0x67C2 (26562)  overworld=1 map2=250 battle=250 after=250
  0x67C3 (26563)  overworld=255 map2=221 battle=221 after=221
  0x67C4 (26564)  overworld=25 map2=117 battle=117 after=117
  0x67C5 (26565)  overworld=231 map2=127 battle=127 after=127
  0x67C6 (26566)  overworld=61 map2=170 battle=170 after=170
  0x67C7 (26567)  overworld=207 map2=175 battle=175 after=175
  0x67C8 (26568)  overworld=86 map2=71 battle=71 after=71
  0x67C9 (26569)  overworld=159 map2=71 battle=71 after=71
  0x67CA (26570)  overworld=45 map2=196 battle=196 after=196
  0x67CB (26571)  overworld=183 map2=132 battle=132 after=132
  0x67CC (26572)  overworld=217 map2=200 battle=200 after=200
  0x67CD (26573)  overworld=239 map2=143 battle=143 after=143
  0x67CE (26574)  overworld=49 map2=239 battle=239 after=239
  0x67CF (26575)  overworld=255 map2=143 battle=143 after=143
  0x67D0 (26576)  overworld=158 map2=123 battle=123 after=123
  0x67D1 (26577)  overworld=119 map2=143 battle=143 after=143
  0x67D2 (26578)  overworld=151 map2=125 battle=125 after=125
  0x67D3 (26579)  overworld=125 map2=143 battle=143 after=143
  0x67D4 (26580)  overworld=155 map2=123 battle=123 after=123
  0x67D5 (26581)  overworld=124 map2=143 battle=143 after=143
  0x67D6 (26582)  overworld=140 map2=126 battle=126 after=126
  0x67D7 (26583)  overworld=127 map2=143 battle=143 after=143
  0x67D8 (26584)  overworld=143 map2=122 battle=122 after=122
  0x67D9 (26585)  overworld=127 map2=143 battle=143 after=143
  0x67DA (26586)  overworld=135 map2=126 battle=126 after=126
  0x67DB (26587)  overworld=127 map2=143 battle=143 after=143
  0x67DC (26588)  overworld=131 map2=123 battle=123 after=123
  0x67DD (26589)  overworld=127 map2=143 battle=143 after=143
  0x67DE (26590)  overworld=129 map2=125 battle=125 after=125
  0x67DF (26591)  overworld=127 map2=143 battle=143 after=143
  0x67E0 (26592)  overworld=121 map2=126 battle=126 after=126
  0x67E1 (26593)  overworld=239 map2=126 battle=126 after=126
  0x67E2 (26594)  overworld=233 map2=189 battle=189 after=189
  0x67E3 (26595)  overworld=191 map2=189 battle=189 after=189
  0x67E4 (26596)  overworld=217 map2=219 battle=219 after=219
  0x67E5 (26597)  overworld=63 map2=219 battle=219 after=219
  0x67E6 (26598)  overworld=49 map2=231 battle=231 after=231
  0x67E7 (26599)  overworld=255 map2=231 battle=231 after=231
  0x67E8 (26600)  overworld=241 map2=231 battle=231 after=231
  0x67E9 (26601)  overworld=255 map2=231 battle=231 after=231
  0x67EA (26602)  overworld=225 map2=219 battle=219 after=219
  0x67EB (26603)  overworld=255 map2=219 battle=219 after=219
  0x67EC (26604)  overworld=193 map2=189 battle=189 after=189
  0x67ED (26605)  overworld=255 map2=189 battle=189 after=189
  0x67EE (26606)  overworld=129 map2=126 battle=126 after=126
  0x67EF (26607)  overworld=127 map2=126 battle=126 after=126
  0x67F0 (26608)  overworld=224 map2=126 battle=126 after=126
  0x67F1 (26609)  overworld=255 map2=126 battle=126 after=126
  0x67F2 (26610)  overworld=192 map2=189 battle=189 after=189
  0x67F3 (26611)  overworld=255 map2=189 battle=189 after=189
  0x67F4 (26612)  overworld=192 map2=219 battle=219 after=219
  0x67F5 (26613)  overworld=255 map2=219 battle=219 after=219
  0x67F6 (26614)  overworld=64 map2=231 battle=231 after=231
  0x67F7 (26615)  overworld=255 map2=231 battle=231 after=231
  0x67F8 (26616)  overworld=128 map2=231 battle=231 after=231
  0x67F9 (26617)  overworld=255 map2=231 battle=231 after=231
  0x67FA (26618)  overworld=128 map2=219 battle=219 after=219
  0x67FB (26619)  overworld=255 map2=219 battle=219 after=219
  0x67FC (26620)  overworld=128 map2=189 battle=189 after=189
  0x67FD (26621)  overworld=255 map2=189 battle=189 after=189
  0x67FE (26622)  overworld=160 map2=126 battle=126 after=126
  0x67FF (26623)  overworld=223 map2=126 battle=126 after=126
  0x68C0 (26816)  overworld=0 map2=255 battle=255 after=255
  0x68C9 (26825)  overworld=0 map2=255 battle=255 after=255
  0x68D9 (26841)  overworld=187 map2=255 battle=255 after=255
  0x6908 (26888)  overworld=130 map2=159 battle=159 after=159
  0x6921 (26913)  overworld=127 map2=255 battle=255 after=255
  0x6942 (26946)  overworld=153 map2=0 battle=0 after=0
  0x69A7 (27047)  overworld=127 map2=0 battle=0 after=0
  0x69C4 (27076)  overworld=65 map2=255 battle=255 after=255
  0x69C6 (27078)  overworld=33 map2=255 battle=255 after=255
  0x69D1 (27089)  overworld=123 map2=255 battle=255 after=255
  0x69D5 (27093)  overworld=119 map2=255 battle=255 after=255
  0x69DB (27099)  overworld=239 map2=255 battle=255 after=255
  0x6A00 (27136)  overworld=177 map2=0 battle=0 after=0
  0x6A01 (27137)  overworld=64 map2=0 battle=0 after=0
  0x6A02 (27138)  overworld=161 map2=0 battle=0 after=0
  0x6A03 (27139)  overworld=64 map2=0 battle=0 after=0
  0x6A04 (27140)  overworld=225 map2=0 battle=0 after=0
  0x6A06 (27142)  overworld=193 map2=0 battle=0 after=0
  0x6A24 (27172)  overworld=193 map2=0 battle=0 after=0
  0x6A25 (27173)  overworld=64 map2=0 battle=0 after=0
  0x6A26 (27174)  overworld=129 map2=0 battle=0 after=0
  0x6A27 (27175)  overworld=128 map2=0 battle=0 after=0
  0x6A2C (27180)  overworld=193 map2=0 battle=0 after=0
  0x6A30 (27184)  overworld=29 map2=0 battle=0 after=0
  0x6A31 (27185)  overworld=3 map2=0 battle=0 after=0
  0x6A32 (27186)  overworld=13 map2=0 battle=0 after=0
  0x6A33 (27187)  overworld=3 map2=0 battle=0 after=0
  0x6A34 (27188)  overworld=15 map2=0 battle=0 after=0
  0x6A35 (27189)  overworld=1 map2=0 battle=0 after=0
  0x6A37 (27191)  overworld=1 map2=0 battle=0 after=0
  0x6A4A (27210)  overworld=200 map2=0 battle=0 after=0
  0x6A4B (27211)  overworld=127 map2=0 battle=0 after=0
  0x6A4C (27212)  overworld=144 map2=0 battle=0 after=0
  0x6A4D (27213)  overworld=255 map2=0 battle=0 after=0
  0x6A4E (27214)  overworld=145 map2=0 battle=0 after=0
  0x6A4F (27215)  overworld=254 map2=0 battle=0 after=0
  0x6A50 (27216)  overworld=28 map2=0 battle=0 after=0
  0x6A51 (27217)  overworld=255 map2=0 battle=0 after=0
  0x6A52 (27218)  overworld=4 map2=0 battle=0 after=0
  0x6A53 (27219)  overworld=255 map2=0 battle=0 after=0
  0x6A54 (27220)  overworld=2 map2=0 battle=0 after=0
  0x6A55 (27221)  overworld=255 map2=0 battle=0 after=0
  0x6A56 (27222)  overworld=60 map2=0 battle=0 after=0
  0x6A57 (27223)  overworld=195 map2=0 battle=0 after=0
  0x6A58 (27224)  overworld=126 map2=0 battle=0 after=0
  0x6A59 (27225)  overworld=129 map2=0 battle=0 after=0
  0x6A5A (27226)  overworld=255 map2=0 battle=0 after=0
  0x6A5C (27228)  overworld=227 map2=0 battle=0 after=0
  0x6A5D (27229)  overworld=28 map2=0 battle=0 after=0
  0x6A5E (27230)  overworld=193 map2=0 battle=0 after=0
  0x6A5F (27231)  overworld=62 map2=0 battle=0 after=0
  0x6A60 (27232)  overworld=5 map2=0 battle=0 after=0
  0x6A61 (27233)  overworld=251 map2=0 battle=0 after=0
  0x6A62 (27234)  overworld=5 map2=0 battle=0 after=0
  0x6A63 (27235)  overworld=251 map2=0 battle=0 after=0
  0x6A64 (27236)  overworld=13 map2=0 battle=0 after=0
  0x6A65 (27237)  overworld=243 map2=0 battle=0 after=0
  0x6A66 (27238)  overworld=13 map2=0 battle=0 after=0
  0x6A67 (27239)  overworld=243 map2=0 battle=0 after=0
  0x6A68 (27240)  overworld=13 map2=0 battle=0 after=0
  0x6A69 (27241)  overworld=243 map2=0 battle=0 after=0
  0x6A6A (27242)  overworld=29 map2=0 battle=0 after=0
  0x6A6B (27243)  overworld=227 map2=0 battle=0 after=0
  0x6A6C (27244)  overworld=249 map2=0 battle=0 after=0
  0x6A6D (27245)  overworld=7 map2=0 battle=0 after=0
  0x6A6E (27246)  overworld=249 map2=0 battle=0 after=0
  0x6A6F (27247)  overworld=7 map2=0 battle=0 after=0
  0x6A70 (27248)  overworld=160 map2=0 battle=0 after=0
  0x6A71 (27249)  overworld=223 map2=0 battle=0 after=0
  0x6A72 (27250)  overworld=160 map2=0 battle=0 after=0
  0x6A73 (27251)  overworld=223 map2=0 battle=0 after=0
  0x6A74 (27252)  overworld=176 map2=0 battle=0 after=0
  0x6A75 (27253)  overworld=207 map2=0 battle=0 after=0
  0x6A76 (27254)  overworld=176 map2=0 battle=0 after=0
  0x6A77 (27255)  overworld=207 map2=0 battle=0 after=0
  0x6A78 (27256)  overworld=176 map2=0 battle=0 after=0
  0x6A79 (27257)  overworld=207 map2=0 battle=0 after=0
  0x6A7A (27258)  overworld=184 map2=0 battle=0 after=0
  0x6A7B (27259)  overworld=199 map2=0 battle=0 after=0
  0x6A7C (27260)  overworld=159 map2=0 battle=0 after=0
  0x6A7D (27261)  overworld=224 map2=0 battle=0 after=0
  0x6A7E (27262)  overworld=159 map2=0 battle=0 after=0
  0x6A7F (27263)  overworld=224 map2=0 battle=0 after=0
  0x6A80 (27264)  overworld=56 map2=0 battle=0 after=0
  0x6A81 (27265)  overworld=255 map2=0 battle=0 after=0
  0x6A82 (27266)  overworld=32 map2=0 battle=0 after=0
  0x6A83 (27267)  overworld=255 map2=0 battle=0 after=0
  0x6A84 (27268)  overworld=64 map2=0 battle=0 after=0
  0x6A85 (27269)  overworld=255 map2=0 battle=0 after=0
  0x6A86 (27270)  overworld=60 map2=0 battle=0 after=0
  0x6A87 (27271)  overworld=195 map2=0 battle=0 after=0
  0x6A88 (27272)  overworld=126 map2=0 battle=0 after=0
  0x6A89 (27273)  overworld=129 map2=0 battle=0 after=0
  0x6A8A (27274)  overworld=255 map2=0 battle=0 after=0
  0x6A8C (27276)  overworld=199 map2=0 battle=0 after=0
  0x6A8D (27277)  overworld=56 map2=0 battle=0 after=0
  0x6A8E (27278)  overworld=131 map2=0 battle=0 after=0
  0x6A8F (27279)  overworld=124 map2=0 battle=0 after=0
  0x6A90 (27280)  overworld=177 map2=0 battle=0 after=0
  0x6A91 (27281)  overworld=255 map2=0 battle=0 after=0
  0x6A92 (27282)  overworld=73 map2=0 battle=0 after=0
  0x6A93 (27283)  overworld=255 map2=0 battle=0 after=0
  0x6A94 (27284)  overworld=37 map2=0 battle=0 after=0
  0x6A95 (27285)  overworld=255 map2=0 battle=0 after=0
  0x6A96 (27286)  overworld=19 map2=0 battle=0 after=0
  0x6A97 (27287)  overworld=255 map2=0 battle=0 after=0
  0x6A98 (27288)  overworld=19 map2=0 battle=0 after=0
  0x6A99 (27289)  overworld=255 map2=0 battle=0 after=0
  0x6A9A (27290)  overworld=19 map2=0 battle=0 after=0
  0x6A9B (27291)  overworld=255 map2=0 battle=0 after=0
  0x6A9C (27292)  overworld=9 map2=0 battle=0 after=0
  0x6A9D (27293)  overworld=255 map2=0 battle=0 after=0
  0x6A9E (27294)  overworld=137 map2=0 battle=0 after=0
  0x6A9F (27295)  overworld=127 map2=0 battle=0 after=0
  0x6AA0 (27296)  overworld=191 map2=0 battle=0 after=0
  0x6AA1 (27297)  overworld=127 map2=0 battle=0 after=0
  0x6AA2 (27298)  overworld=159 map2=0 battle=0 after=0
  0x6AA3 (27299)  overworld=127 map2=0 battle=0 after=0
  0x6AA4 (27300)  overworld=159 map2=0 battle=0 after=0
  0x6AA5 (27301)  overworld=127 map2=0 battle=0 after=0
  0x6AA6 (27302)  overworld=143 map2=0 battle=0 after=0
  0x6AA7 (27303)  overworld=127 map2=0 battle=0 after=0
  0x6AA8 (27304)  overworld=131 map2=0 battle=0 after=0
  0x6AA9 (27305)  overworld=127 map2=0 battle=0 after=0
  0x6AAA (27306)  overworld=129 map2=0 battle=0 after=0
  0x6AAB (27307)  overworld=127 map2=0 battle=0 after=0
  0x6AAC (27308)  overworld=128 map2=0 battle=0 after=0
  0x6AAD (27309)  overworld=127 map2=0 battle=0 after=0
  0x6AAE (27310)  overworld=131 map2=0 battle=0 after=0
  0x6AAF (27311)  overworld=127 map2=0 battle=0 after=0
  0x6AB0 (27312)  overworld=80 map2=0 battle=0 after=0
  0x6AB1 (27313)  overworld=255 map2=0 battle=0 after=0
  0x6AB2 (27314)  overworld=168 map2=0 battle=0 after=0
  0x6AB3 (27315)  overworld=255 map2=0 battle=0 after=0
  0x6AB4 (27316)  overworld=212 map2=0 battle=0 after=0
  0x6AB5 (27317)  overworld=255 map2=0 battle=0 after=0
  0x6AB6 (27318)  overworld=196 map2=0 battle=0 after=0
  0x6AB7 (27319)  overworld=255 map2=0 battle=0 after=0
  0x6AB8 (27320)  overworld=226 map2=0 battle=0 after=0
  0x6AB9 (27321)  overworld=255 map2=0 battle=0 after=0
  0x6ABA (27322)  overworld=226 map2=0 battle=0 after=0
  0x6ABB (27323)  overworld=255 map2=0 battle=0 after=0
  0x6ABC (27324)  overworld=226 map2=0 battle=0 after=0
  0x6ABD (27325)  overworld=255 map2=0 battle=0 after=0
  0x6ABE (27326)  overworld=226 map2=0 battle=0 after=0
  0x6ABF (27327)  overworld=255 map2=0 battle=0 after=0
  0x6AC0 (27328)  overworld=37 map2=0 battle=0 after=0
  0x6AC1 (27329)  overworld=223 map2=0 battle=0 after=0
  0x6AC2 (27330)  overworld=51 map2=0 battle=0 after=0
  0x6AC3 (27331)  overworld=207 map2=0 battle=0 after=0
  0x6AC4 (27332)  overworld=19 map2=0 battle=0 after=0
  0x6AC5 (27333)  overworld=239 map2=0 battle=0 after=0
  0x6AC6 (27334)  overworld=27 map2=0 battle=0 after=0
  0x6AC7 (27335)  overworld=231 map2=0 battle=0 after=0
  0x6AC8 (27336)  overworld=9 map2=0 battle=0 after=0
  0x6AC9 (27337)  overworld=247 map2=0 battle=0 after=0
  0x6ACA (27338)  overworld=9 map2=0 battle=0 after=0
  0x6ACB (27339)  overworld=247 map2=0 battle=0 after=0
  0x6ACC (27340)  overworld=1 map2=0 battle=0 after=0
  0x6ACD (27341)  overworld=255 map2=0 battle=0 after=0
  0x6ACE (27342)  overworld=5 map2=0 battle=0 after=0
  0x6ACF (27343)  overworld=251 map2=0 battle=0 after=0
  0x6AD0 (27344)  overworld=196 map2=0 battle=0 after=0
  0x6AD1 (27345)  overworld=127 map2=0 battle=0 after=0
  0x6AD2 (27346)  overworld=162 map2=0 battle=0 after=0
  0x6AD3 (27347)  overworld=127 map2=0 battle=0 after=0
  0x6AD4 (27348)  overworld=177 map2=0 battle=0 after=0
  0x6AD5 (27349)  overworld=127 map2=0 battle=0 after=0
  0x6AD6 (27350)  overworld=152 map2=0 battle=0 after=0
  0x6AD7 (27351)  overworld=127 map2=0 battle=0 after=0
  0x6AD8 (27352)  overworld=158 map2=0 battle=0 after=0
  0x6AD9 (27353)  overworld=127 map2=0 battle=0 after=0
  0x6ADA (27354)  overworld=143 map2=0 battle=0 after=0
  0x6ADB (27355)  overworld=127 map2=0 battle=0 after=0
  0x6ADC (27356)  overworld=135 map2=0 battle=0 after=0
  0x6ADD (27357)  overworld=127 map2=0 battle=0 after=0
  0x6ADE (27358)  overworld=131 map2=0 battle=0 after=0
  0x6ADF (27359)  overworld=127 map2=0 battle=0 after=0
  0x6AE0 (27360)  overworld=57 map2=0 battle=0 after=0
  0x6AE1 (27361)  overworld=199 map2=0 battle=0 after=0
  0x6AE2 (27362)  overworld=28 map2=0 battle=0 after=0
  0x6AE3 (27363)  overworld=227 map2=0 battle=0 after=0
  0x6AE4 (27364)  overworld=14 map2=0 battle=0 after=0
  0x6AE5 (27365)  overworld=241 map2=0 battle=0 after=0
  0x6AE6 (27366)  overworld=134 map2=0 battle=0 after=0
  0x6AE7 (27367)  overworld=249 map2=0 battle=0 after=0
  0x6AE8 (27368)  overworld=65 map2=0 battle=0 after=0
  0x6AE9 (27369)  overworld=254 map2=0 battle=0 after=0
  0x6AEA (27370)  overworld=32 map2=0 battle=0 after=0
  0x6AEB (27371)  overworld=255 map2=0 battle=0 after=0
  0x6AEC (27372)  overworld=144 map2=0 battle=0 after=0
  0x6AED (27373)  overworld=255 map2=0 battle=0 after=0
  0x6AEE (27374)  overworld=200 map2=0 battle=0 after=0
  0x6AEF (27375)  overworld=255 map2=0 battle=0 after=0
  0x6AF0 (27376)  overworld=241 map2=0 battle=0 after=0
  0x6AF1 (27377)  overworld=255 map2=0 battle=0 after=0
  0x6AF2 (27378)  overworld=225 map2=0 battle=0 after=0
  0x6AF3 (27379)  overworld=255 map2=0 battle=0 after=0
  0x6AF4 (27380)  overworld=65 map2=0 battle=0 after=0
  0x6AF5 (27381)  overworld=255 map2=0 battle=0 after=0
  0x6AF6 (27382)  overworld=33 map2=0 battle=0 after=0
  0x6AF7 (27383)  overworld=255 map2=0 battle=0 after=0
  0x6AF8 (27384)  overworld=33 map2=0 battle=0 after=0
  0x6AF9 (27385)  overworld=255 map2=0 battle=0 after=0
  0x6AFA (27386)  overworld=145 map2=0 battle=0 after=0
  0x6AFB (27387)  overworld=127 map2=0 battle=0 after=0
  0x6AFC (27388)  overworld=81 map2=0 battle=0 after=0
  0x6AFD (27389)  overworld=191 map2=0 battle=0 after=0
  0x6AFE (27390)  overworld=9 map2=0 battle=0 after=0
  0x6AFF (27391)  overworld=255 map2=0 battle=0 after=0
  0x6B00 (27392)  overworld=129 map2=0 battle=0 after=0
  0x6B02 (27394)  overworld=129 map2=0 battle=0 after=0
  0x6B04 (27396)  overworld=129 map2=0 battle=0 after=0
  0x6B06 (27398)  overworld=129 map2=0 battle=0 after=0
  0x6B08 (27400)  overworld=193 map2=0 battle=0 after=0
  0x6B0A (27402)  overworld=193 map2=0 battle=0 after=0
  0x6B0C (27404)  overworld=225 map2=0 battle=0 after=0
  0x6B0E (27406)  overworld=161 map2=0 battle=0 after=0
  0x6B0F (27407)  overworld=64 map2=0 battle=0 after=0
  0x6B10 (27408)  overworld=11 map2=0 battle=0 after=0
  0x6B11 (27409)  overworld=9 map2=0 battle=0 after=0
  0x6B12 (27410)  overworld=5 map2=0 battle=0 after=0
  0x6B13 (27411)  overworld=12 map2=0 battle=0 after=0
  0x6B14 (27412)  overworld=3 map2=0 battle=0 after=0
  0x6B15 (27413)  overworld=7 map2=0 battle=0 after=0
  0x6B16 (27414)  overworld=1 map2=0 battle=0 after=0
  0x6B18 (27416)  overworld=1 map2=0 battle=0 after=0
  0x6B1A (27418)  overworld=1 map2=0 battle=0 after=0
  0x6B1C (27420)  overworld=1 map2=0 battle=0 after=0
  0x6B1E (27422)  overworld=1 map2=0 battle=0 after=0
  0x6B20 (27424)  overworld=33 map2=0 battle=0 after=0
  0x6B21 (27425)  overworld=32 map2=0 battle=0 after=0
  0x6B22 (27426)  overworld=65 map2=0 battle=0 after=0
  0x6B23 (27427)  overworld=96 map2=0 battle=0 after=0
  0x6B24 (27428)  overworld=129 map2=0 battle=0 after=0
  0x6B25 (27429)  overworld=192 map2=0 battle=0 after=0
  0x6B26 (27430)  overworld=1 map2=0 battle=0 after=0
  0x6B28 (27432)  overworld=1 map2=0 battle=0 after=0
  0x6B2A (27434)  overworld=1 map2=0 battle=0 after=0
  0x6B2C (27436)  overworld=1 map2=0 battle=0 after=0
  0x6B2E (27438)  overworld=1 map2=0 battle=0 after=0
  0x6B30 (27440)  overworld=3 map2=0 battle=0 after=0
  0x6B32 (27442)  overworld=3 map2=0 battle=0 after=0
  0x6B34 (27444)  overworld=3 map2=0 battle=0 after=0
  0x6B36 (27446)  overworld=3 map2=0 battle=0 after=0
  0x6B38 (27448)  overworld=6 map2=0 battle=0 after=0
  0x6B39 (27449)  overworld=1 map2=0 battle=0 after=0
  0x6B3A (27450)  overworld=6 map2=0 battle=0 after=0
  0x6B3B (27451)  overworld=1 map2=0 battle=0 after=0
  0x6B3C (27452)  overworld=15 map2=0 battle=0 after=0
  0x6B3D (27453)  overworld=1 map2=0 battle=0 after=0
  0x6B3E (27454)  overworld=13 map2=0 battle=0 after=0
  0x6B3F (27455)  overworld=3 map2=0 battle=0 after=0
  0x6B40 (27456)  overworld=145 map2=0 battle=0 after=0
  0x6B41 (27457)  overworld=254 map2=0 battle=0 after=0
  0x6B42 (27458)  overworld=145 map2=0 battle=0 after=0
  0x6B43 (27459)  overworld=254 map2=0 battle=0 after=0
  0x6B44 (27460)  overworld=145 map2=0 battle=0 after=0
  0x6B45 (27461)  overworld=254 map2=0 battle=0 after=0
  0x6B46 (27462)  overworld=145 map2=0 battle=0 after=0
  0x6B47 (27463)  overworld=254 map2=0 battle=0 after=0
  0x6B48 (27464)  overworld=144 map2=0 battle=0 after=0
  0x6B49 (27465)  overworld=255 map2=0 battle=0 after=0
  0x6B4A (27466)  overworld=144 map2=0 battle=0 after=0
  0x6B4B (27467)  overworld=255 map2=0 battle=0 after=0
  0x6B4C (27468)  overworld=136 map2=0 battle=0 after=0
  0x6B4D (27469)  overworld=255 map2=0 battle=0 after=0
  0x6B4E (27470)  overworld=200 map2=0 battle=0 after=0
  0x6B4F (27471)  overworld=127 map2=0 battle=0 after=0
  0x6B50 (27472)  overworld=192 map2=0 battle=0 after=0
  0x6B51 (27473)  overworld=63 map2=0 battle=0 after=0
  0x6B52 (27474)  overworld=200 map2=0 battle=0 after=0
  0x6B53 (27475)  overworld=63 map2=0 battle=0 after=0
  0x6B54 (27476)  overworld=208 map2=0 battle=0 after=0
  0x6B55 (27477)  overworld=63 map2=0 battle=0 after=0
  0x6B56 (27478)  overworld=216 map2=0 battle=0 after=0
  0x6B57 (27479)  overworld=63 map2=0 battle=0 after=0
  0x6B58 (27480)  overworld=204 map2=0 battle=0 after=0
  0x6B59 (27481)  overworld=63 map2=0 battle=0 after=0
  0x6B5A (27482)  overworld=235 map2=0 battle=0 after=0
  0x6B5B (27483)  overworld=31 map2=0 battle=0 after=0
  0x6B5C (27484)  overworld=102 map2=0 battle=0 after=0
  0x6B5D (27485)  overworld=159 map2=0 battle=0 after=0
  0x6B5E (27486)  overworld=115 map2=0 battle=0 after=0
  0x6B5F (27487)  overworld=143 map2=0 battle=0 after=0
  0x6B60 (27488)  overworld=241 map2=0 battle=0 after=0
  0x6B61 (27489)  overworld=15 map2=0 battle=0 after=0
  0x6B62 (27490)  overworld=3 map2=0 battle=0 after=0
  0x6B63 (27491)  overworld=255 map2=0 battle=0 after=0
  0x6B64 (27492)  overworld=3 map2=0 battle=0 after=0
  0x6B65 (27493)  overworld=255 map2=0 battle=0 after=0
  0x6B66 (27494)  overworld=7 map2=0 battle=0 after=0
  0x6B67 (27495)  overworld=255 map2=0 battle=0 after=0
  0x6B68 (27496)  overworld=11 map2=0 battle=0 after=0
  0x6B69 (27497)  overworld=255 map2=0 battle=0 after=0
  0x6B6A (27498)  overworld=245 map2=0 battle=0 after=0
  0x6B6B (27499)  overworld=255 map2=0 battle=0 after=0
  0x6B6C (27500)  overworld=173 map2=0 battle=0 after=0
  0x6B6D (27501)  overworld=255 map2=0 battle=0 after=0
  0x6B6E (27502)  overworld=89 map2=0 battle=0 after=0
  0x6B6F (27503)  overworld=255 map2=0 battle=0 after=0
  0x6B70 (27504)  overworld=143 map2=0 battle=0 after=0
  0x6B71 (27505)  overworld=240 map2=0 battle=0 after=0
  0x6B72 (27506)  overworld=192 map2=0 battle=0 after=0
  0x6B73 (27507)  overworld=255 map2=0 battle=0 after=0
  0x6B74 (27508)  overworld=64 map2=0 battle=0 after=0
  0x6B75 (27509)  overworld=255 map2=0 battle=0 after=0
  0x6B76 (27510)  overworld=224 map2=0 battle=0 after=0
  0x6B77 (27511)  overworld=127 map2=0 battle=0 after=0
  0x6B78 (27512)  overworld=208 map2=0 battle=0 after=0
  0x6B79 (27513)  overworld=127 map2=0 battle=0 after=0
  0x6B7A (27514)  overworld=175 map2=0 battle=0 after=0
  0x6B7B (27515)  overworld=127 map2=0 battle=0 after=0
  0x6B7C (27516)  overworld=181 map2=0 battle=0 after=0
  0x6B7D (27517)  overworld=127 map2=0 battle=0 after=0
  0x6B7E (27518)  overworld=154 map2=0 battle=0 after=0
  0x6B7F (27519)  overworld=127 map2=0 battle=0 after=0
  0x6B80 (27520)  overworld=3 map2=0 battle=0 after=0
  0x6B81 (27521)  overworld=252 map2=0 battle=0 after=0
  0x6B82 (27522)  overworld=19 map2=0 battle=0 after=0
  0x6B83 (27523)  overworld=252 map2=0 battle=0 after=0
  0x6B84 (27524)  overworld=11 map2=0 battle=0 after=0
  0x6B85 (27525)  overworld=252 map2=0 battle=0 after=0
  0x6B86 (27526)  overworld=27 map2=0 battle=0 after=0
  0x6B87 (27527)  overworld=252 map2=0 battle=0 after=0
  0x6B88 (27528)  overworld=51 map2=0 battle=0 after=0
  0x6B89 (27529)  overworld=252 map2=0 battle=0 after=0
  0x6B8A (27530)  overworld=215 map2=0 battle=0 after=0
  0x6B8B (27531)  overworld=248 map2=0 battle=0 after=0
  0x6B8C (27532)  overworld=102 map2=0 battle=0 after=0
  0x6B8D (27533)  overworld=249 map2=0 battle=0 after=0
  0x6B8E (27534)  overworld=206 map2=0 battle=0 after=0
  0x6B8F (27535)  overworld=241 map2=0 battle=0 after=0
  0x6B90 (27536)  overworld=137 map2=0 battle=0 after=0
  0x6B91 (27537)  overworld=127 map2=0 battle=0 after=0
  0x6B92 (27538)  overworld=137 map2=0 battle=0 after=0
  0x6B93 (27539)  overworld=127 map2=0 battle=0 after=0
  0x6B94 (27540)  overworld=137 map2=0 battle=0 after=0
  0x6B95 (27541)  overworld=127 map2=0 battle=0 after=0
  0x6B96 (27542)  overworld=137 map2=0 battle=0 after=0
  0x6B97 (27543)  overworld=127 map2=0 battle=0 after=0
  0x6B98 (27544)  overworld=9 map2=0 battle=0 after=0
  0x6B99 (27545)  overworld=255 map2=0 battle=0 after=0
  0x6B9A (27546)  overworld=9 map2=0 battle=0 after=0
  0x6B9B (27547)  overworld=255 map2=0 battle=0 after=0
  0x6B9C (27548)  overworld=17 map2=0 battle=0 after=0
  0x6B9D (27549)  overworld=255 map2=0 battle=0 after=0
  0x6B9E (27550)  overworld=19 map2=0 battle=0 after=0
  0x6B9F (27551)  overworld=255 map2=0 battle=0 after=0
  0x6BA0 (27552)  overworld=143 map2=0 battle=0 after=0
  0x6BA1 (27553)  overworld=127 map2=0 battle=0 after=0
  0x6BA2 (27554)  overworld=135 map2=0 battle=0 after=0
  0x6BA3 (27555)  overworld=127 map2=0 battle=0 after=0
  0x6BA4 (27556)  overworld=130 map2=0 battle=0 after=0
  0x6BA5 (27557)  overworld=127 map2=0 battle=0 after=0
  0x6BA6 (27558)  overworld=132 map2=0 battle=0 after=0
  0x6BA7 (27559)  overworld=127 map2=0 battle=0 after=0
  0x6BA8 (27560)  overworld=136 map2=0 battle=0 after=0
  0x6BA9 (27561)  overworld=127 map2=0 battle=0 after=0
  0x6BAA (27562)  overworld=153 map2=0 battle=0 after=0
  0x6BAB (27563)  overworld=126 map2=0 battle=0 after=0
  0x6BAC (27564)  overworld=146 map2=0 battle=0 after=0
  0x6BAD (27565)  overworld=125 map2=0 battle=0 after=0
  0x6BAE (27566)  overworld=160 map2=0 battle=0 after=0
  0x6BAF (27567)  overworld=127 map2=0 battle=0 after=0
  0x6BB0 (27568)  overworld=156 map2=0 battle=0 after=0
  0x6BB1 (27569)  overworld=227 map2=0 battle=0 after=0
  0x6BB2 (27570)  overworld=56 map2=0 battle=0 after=0
  0x6BB3 (27571)  overworld=199 map2=0 battle=0 after=0
  0x6BB4 (27572)  overworld=112 map2=0 battle=0 after=0
  0x6BB5 (27573)  overworld=143 map2=0 battle=0 after=0
  0x6BB6 (27574)  overworld=96 map2=0 battle=0 after=0
  0x6BB7 (27575)  overworld=159 map2=0 battle=0 after=0
  0x6BB8 (27576)  overworld=128 map2=0 battle=0 after=0
  0x6BB9 (27577)  overworld=127 map2=0 battle=0 after=0
  0x6BBA (27578)  overworld=1 map2=0 battle=0 after=0
  0x6BBB (27579)  overworld=255 map2=0 battle=0 after=0
  0x6BBC (27580)  overworld=2 map2=0 battle=0 after=0
  0x6BBD (27581)  overworld=255 map2=0 battle=0 after=0
  0x6BBE (27582)  overworld=5 map2=0 battle=0 after=0
  0x6BBF (27583)  overworld=255 map2=0 battle=0 after=0
  0x6BC0 (27584)  overworld=19 map2=0 battle=0 after=0
  0x6BC1 (27585)  overworld=255 map2=0 battle=0 after=0
  0x6BC2 (27586)  overworld=35 map2=0 battle=0 after=0
  0x6BC3 (27587)  overworld=255 map2=0 battle=0 after=0
  0x6BC4 (27588)  overworld=69 map2=0 battle=0 after=0
  0x6BC5 (27589)  overworld=255 map2=0 battle=0 after=0
  0x6BC6 (27590)  overworld=73 map2=0 battle=0 after=0
  0x6BC7 (27591)  overworld=255 map2=0 battle=0 after=0
  0x6BC8 (27592)  overworld=137 map2=0 battle=0 after=0
  0x6BC9 (27593)  overworld=255 map2=0 battle=0 after=0
  0x6BCA (27594)  overworld=89 map2=0 battle=0 after=0
  0x6BCB (27595)  overworld=255 map2=0 battle=0 after=0
  0x6BCC (27596)  overworld=189 map2=0 battle=0 after=0
  0x6BCD (27597)  overworld=255 map2=0 battle=0 after=0
  0x6BCE (27598)  overworld=125 map2=0 battle=0 after=0
  0x6BCF (27599)  overworld=255 map2=0 battle=0 after=0
  0x6BD0 (27600)  overworld=21 map2=0 battle=0 after=0
  0x6BD1 (27601)  overworld=255 map2=0 battle=0 after=0
  0x6BD2 (27602)  overworld=43 map2=0 battle=0 after=0
  0x6BD3 (27603)  overworld=255 map2=0 battle=0 after=0
  0x6BD4 (27604)  overworld=35 map2=0 battle=0 after=0
  0x6BD5 (27605)  overworld=255 map2=0 battle=0 after=0
  0x6BD6 (27606)  overworld=71 map2=0 battle=0 after=0
  0x6BD7 (27607)  overworld=255 map2=0 battle=0 after=0
  0x6BD8 (27608)  overworld=71 map2=0 battle=0 after=0
  0x6BD9 (27609)  overworld=255 map2=0 battle=0 after=0
  0x6BDA (27610)  overworld=71 map2=0 battle=0 after=0
  0x6BDB (27611)  overworld=255 map2=0 battle=0 after=0
  0x6BDC (27612)  overworld=71 map2=0 battle=0 after=0
  0x6BDD (27613)  overworld=255 map2=0 battle=0 after=0
  0x6BDE (27614)  overworld=71 map2=0 battle=0 after=0
  0x6BDF (27615)  overworld=255 map2=0 battle=0 after=0
  0x6BE0 (27616)  overworld=228 map2=0 battle=0 after=0
  0x6BE1 (27617)  overworld=255 map2=0 battle=0 after=0
  0x6BE2 (27618)  overworld=242 map2=0 battle=0 after=0
  0x6BE3 (27619)  overworld=255 map2=0 battle=0 after=0
  0x6BE4 (27620)  overworld=250 map2=0 battle=0 after=0
  0x6BE5 (27621)  overworld=255 map2=0 battle=0 after=0
  0x6BE6 (27622)  overworld=125 map2=0 battle=0 after=0
  0x6BE7 (27623)  overworld=255 map2=0 battle=0 after=0
  0x6BE8 (27624)  overworld=245 map2=0 battle=0 after=0
  0x6BE9 (27625)  overworld=127 map2=0 battle=0 after=0
  0x6BEA (27626)  overworld=130 map2=0 battle=0 after=0
  0x6BEB (27627)  overworld=127 map2=0 battle=0 after=0
  0x6BEC (27628)  overworld=129 map2=0 battle=0 after=0
  0x6BED (27629)  overworld=127 map2=0 battle=0 after=0
  0x6BEE (27630)  overworld=128 map2=0 battle=0 after=0
  0x6BEF (27631)  overworld=127 map2=0 battle=0 after=0
  0x6BF0 (27632)  overworld=41 map2=0 battle=0 after=0
  0x6BF1 (27633)  overworld=223 map2=0 battle=0 after=0
  0x6BF2 (27634)  overworld=41 map2=0 battle=0 after=0
  0x6BF3 (27635)  overworld=223 map2=0 battle=0 after=0
  0x6BF4 (27636)  overworld=41 map2=0 battle=0 after=0
  0x6BF5 (27637)  overworld=223 map2=0 battle=0 after=0
  0x6BF6 (27638)  overworld=9 map2=0 battle=0 after=0
  0x6BF7 (27639)  overworld=255 map2=0 battle=0 after=0
  0x6BF8 (27640)  overworld=17 map2=0 battle=0 after=0
  0x6BF9 (27641)  overworld=255 map2=0 battle=0 after=0
  0x6BFA (27642)  overworld=17 map2=0 battle=0 after=0
  0x6BFB (27643)  overworld=255 map2=0 battle=0 after=0
  0x6BFC (27644)  overworld=33 map2=0 battle=0 after=0
  0x6BFD (27645)  overworld=255 map2=0 battle=0 after=0
  0x6BFE (27646)  overworld=193 map2=0 battle=0 after=0
  0x6BFF (27647)  overworld=255 map2=0 battle=0 after=0
  (1057 listed in the log; console shows only flagged ones)
wBattleMode: 132 candidate(s)
  Expect very few. It is 0 outside a battle and non-zero inside.
  0x00A5 (  165)  overworld=0 map2=0 battle=213 after=0
  0x00D2 (  210)  overworld=0 map2=0 battle=114 after=0
  0x015A (  346)  overworld=0 map2=0 battle=1 after=0
  0x01C9 (  457)  overworld=0 map2=0 battle=52 after=0
  0x01CB (  459)  overworld=0 map2=0 battle=60 after=0
  0x01CC (  460)  overworld=0 map2=0 battle=33 after=0
  0x01CD (  461)  overworld=0 map2=0 battle=20 after=0
  0x01CF (  463)  overworld=0 map2=0 battle=239 after=0
  0x01D0 (  464)  overworld=0 map2=0 battle=115 after=0
  0x01D7 (  471)  overworld=0 map2=0 battle=64 after=0
  0x01D8 (  472)  overworld=0 map2=0 battle=248 after=0
  0x01D9 (  473)  overworld=0 map2=0 battle=64 after=0
  0x01DA (  474)  overworld=0 map2=0 battle=7 after=0
  0x01DE (  478)  overworld=0 map2=0 battle=4 after=0
  0x01DF (  479)  overworld=0 map2=0 battle=72 after=0
  0x01E2 (  482)  overworld=0 map2=0 battle=200 after=0
  0x01E4 (  484)  overworld=0 map2=0 battle=17 after=0
  0x01E5 (  485)  overworld=0 map2=0 battle=228 after=0
  0x01F0 (  496)  overworld=0 map2=0 battle=59 after=0
  0x01F6 (  502)  overworld=0 map2=0 battle=1 after=0
  0x01FB (  507)  overworld=0 map2=0 battle=52 after=0
  0x01FD (  509)  overworld=0 map2=0 battle=60 after=0
  0x01FE (  510)  overworld=0 map2=0 battle=33 after=0
  0x01FF (  511)  overworld=0 map2=0 battle=20 after=0
  0x0201 (  513)  overworld=0 map2=0 battle=6 after=0
  0x0202 (  514)  overworld=0 map2=0 battle=116 after=0
  0x0209 (  521)  overworld=0 map2=0 battle=128 after=0
  0x020A (  522)  overworld=0 map2=0 battle=146 after=0
  0x020B (  523)  overworld=0 map2=0 battle=121 after=0
  0x020C (  524)  overworld=0 map2=0 battle=7 after=0
  0x0210 (  528)  overworld=0 map2=0 battle=1 after=0
  0x0211 (  529)  overworld=0 map2=0 battle=40 after=0
  0x0214 (  532)  overworld=0 map2=0 battle=200 after=0
  0x0216 (  534)  overworld=0 map2=0 battle=34 after=0
  0x0217 (  535)  overworld=0 map2=0 battle=136 after=0
  0x0222 (  546)  overworld=0 map2=0 battle=59 after=0
  0x0228 (  552)  overworld=0 map2=0 battle=1 after=0
  0x025F (  607)  overworld=0 map2=0 battle=52 after=0
  0x0261 (  609)  overworld=0 map2=0 battle=60 after=0
  0x0262 (  610)  overworld=0 map2=0 battle=33 after=0
  0x0263 (  611)  overworld=0 map2=0 battle=16 after=0
  0x0265 (  613)  overworld=0 map2=0 battle=27 after=0
  0x0266 (  614)  overworld=0 map2=0 battle=116 after=0
  0x026E (  622)  overworld=0 map2=0 battle=100 after=0
  0x026F (  623)  overworld=0 map2=0 battle=108 after=0
  0x0274 (  628)  overworld=0 map2=0 battle=3 after=0
  0x0279 (  633)  overworld=0 map2=0 battle=1 after=0
  0x027A (  634)  overworld=0 map2=0 battle=136 after=0
  0x0286 (  646)  overworld=0 map2=0 battle=59 after=0
  0x028C (  652)  overworld=0 map2=0 battle=1 after=0
  0x029C (  668)  overworld=0 map2=0 battle=136 after=0
  0x02B0 (  688)  overworld=0 map2=0 battle=59 after=0
  0x02B2 (  690)  overworld=0 map2=0 battle=200 after=0
  0x02B4 (  692)  overworld=0 map2=0 battle=119 after=0
  0x02B6 (  694)  overworld=0 map2=0 battle=1 after=0
  0x02BC (  700)  overworld=0 map2=0 battle=1 after=0
  0x02BD (  701)  overworld=0 map2=0 battle=15 after=0
  0x0441 ( 1089)  overworld=0 map2=0 battle=64 after=0
  0x0442 ( 1090)  overworld=0 map2=0 battle=31 after=0
  0x0443 ( 1091)  overworld=0 map2=0 battle=1 after=0
  0x0445 ( 1093)  overworld=0 map2=0 battle=64 after=0
  0x0446 ( 1094)  overworld=0 map2=0 battle=32 after=0
  0x0447 ( 1095)  overworld=0 map2=0 battle=1 after=0
  0x1045 ( 4165)  overworld=0 map2=0 battle=1 after=0
  0x1051 ( 4177)  overworld=0 map2=0 battle=131 after=0
  0x1155 ( 4437)  overworld=0 map2=0 battle=2 after=0
  0x1157 ( 4439)  overworld=0 map2=0 battle=96 after=0
  0x1234 ( 4660)  overworld=0 map2=0 battle=1 after=0
  0x1235 ( 4661)  overworld=0 map2=0 battle=187 after=0
  0x143B ( 5179)  overworld=0 map2=0 battle=4 after=0
  0x143E ( 5182)  overworld=0 map2=0 battle=1 after=0
  0x143F ( 5183)  overworld=0 map2=0 battle=255 after=0
  0x14F8 ( 5368)  overworld=0 map2=0 battle=1 after=0
  0x217F ( 8575)  overworld=0 map2=0 battle=3 after=0
  0x2181 ( 8577)  overworld=0 map2=0 battle=3 after=0
  0x513E (20798)  overworld=0 map2=0 battle=2 after=0
  0x513F (20799)  overworld=0 map2=0 battle=2 after=0
  0x5140 (20800)  overworld=0 map2=0 battle=2 after=0
  0x5141 (20801)  overworld=0 map2=0 battle=2 after=0
  0x5142 (20802)  overworld=0 map2=0 battle=2 after=0
  0x5143 (20803)  overworld=0 map2=0 battle=2 after=0
  0x5144 (20804)  overworld=0 map2=0 battle=2 after=0
  0x5145 (20805)  overworld=0 map2=0 battle=2 after=0
  0x5146 (20806)  overworld=0 map2=0 battle=2 after=0
  0x5147 (20807)  overworld=0 map2=0 battle=2 after=0
  0x5148 (20808)  overworld=0 map2=0 battle=2 after=0
  0x5149 (20809)  overworld=0 map2=0 battle=2 after=0
  0x514A (20810)  overworld=0 map2=0 battle=2 after=0
  0x514B (20811)  overworld=0 map2=0 battle=2 after=0
  0x514C (20812)  overworld=0 map2=0 battle=2 after=0
  0x514D (20813)  overworld=0 map2=0 battle=2 after=0
  0x514E (20814)  overworld=0 map2=0 battle=2 after=0
  0x514F (20815)  overworld=0 map2=0 battle=2 after=0
  0x5150 (20816)  overworld=0 map2=0 battle=2 after=0
  0x5151 (20817)  overworld=0 map2=0 battle=2 after=0
  0x5152 (20818)  overworld=0 map2=0 battle=2 after=0
  0x5153 (20819)  overworld=0 map2=0 battle=2 after=0
  0x5154 (20820)  overworld=0 map2=0 battle=2 after=0
  0x5155 (20821)  overworld=0 map2=0 battle=2 after=0
  0x5156 (20822)  overworld=0 map2=0 battle=2 after=0
  0x5157 (20823)  overworld=0 map2=0 battle=2 after=0
  0x5158 (20824)  overworld=0 map2=0 battle=2 after=0
  0x5159 (20825)  overworld=0 map2=0 battle=2 after=0
  0x515A (20826)  overworld=0 map2=0 battle=2 after=0
  0x515B (20827)  overworld=0 map2=0 battle=2 after=0
  0x515C (20828)  overworld=0 map2=0 battle=2 after=0
  0x515D (20829)  overworld=0 map2=0 battle=2 after=0
  0x515E (20830)  overworld=0 map2=0 battle=2 after=0
  0x515F (20831)  overworld=0 map2=0 battle=2 after=0
  0x601F (24607)  overworld=0 map2=0 battle=127 after=0
  0x6021 (24609)  overworld=0 map2=0 battle=127 after=0
  0x6022 (24610)  overworld=0 map2=0 battle=127 after=0
  0x6028 (24616)  overworld=0 map2=0 battle=127 after=0
  0x602A (24618)  overworld=0 map2=0 battle=127 after=0
  0x6063 (24675)  overworld=0 map2=0 battle=127 after=0
  0x6065 (24677)  overworld=0 map2=0 battle=127 after=0
  0x6067 (24679)  overworld=0 map2=0 battle=127 after=0
  0x6069 (24681)  overworld=0 map2=0 battle=127 after=0
  0x606B (24683)  overworld=0 map2=0 battle=127 after=0
  0x606D (24685)  overworld=0 map2=0 battle=50 after=0
  0x606F (24687)  overworld=0 map2=0 battle=54 after=0
  0x6113 (24851)  overworld=0 map2=0 battle=127 after=0
  0x616F (24943)  overworld=0 map2=0 battle=127 after=0
  0x6231 (25137)  overworld=0 map2=0 battle=122 after=0
  0x6305 (25349)  overworld=0 map2=0 battle=127 after=0
  0x6307 (25351)  overworld=0 map2=0 battle=127 after=0
  0x6A0B (27147)  overworld=0 map2=0 battle=4 after=0
  0x6A0D (27149)  overworld=0 map2=0 battle=37 after=0
  0x6A0F (27151)  overworld=0 map2=0 battle=90 after=0
  0x6A3B (27195)  overworld=0 map2=0 battle=16 after=0
  0x6A3D (27197)  overworld=0 map2=0 battle=144 after=0
  0x6A3F (27199)  overworld=0 map2=0 battle=32 after=0
  (132 listed in the log; console shows only flagged ones)
wMapStatus: 3 candidate(s)
  Expect very few. 2 = MAPSTATUS_HANDLE, the value the gate wants.
  0x02DD (  733)  overworld=2 map2=2 battle=0 after=2
  0x0FB1 ( 4017)  overworld=2 map2=2 battle=0 after=2
  0x10F5 ( 4341)  overworld=2 map2=2 battle=0 after=2
Nothing here is filled into the adapter until a second run agrees -- a single run cannot
tell a state flag from a byte that happened to move the same way once.
