=== MeshGhost Crystal/AP wObjectStructs fingerprint (READ-ONLY) ===
Walk a few tiles on ONE axis, then a few on the OTHER. Both are required.
  tracking: 0x14DC x0/y0  0x14DE x1/y0  0x1CAF x1/y0
  tracking: 0x14DC x1/y0  0x14DE x2/y0  0x1CAF x1/y0
  tracking: 0x14DC x2/y0  0x14DE x3/y0  0x1CAF x2/y0
  tracking: 0x14DC x3/y0  0x14DE x4/y0  0x1CAF x2/y0
  tracking: 0x14DC x4/y0  0x14DE x5/y0  0x1CAF x3/y0
  tracking: 0x14DC x5/y0  0x14DE x6/y0  0x1CAF x4/y0
  tracking: 0x14DC x6/y0  0x14DE x7/y0  0x1CAF x5/y0
  tracking: 0x14DC x7/y0  0x14DE x8/y0  0x1CAF x6/y0
  tracking: 0x14DC x7/y0  0x14DE x9/y0  0x1CAF x7/y0
  tracking: 0x14DC x7/y0  0x14DE x10/y0  0x1CAF x8/y0
  tracking: 0x14DC x8/y0  0x14DE x11/y0  0x1CAF x9/y0
  tracking: 0x14DC x9/y0  0x14DE x12/y0  0x1CAF x10/y0
  tracking: 0x14DC x10/y0  0x14DE x13/y0  0x1CAF x10/y0
  tracking: 0x14DC x11/y0  0x14DE x14/y0  0x1CAF x11/y0
  tracking: 0x14DC x12/y0  0x14DE x15/y0  0x1CAF x11/y0
  tracking: 0x14DC x13/y0  0x14DE x16/y0  0x1CAF x12/y0
  tracking: 0x14DC x14/y0  0x14DE x17/y0  0x1CAF x13/y0
  tracking: 0x14DC x15/y0  0x14DE x18/y0  0x1CAF x14/y0
  tracking: 0x14DC x15/y0  0x14DE x19/y0  0x1CAF x15/y0
  tracking: 0x14DC x15/y0  0x14DE x20/y0  0x1CAF x16/y0
  tracking: 0x14DC x16/y0  0x14DE x21/y0  0x1CAF x17/y0
  tracking: 0x14DC x17/y0  0x14DE x22/y0  0x1CAF x17/y0
  tracking: 0x14DC x17/y0  0x14DE x23/y0  0x1CAF x18/y0
  tracking: 0x14DC x17/y0  0x14DE x23/y1  0x1CAF x18/y0
=== BOTH AXES SEEN ===
  0x14DC  followed X 17 time(s), Y 1 time(s), missed 6/1
  0x14DE  followed X 23 time(s), Y 2 time(s), missed 0/0
  0x1CAF  followed X 18 time(s), Y 0 time(s), missed 5/2
A base that misses an axis is a shadow of one coordinate, not an object struct.

--- 0x14DC (vanilla+6) as an array of 13 x 0x28 ---
  slot  0  sprite=  1  mapobj=  0  x= 11 y= 10
  slot  1  sprite= 41  mapobj=  1  x= 10 y= 12
  slot  2  sprite= 58  mapobj=  2  x= 16 y= 13
  slot  3  sprite=  4  mapobj=  3  x=  7 y=  6
  slot  4  sprite=  0  mapobj=  0  x=  0 y=  0
  slot  5  sprite=  0  mapobj=  0  x=  0 y=  0
  slot  6  sprite=  0  mapobj=  0  x=  0 y=  0
  slot  7  sprite=  0  mapobj=  0  x=  0 y=  0
  slot  8  sprite=  0  mapobj=  0  x=  0 y=  0
  slot  9  sprite=  0  mapobj=  0  x=  0 y=  0
  slot 10  sprite=  0  mapobj=  0  x=  0 y=  0
  slot 11  sprite=  0  mapobj=  0  x=  0 y=  0
  slot 12  sprite=  0  mapobj=  0  x=  0 y=  0
  4 of 13 slots hold a sprite.
--- its wMapObjects would be 0x1724 (+0x248), 16 x 0x10 ---
  entry  0  struct_id=  3  sprite=  4  y=  6 x=  7
  entry  1  struct_id=255  sprite=  0  y=255 x= 16
  entry  2  struct_id=255  sprite=  0  y=255 x= 29
  entry  3  struct_id=255  sprite=  0  y=255 x= 17
  entry  4  struct_id=255  sprite=  0  y=255 x= 33
  entry  5  struct_id=255  sprite=  0  y=255 x= 52
  entry  6  struct_id=  0  sprite=  0  y=255 x=  0
  entry  7  struct_id=  0  sprite=  0  y=255 x=  0
  entry  8  struct_id=  0  sprite=  0  y=255 x=  0
  entry  9  struct_id=  0  sprite=  0  y=255 x=  0
  entry 10  struct_id=  0  sprite=  0  y=255 x=  0
  entry 11  struct_id=  0  sprite=  0  y=255 x=  0
  entry 12  struct_id=  0  sprite=  0  y=255 x=  0
  entry 13  struct_id=  0  sprite=  0  y=  0 x=  0
  entry 14  struct_id=  0  sprite=  0  y=  0 x=  0
  entry 15  struct_id=  0  sprite=  0  y=  0 x=  1
  1 entry(ies) have a sprite AND a struct_id inside the array.

--- 0x14DE (vanilla+8) as an array of 13 x 0x28 ---
  slot  0  sprite=  0  mapobj= 11  x= 11 y= 11
  slot  1  sprite= 24  mapobj=  3  x= 10 y= 12
  slot  2  sprite= 36  mapobj=  4  x= 16 y= 13
  slot  3  sprite= 12  mapobj=  9  x=  7 y=  6
  slot  4  sprite=  0  mapobj=  0  x=  0 y=  0
  slot  5  sprite=  0  mapobj=  0  x=  0 y=  0
  slot  6  sprite=  0  mapobj=  0  x=  0 y=  0
  slot  7  sprite=  0  mapobj=  0  x=  0 y=  0
  slot  8  sprite=  0  mapobj=  0  x=  0 y=  0
  slot  9  sprite=  0  mapobj=  0  x=  0 y=  0
  slot 10  sprite=  0  mapobj=  0  x=  0 y=  0
  slot 11  sprite=  0  mapobj=  0  x=  0 y=  0
  slot 12  sprite=  0  mapobj=  0  x=  0 y=  0
  3 of 13 slots hold a sprite.
--- its wMapObjects would be 0x1726 (+0x248), 16 x 0x10 ---
  entry  0  struct_id=  6  sprite=  7  y=  9 x=  0
  entry  1  struct_id=255  sprite= 16  y=  1 x=  0
  entry  2  struct_id=255  sprite= 29  y=  7 x=  0
  entry  3  struct_id=255  sprite= 17  y=  6 x=  0
  entry  4  struct_id=255  sprite= 33  y=  3 x=  0
  entry  5  struct_id=255  sprite= 52  y=  1 x=  0
  entry  6  struct_id=255  sprite=  0  y=  0 x=  0
  entry  7  struct_id=255  sprite=  0  y=  0 x=  0
  entry  8  struct_id=255  sprite=  0  y=  0 x=  0
  entry  9  struct_id=255  sprite=  0  y=  0 x=  0
  entry 10  struct_id=255  sprite=  0  y=  0 x=  0
  entry 11  struct_id=255  sprite=  0  y=  0 x=  0
  entry 12  struct_id=255  sprite=  0  y=  0 x=  0
  entry 13  struct_id=  0  sprite=  0  y=255 x=255
  entry 14  struct_id=  0  sprite=  0  y= 10 x= 10
  entry 15  struct_id=  0  sprite=  1  y=  0 x=228
  2 entry(ies) have a sprite AND a struct_id inside the array.

--- 0x1CAF (vanilla+2009) as an array of 13 x 0x28 ---
  slot  0  sprite=  0  mapobj=  1  x=  7 y= 71
  slot  1  sprite=  1  mapobj= 20  x=151 y= 33
  slot  2  sprite=  0  mapobj=  0  x= 10 y=  0
  slot  3  sprite=  0  mapobj=  0  x=  0 y=  0
  slot  4  sprite=  0  mapobj=  0  x=  0 y=  0
  slot  5  sprite=  0  mapobj=  0  x=  0 y=  0
  slot  6  sprite=  0  mapobj=  0  x=  0 y=  0
  slot  7  sprite=  0  mapobj=  0  x=  0 y=  0
  slot  8  sprite=  0  mapobj=  0  x=  0 y=  0
  slot  9  sprite=  0  mapobj=  0  x=  0 y=  0
  slot 10  sprite=  0  mapobj=  0  x=136 y=139
  slot 11  sprite=  0  mapobj=  0  x=  0 y=  0
  slot 12  sprite=  0  mapobj=  0  x=  0 y=  0
  1 of 13 slots hold a sprite.
--- its wMapObjects would be 0x1EF7 (+0x248), 16 x 0x10 ---
  entry  0  struct_id=  0  sprite=  0  y=  0 x=  0
  entry  1  struct_id=  0  sprite=  0  y=  0 x=  0
  entry  2  struct_id=  0  sprite=  0  y=  0 x=  0
  entry  3  struct_id=  0  sprite=  0  y=  0 x=  0
  entry  4  struct_id=  0  sprite=  0  y=  0 x=  0
  entry  5  struct_id=  0  sprite=  0  y=  0 x=  0
  entry  6  struct_id=  0  sprite=  0  y=  0 x=  0
  entry  7  struct_id=  0  sprite=  0  y=  0 x=  0
  entry  8  struct_id=  0  sprite=  0  y=  0 x=  0
  entry  9  struct_id=  0  sprite=  0  y=  0 x=  0
  entry 10  struct_id=  0  sprite=  0  y=  0 x=  0
  entry 11  struct_id=  0  sprite=  0  y=  0 x=  0
  entry 12  struct_id=  0  sprite=  0  y=  0 x=  0
  entry 13  struct_id=  0  sprite=  0  y=  0 x=  0
  entry 14  struct_id=  0  sprite=  0  y=255 x=255
  entry 15  struct_id=255  sprite=255  y=  0 x=  0
  0 entry(ies) have a sprite AND a struct_id inside the array.

VERDICT IS YOURS TO READ, not the probe's: the real base has a non-zero sprite in
slot 0, followed BOTH axes, shows the map's NPCs in low slots with zeroes after,
and its +0x248 table points back into the array. A lookalike fails at least one.
