=== MeshGhost Crystal/AP scroll-offset probe (READ-ONLY) ===
PHASE 1 (5s): STAND COMPLETELY STILL.
PHASE 2 (15s): walk LEFT and RIGHT, back and forth. Keep moving.
PHASE 3 (15s): walk UP and DOWN, back and forth. Keep moving.
=== RESULT ===
X offset: 2 candidate(s) — still while standing, moved only on left/right
  0x0176 (  374)  18 change(s), values seen: 5 6 7
  0x0178 (  376)  18 change(s), values seen: 4 5 6
Y offset: 405 candidate(s) — still while standing, moved only on up/down
  0x02ED (  749)  15 change(s), values seen: 0 34
  0x02EE (  750)  15 change(s), values seen: 0 35
  0x02EF (  751)  16 change(s), values seen: 0 36
  0x02F0 (  752)  28 change(s), values seen: 0 1 5
  0x02F1 (  753)  28 change(s), values seen: 0 16 84
  0x02F2 (  754)  28 change(s), values seen: 0 12 36
  0x02F3 (  755)  14 change(s), values seen: 0 3
  0x02F4 (  756)  28 change(s), values seen: 0 1 6
  0x02F6 (  758)  28 change(s), values seen: 0 9 12
  0x02F7 (  759)  28 change(s), values seen: 0 6 7
  0x02FC (  764)  29 change(s), values seen: 0 7 145
  0x0410 ( 1040)  179 change(s), values seen: 62 66 70 74 78 80 82 84 86 88 90 92 94 96 98 100 102 104 106 108 ...
  0x0414 ( 1044)  179 change(s), values seen: 62 66 70 74 78 80 82 84 86 88 90 92 94 96 98 100 102 104 106 108 ...
  0x0418 ( 1048)  179 change(s), values seen: 70 74 78 82 86 88 90 92 94 96 98 100 102 104 106 108 110 112 114 116 ...
  0x041C ( 1052)  179 change(s), values seen: 70 74 78 82 86 88 90 92 94 96 98 100 102 104 106 108 110 112 114 116 ...
  0x0420 ( 1056)  153 change(s), values seen: 0 2 4 6 8 10 12 14 18 22 26 30 34 38 42 160 238 242 246 250 ...
  0x0424 ( 1060)  153 change(s), values seen: 0 2 4 6 8 10 12 14 18 22 26 30 34 38 42 160 238 242 246 250 ...
  0x0428 ( 1064)  153 change(s), values seen: 2 4 6 8 10 12 14 16 18 20 22 26 30 34 38 42 46 50 160 246 ...
  0x042C ( 1068)  153 change(s), values seen: 2 4 6 8 10 12 14 16 18 20 22 26 30 34 38 42 46 50 160 246 ...
  0x0430 ( 1072)  153 change(s), values seen: 0 2 4 6 8 10 12 14 18 22 26 30 34 38 42 160 238 242 246 250 ...
  0x0434 ( 1076)  153 change(s), values seen: 0 2 4 6 8 10 12 14 18 22 26 30 34 38 42 160 238 242 246 250 ...
  0x0438 ( 1080)  153 change(s), values seen: 2 4 6 8 10 12 14 16 18 20 22 26 30 34 38 42 46 50 160 246 ...
  0x043C ( 1084)  153 change(s), values seen: 2 4 6 8 10 12 14 16 18 20 22 26 30 34 38 42 46 50 160 246 ...
  0x0440 ( 1088)  92 change(s), values seen: 2 6 10 14 18 22 26 160 238 242 246 250 252 254
  0x0444 ( 1092)  92 change(s), values seen: 2 6 10 14 18 22 26 160 238 242 246 250 252 254
  0x0448 ( 1096)  92 change(s), values seen: 2 4 6 10 14 18 22 26 30 34 160 246 250 254
  0x044C ( 1100)  92 change(s), values seen: 2 4 6 10 14 18 22 26 30 34 160 246 250 254
  0x04AC ( 1196)  48 change(s), values seen: 3 5 16 37
  0x04AD ( 1197)  48 change(s), values seen: 4 6 7 16 38
  0x04C0 ( 1216)  33 change(s), values seen: 3 16 19 21
  0x04C1 ( 1217)  33 change(s), values seen: 4 16 20 22
  0x051A ( 1306)  44 change(s), values seen: 3 5 16
  0x051B ( 1307)  44 change(s), values seen: 4 7 16
  0x051C ( 1308)  46 change(s), values seen: 3 5 16 145
  0x051D ( 1309)  46 change(s), values seen: 4 7 16 146
  0x051E ( 1310)  46 change(s), values seen: 3 5 16 133 147
  0x051F ( 1311)  46 change(s), values seen: 4 7 16 134 148
  0x0524 ( 1316)  46 change(s), values seen: 3 5 16 37
  0x0525 ( 1317)  46 change(s), values seen: 4 7 16 38
  0x052E ( 1326)  44 change(s), values seen: 3 16 19
  0x052F ( 1327)  44 change(s), values seen: 4 16 20
  0x0530 ( 1328)  46 change(s), values seen: 3 16 19 129 161
  0x0531 ( 1329)  46 change(s), values seen: 4 16 20 130 162
  0x0532 ( 1330)  46 change(s), values seen: 3 16 19 131 163
  0x0533 ( 1331)  46 change(s), values seen: 4 16 20 132 164
  0x0538 ( 1336)  44 change(s), values seen: 3 16 19
  0x0539 ( 1337)  44 change(s), values seen: 4 16 20
  0x0542 ( 1346)  31 change(s), values seen: 3 5 16
  0x0543 ( 1347)  31 change(s), values seen: 4 7 16
  0x0544 ( 1348)  31 change(s), values seen: 3 5 16 145
  0x0545 ( 1349)  31 change(s), values seen: 4 7 16 146
  0x0546 ( 1350)  31 change(s), values seen: 3 5 16 147
  0x0547 ( 1351)  31 change(s), values seen: 4 7 16 148
  0x054C ( 1356)  31 change(s), values seen: 3 5 16
  0x054D ( 1357)  31 change(s), values seen: 4 7 16
  0x0556 ( 1366)  31 change(s), values seen: 3 16 19
  0x0557 ( 1367)  31 change(s), values seen: 4 16 20
  0x0558 ( 1368)  31 change(s), values seen: 3 16 19 161
  0x0559 ( 1369)  31 change(s), values seen: 4 16 20 162
  0x055A ( 1370)  31 change(s), values seen: 3 16 19 163
  0x055B ( 1371)  31 change(s), values seen: 4 16 20 164
  0x0560 ( 1376)  31 change(s), values seen: 3 16 19
  0x0561 ( 1377)  31 change(s), values seen: 4 16 20
  0x056A ( 1386)  14 change(s), values seen: 3 5 16
  0x056B ( 1387)  14 change(s), values seen: 4 7 16
  0x056C ( 1388)  14 change(s), values seen: 3 5 16
  0x056D ( 1389)  14 change(s), values seen: 4 7 16
  0x056E ( 1390)  14 change(s), values seen: 3 5 16
  0x056F ( 1391)  14 change(s), values seen: 4 7 16
  0x0574 ( 1396)  14 change(s), values seen: 3 5 16
  0x0575 ( 1397)  14 change(s), values seen: 4 7 16
  0x057E ( 1406)  14 change(s), values seen: 3 16 19
  0x057F ( 1407)  14 change(s), values seen: 4 16 20
  0x0580 ( 1408)  14 change(s), values seen: 3 16 19
  0x0581 ( 1409)  14 change(s), values seen: 4 16 20
  0x0582 ( 1410)  14 change(s), values seen: 3 16 19
  0x0583 ( 1411)  14 change(s), values seen: 4 16 20
  0x0588 ( 1416)  14 change(s), values seen: 3 16 19
  0x0589 ( 1417)  14 change(s), values seen: 4 16 20
  0x05B8 ( 1464)  17 change(s), values seen: 0 16 96
  0x05B9 ( 1465)  17 change(s), values seen: 0 16 96
  0x05BA ( 1466)  17 change(s), values seen: 0 16 96
  0x05BB ( 1467)  17 change(s), values seen: 0 16 96
  0x05BC ( 1468)  17 change(s), values seen: 0 16 96
  0x05BD ( 1469)  17 change(s), values seen: 0 16 96
  0x05BE ( 1470)  17 change(s), values seen: 0 16 96
  0x05BF ( 1471)  17 change(s), values seen: 0 16 96
  0x05C0 ( 1472)  33 change(s), values seen: 0 2 16 96
  0x05C1 ( 1473)  33 change(s), values seen: 0 2 16 96
  0x05C2 ( 1474)  33 change(s), values seen: 0 2 16 96
  0x05C3 ( 1475)  33 change(s), values seen: 0 2 16 96
  0x05C4 ( 1476)  17 change(s), values seen: 0 16 96
  0x05C5 ( 1477)  17 change(s), values seen: 0 16 96
  0x05C6 ( 1478)  17 change(s), values seen: 0 16 96
  0x05C7 ( 1479)  17 change(s), values seen: 0 16 96
  0x05C8 ( 1480)  17 change(s), values seen: 0 16 96
  0x05C9 ( 1481)  17 change(s), values seen: 0 16 96
  0x05CA ( 1482)  17 change(s), values seen: 0 16 96
  0x05CB ( 1483)  17 change(s), values seen: 0 16 96
  0x05CC ( 1484)  17 change(s), values seen: 0 16 96
  0x05CD ( 1485)  17 change(s), values seen: 0 16 96
  0x05CE ( 1486)  17 change(s), values seen: 0 16 96
  0x05CF ( 1487)  17 change(s), values seen: 0 16 96
  0x05D0 ( 1488)  17 change(s), values seen: 0 16 96
  0x05D1 ( 1489)  17 change(s), values seen: 0 16 96
  0x05D2 ( 1490)  17 change(s), values seen: 0 16 96
  0x05D3 ( 1491)  17 change(s), values seen: 0 16 96
  0x05D4 ( 1492)  33 change(s), values seen: 0 16 18 96
  0x05D5 ( 1493)  33 change(s), values seen: 0 16 18 96
  0x05D6 ( 1494)  33 change(s), values seen: 0 16 18 96
  0x05D7 ( 1495)  35 change(s), values seen: 0 16 18 96
  0x05D8 ( 1496)  19 change(s), values seen: 0 16 96
  0x05D9 ( 1497)  19 change(s), values seen: 0 16 96
  0x05DA ( 1498)  19 change(s), values seen: 0 16 96
  0x05DB ( 1499)  19 change(s), values seen: 0 16 96
  0x05DC ( 1500)  19 change(s), values seen: 0 16 96
  0x05DD ( 1501)  19 change(s), values seen: 0 16 96
  0x05DE ( 1502)  19 change(s), values seen: 0 16 96
  0x05DF ( 1503)  19 change(s), values seen: 0 16 96
  0x05E0 ( 1504)  20 change(s), values seen: 0 16 96
  0x05E1 ( 1505)  20 change(s), values seen: 0 16 96
  0x05E2 ( 1506)  20 change(s), values seen: 0 16 96
  0x05E3 ( 1507)  20 change(s), values seen: 0 16 96
  0x05E4 ( 1508)  20 change(s), values seen: 0 16 96
  0x05E5 ( 1509)  20 change(s), values seen: 0 16 96
  0x05E6 ( 1510)  20 change(s), values seen: 0 16 96
  0x05E7 ( 1511)  20 change(s), values seen: 0 16 96
  0x05E8 ( 1512)  32 change(s), values seen: 0 2 16 96
  0x05E9 ( 1513)  32 change(s), values seen: 0 2 16 96
  0x05EA ( 1514)  32 change(s), values seen: 0 2 16 96
  0x05EB ( 1515)  32 change(s), values seen: 0 2 16 96
  0x05EC ( 1516)  20 change(s), values seen: 0 16 96
  0x05ED ( 1517)  20 change(s), values seen: 0 16 96
  0x05EE ( 1518)  20 change(s), values seen: 0 16 96
  0x05EF ( 1519)  20 change(s), values seen: 0 16 96
  0x05F0 ( 1520)  20 change(s), values seen: 0 16 96
  0x05F1 ( 1521)  20 change(s), values seen: 0 16 96
  0x05F2 ( 1522)  20 change(s), values seen: 0 16 96
  0x05F3 ( 1523)  20 change(s), values seen: 0 16 96
  0x05F4 ( 1524)  20 change(s), values seen: 0 16 96
  0x05F5 ( 1525)  20 change(s), values seen: 0 16 96
  0x05F6 ( 1526)  20 change(s), values seen: 0 16 96
  0x05F7 ( 1527)  20 change(s), values seen: 0 16 96
  0x05F8 ( 1528)  20 change(s), values seen: 0 16 96
  0x05F9 ( 1529)  20 change(s), values seen: 0 16 96
  0x05FA ( 1530)  20 change(s), values seen: 0 16 96
  0x05FB ( 1531)  20 change(s), values seen: 0 16 96
  0x05FC ( 1532)  32 change(s), values seen: 0 16 18 96
  0x05FD ( 1533)  32 change(s), values seen: 0 16 18 96
  0x05FE ( 1534)  32 change(s), values seen: 0 16 18 96
  0x05FF ( 1535)  32 change(s), values seen: 0 16 18 96
  0x0600 ( 1536)  20 change(s), values seen: 0 16 96
  0x0601 ( 1537)  20 change(s), values seen: 0 16 96
  0x0602 ( 1538)  20 change(s), values seen: 0 16 96
  0x0603 ( 1539)  20 change(s), values seen: 0 16 96
  0x0604 ( 1540)  20 change(s), values seen: 0 16 96
  0x0605 ( 1541)  20 change(s), values seen: 0 16 96
  0x0606 ( 1542)  20 change(s), values seen: 0 16 96
  0x0607 ( 1543)  20 change(s), values seen: 0 16 96
  0x060C ( 1548)  21 change(s), values seen: 1 5 16 37
  0x060D ( 1549)  21 change(s), values seen: 1 7 16 38
  0x0644 ( 1604)  21 change(s), values seen: 3 5 16
  0x0645 ( 1605)  21 change(s), values seen: 4 6 16
  0x0646 ( 1606)  21 change(s), values seen: 3 6 16
  0x0647 ( 1607)  21 change(s), values seen: 4 6 16
  0x065C ( 1628)  21 change(s), values seen: 16 19 21
  0x065D ( 1629)  21 change(s), values seen: 16 20 22
  0x065E ( 1630)  21 change(s), values seen: 16 19 22
  0x065F ( 1631)  21 change(s), values seen: 16 20 22
  0x06CC ( 1740)  19 change(s), values seen: 5 16
  0x06CD ( 1741)  19 change(s), values seen: 7 16
  0x06CE ( 1742)  19 change(s), values seen: 5 16 133
  0x06CF ( 1743)  19 change(s), values seen: 7 16 134
  0x06D4 ( 1748)  19 change(s), values seen: 5 16 37
  0x06D5 ( 1749)  19 change(s), values seen: 7 16 38
  0x06D6 ( 1750)  19 change(s), values seen: 5 16 38
  0x06D7 ( 1751)  19 change(s), values seen: 7 16 38
  0x06E4 ( 1764)  19 change(s), values seen: 3 16 129
  0x06E5 ( 1765)  19 change(s), values seen: 4 16 130
  0x06E6 ( 1766)  19 change(s), values seen: 3 16 131
  0x06E7 ( 1767)  19 change(s), values seen: 4 16 132
  0x06EC ( 1772)  19 change(s), values seen: 3 16
  0x06ED ( 1773)  19 change(s), values seen: 4 16
  0x06EE ( 1774)  19 change(s), values seen: 3 16
  0x06EF ( 1775)  19 change(s), values seen: 4 16
  0x06FC ( 1788)  19 change(s), values seen: 3 16 145
  0x06FD ( 1789)  19 change(s), values seen: 4 16 146
  0x06FE ( 1790)  19 change(s), values seen: 3 16 147
  0x06FF ( 1791)  19 change(s), values seen: 4 16 148
  0x0704 ( 1796)  19 change(s), values seen: 3 16
  0x0705 ( 1797)  19 change(s), values seen: 4 16
  0x0706 ( 1798)  19 change(s), values seen: 3 16
  0x0707 ( 1799)  19 change(s), values seen: 4 16
  0x0714 ( 1812)  19 change(s), values seen: 16 19 161
  0x0715 ( 1813)  19 change(s), values seen: 16 20 162
  0x0716 ( 1814)  19 change(s), values seen: 16 19 163
  0x0717 ( 1815)  19 change(s), values seen: 16 20 164
  0x071C ( 1820)  19 change(s), values seen: 16 19
  0x071D ( 1821)  19 change(s), values seen: 16 20
  0x071E ( 1822)  19 change(s), values seen: 16 19
  0x071F ( 1823)  19 change(s), values seen: 16 20
  0x0788 ( 1928)  17 change(s), values seen: 0 16
  0x0789 ( 1929)  17 change(s), values seen: 0 16
  0x078A ( 1930)  17 change(s), values seen: 0 16
  0x078B ( 1931)  17 change(s), values seen: 0 16
  0x078C ( 1932)  17 change(s), values seen: 0 16
  0x078D ( 1933)  17 change(s), values seen: 0 16
  0x078E ( 1934)  17 change(s), values seen: 0 16
  0x078F ( 1935)  17 change(s), values seen: 0 16
  0x0790 ( 1936)  17 change(s), values seen: 0 16
  0x0791 ( 1937)  17 change(s), values seen: 0 16
  0x0792 ( 1938)  17 change(s), values seen: 0 16
  0x0793 ( 1939)  17 change(s), values seen: 0 16
  0x0794 ( 1940)  17 change(s), values seen: 0 16
  0x0795 ( 1941)  17 change(s), values seen: 0 16
  0x0796 ( 1942)  17 change(s), values seen: 0 16
  0x0797 ( 1943)  17 change(s), values seen: 0 16
  0x0798 ( 1944)  17 change(s), values seen: 0 16
  0x0799 ( 1945)  17 change(s), values seen: 0 16
  0x079A ( 1946)  17 change(s), values seen: 0 16
  0x079B ( 1947)  17 change(s), values seen: 0 16
  0x07A0 ( 1952)  17 change(s), values seen: 0 16
  0x07A1 ( 1953)  17 change(s), values seen: 0 16
  0x07A2 ( 1954)  17 change(s), values seen: 0 16
  0x07A3 ( 1955)  17 change(s), values seen: 0 16
  0x07A4 ( 1956)  17 change(s), values seen: 0 16
  0x07A5 ( 1957)  17 change(s), values seen: 0 16
  0x07A6 ( 1958)  17 change(s), values seen: 0 16
  0x07A7 ( 1959)  17 change(s), values seen: 0 16
  0x07A8 ( 1960)  17 change(s), values seen: 0 16
  0x07A9 ( 1961)  17 change(s), values seen: 0 16
  0x07AA ( 1962)  17 change(s), values seen: 0 16
  0x07AB ( 1963)  17 change(s), values seen: 0 16
  0x07AC ( 1964)  17 change(s), values seen: 0 16
  0x07AD ( 1965)  17 change(s), values seen: 0 16
  0x07AE ( 1966)  17 change(s), values seen: 0 16
  0x07AF ( 1967)  17 change(s), values seen: 0 16
  0x07B0 ( 1968)  17 change(s), values seen: 0 16
  0x07B1 ( 1969)  17 change(s), values seen: 0 16
  0x07B2 ( 1970)  17 change(s), values seen: 0 16
  0x07B3 ( 1971)  17 change(s), values seen: 0 16
  0x07B8 ( 1976)  17 change(s), values seen: 0 16
  0x07B9 ( 1977)  17 change(s), values seen: 0 16
  0x07BA ( 1978)  17 change(s), values seen: 0 16
  0x07BB ( 1979)  17 change(s), values seen: 0 16
  0x07BC ( 1980)  17 change(s), values seen: 0 16
  0x07BD ( 1981)  17 change(s), values seen: 0 16
  0x07BE ( 1982)  17 change(s), values seen: 0 16
  0x07BF ( 1983)  17 change(s), values seen: 0 16
  0x07C0 ( 1984)  19 change(s), values seen: 0 2 16
  0x07C1 ( 1985)  19 change(s), values seen: 0 2 16
  0x07C2 ( 1986)  19 change(s), values seen: 0 2 16
  0x07C3 ( 1987)  19 change(s), values seen: 0 2 16
  0x07C4 ( 1988)  17 change(s), values seen: 0 16
  0x07C5 ( 1989)  17 change(s), values seen: 0 16
  0x07C6 ( 1990)  17 change(s), values seen: 0 16
  0x07C7 ( 1991)  17 change(s), values seen: 0 16
  0x07C8 ( 1992)  17 change(s), values seen: 0 16
  0x07C9 ( 1993)  17 change(s), values seen: 0 16
  0x07CA ( 1994)  17 change(s), values seen: 0 16
  0x07CB ( 1995)  17 change(s), values seen: 0 16
  0x07D0 ( 2000)  17 change(s), values seen: 0 16
  0x07D1 ( 2001)  17 change(s), values seen: 0 16
  0x07D2 ( 2002)  17 change(s), values seen: 0 16
  0x07D3 ( 2003)  17 change(s), values seen: 0 16
  0x07D4 ( 2004)  17 change(s), values seen: 0 16
  0x07D5 ( 2005)  17 change(s), values seen: 0 16
  0x07D6 ( 2006)  17 change(s), values seen: 0 16
  0x07D7 ( 2007)  17 change(s), values seen: 0 16
  0x07D8 ( 2008)  19 change(s), values seen: 0 16 18
  0x07D9 ( 2009)  19 change(s), values seen: 0 16 18
  0x07DA ( 2010)  19 change(s), values seen: 0 16 18
  0x07DB ( 2011)  19 change(s), values seen: 0 16 18
  0x07DC ( 2012)  17 change(s), values seen: 0 16
  0x07DD ( 2013)  17 change(s), values seen: 0 16
  0x07DE ( 2014)  17 change(s), values seen: 0 16
  0x07DF ( 2015)  17 change(s), values seen: 0 16
  0x07E0 ( 2016)  17 change(s), values seen: 0 16
  0x07E1 ( 2017)  17 change(s), values seen: 0 16
  0x07E2 ( 2018)  17 change(s), values seen: 0 16
  0x07E3 ( 2019)  17 change(s), values seen: 0 16
  0x0D3C ( 3388)  23 change(s), values seen: 0 16 18
  0x0D3D ( 3389)  23 change(s), values seen: 0 16 18
  0x0D3E ( 3390)  23 change(s), values seen: 0 16 18
  0x0D3F ( 3391)  23 change(s), values seen: 0 16 18
  0x0D40 ( 3392)  33 change(s), values seen: 0 16 19 21
  0x0D41 ( 3393)  33 change(s), values seen: 0 16 20 22
  0x0D42 ( 3394)  33 change(s), values seen: 0 16 19 22
  0x0D43 ( 3395)  33 change(s), values seen: 0 16 20 22
  0x0D44 ( 3396)  33 change(s), values seen: 0 16 19 22
  0x0D45 ( 3397)  33 change(s), values seen: 0 16 20 23
  0x0D46 ( 3398)  33 change(s), values seen: 0 16 19 30
  0x0D47 ( 3399)  33 change(s), values seen: 0 16 20 31
  0x0D54 ( 3412)  19 change(s), values seen: 0 5
  0x0D55 ( 3413)  19 change(s), values seen: 0 5
  0x0D56 ( 3414)  19 change(s), values seen: 0 5
  0x0D57 ( 3415)  19 change(s), values seen: 0 5
  0x0D58 ( 3416)  19 change(s), values seen: 0 5
  0x0D59 ( 3417)  19 change(s), values seen: 0 5
  0x0D60 ( 3424)  16 change(s), values seen: 0 8
  0x0D61 ( 3425)  16 change(s), values seen: 0 8
  0x0D62 ( 3426)  16 change(s), values seen: 0 8
  0x0D63 ( 3427)  16 change(s), values seen: 0 8
  0x0D64 ( 3428)  12 change(s), values seen: 0 1
  0x0D65 ( 3429)  12 change(s), values seen: 0 1
  0x0D66 ( 3430)  12 change(s), values seen: 0 1
  0x0D67 ( 3431)  12 change(s), values seen: 0 1
  0x0D68 ( 3432)  19 change(s), values seen: 0 5
  0x0D69 ( 3433)  19 change(s), values seen: 0 5
  0x0D6A ( 3434)  19 change(s), values seen: 0 5
  0x0D6B ( 3435)  19 change(s), values seen: 0 5
  0x0D6C ( 3436)  19 change(s), values seen: 0 5
  0x0D6D ( 3437)  19 change(s), values seen: 0 5
  0x0D89 ( 3465)  24 change(s), values seen: 152 153 154 155
  0x0D8B ( 3467)  24 change(s), values seen: 152 153 154 155
  0x0D8D ( 3469)  24 change(s), values seen: 152 153 154 155
  0x0D8F ( 3471)  24 change(s), values seen: 152 153 154 155
  0x0D91 ( 3473)  24 change(s), values seen: 152 153 154 155
  0x0D93 ( 3475)  24 change(s), values seen: 152 153 154 155
  0x0D94 ( 3476)  48 change(s), values seen: 48 112 176 240
  0x0D95 ( 3477)  24 change(s), values seen: 152 153 154 155
  0x0D96 ( 3478)  48 change(s), values seen: 50 114 178 242
  0x0D97 ( 3479)  24 change(s), values seen: 152 153 154 155
  0x1046 ( 4166)  19 change(s), values seen: 0 1 255
  0x1154 ( 4436)  190 change(s), values seen: 16 20 24 28 32 36 38 40 42 44 46 48 52 54 56 58 60 62 64 68 ...
  0x1156 ( 4438)  20 change(s), values seen: 0 2 254
  0x115A ( 4442)  12 change(s), values seen: 154 155
  0x119D ( 4509)  48 change(s), values seen: 0 1
  0x14ED ( 5357)  48 change(s), values seen: 9 10 11 12 13 14
  0x14EF ( 5359)  47 change(s), values seen: 9 10 11 12 13 14
  0x14F4 ( 5364)  192 change(s), values seen: 0 2 4 6 8 10 12 14 16 18 20 22 24 26 28 30 32 36 40 44 ...
  0x152C ( 5420)  15 change(s), values seen: 0 84
  0x152D ( 5421)  15 change(s), values seen: 0 4
  0x152E ( 5422)  15 change(s), values seen: 0 36
  0x152F ( 5423)  15 change(s), values seen: 0 1
  0x1530 ( 5424)  15 change(s), values seen: 0 12
  0x1533 ( 5427)  15 change(s), values seen: 0 255
  0x1535 ( 5429)  15 change(s), values seen: 0 5
  0x1537 ( 5431)  15 change(s), values seen: 0 1
  0x1539 ( 5433)  14 change(s), values seen: 0 255
  0x153A ( 5434)  15 change(s), values seen: 0 7
  0x153B ( 5435)  15 change(s), values seen: 0 7
  0x153C ( 5436)  15 change(s), values seen: 0 11
  0x153D ( 5437)  15 change(s), values seen: 0 7
  0x153E ( 5438)  15 change(s), values seen: 0 11
  0x153F ( 5439)  15 change(s), values seen: 0 7
  0x1540 ( 5440)  15 change(s), values seen: 0 11
  0x1541 ( 5441)  15 change(s), values seen: 0 7
  0x1542 ( 5442)  15 change(s), values seen: 0 17
  0x1543 ( 5443)  15 change(s), values seen: 0 112
  0x1544 ( 5444)  15 change(s), values seen: 0 192
  0x1548 ( 5448)  15 change(s), values seen: 0 1
  0x1554 ( 5460)  15 change(s), values seen: 0 84
  0x1555 ( 5461)  15 change(s), values seen: 0 5
  0x1556 ( 5462)  15 change(s), values seen: 0 36
  0x1557 ( 5463)  15 change(s), values seen: 0 1
  0x1558 ( 5464)  15 change(s), values seen: 0 12
  0x155B ( 5467)  15 change(s), values seen: 0 255
  0x155D ( 5469)  15 change(s), values seen: 0 5
  0x155F ( 5471)  15 change(s), values seen: 0 1
  0x1561 ( 5473)  14 change(s), values seen: 0 255
  0x1562 ( 5474)  15 change(s), values seen: 0 7
  0x1563 ( 5475)  15 change(s), values seen: 0 7
  0x1564 ( 5476)  15 change(s), values seen: 0 12
  0x1565 ( 5477)  15 change(s), values seen: 0 7
  0x1566 ( 5478)  15 change(s), values seen: 0 12
  0x1567 ( 5479)  15 change(s), values seen: 0 7
  0x1568 ( 5480)  15 change(s), values seen: 0 12
  0x1569 ( 5481)  15 change(s), values seen: 0 7
  0x156A ( 5482)  15 change(s), values seen: 0 17
  0x156B ( 5483)  15 change(s), values seen: 0 128
  0x156C ( 5484)  15 change(s), values seen: 0 192
  0x1570 ( 5488)  15 change(s), values seen: 0 1
  0x157C ( 5500)  16 change(s), values seen: 0 16
  0x157D ( 5501)  16 change(s), values seen: 0 1
  0x157E ( 5502)  16 change(s), values seen: 0 12
  0x157F ( 5503)  16 change(s), values seen: 0 6
  0x1582 ( 5506)  16 change(s), values seen: 0 3
  0x1583 ( 5507)  16 change(s), values seen: 0 255
  0x1585 ( 5509)  16 change(s), values seen: 0 5
  0x1587 ( 5511)  16 change(s), values seen: 0 1
  0x1588 ( 5512)  16 change(s), values seen: 0 1
  0x1589 ( 5513)  14 change(s), values seen: 0 255
  0x158C ( 5516)  16 change(s), values seen: 0 9
  0x158D ( 5517)  16 change(s), values seen: 0 6
  0x158E ( 5518)  16 change(s), values seen: 0 9
  0x158F ( 5519)  16 change(s), values seen: 0 6
  0x1590 ( 5520)  16 change(s), values seen: 0 9
  0x1591 ( 5521)  16 change(s), values seen: 0 6
  0x1592 ( 5522)  16 change(s), values seen: 0 17
  0x1593 ( 5523)  16 change(s), values seen: 0 80
  0x1594 ( 5524)  16 change(s), values seen: 0 176
  0x1598 ( 5528)  16 change(s), values seen: 0 1
  0x16F3 ( 5875)  15 change(s), values seen: 3 4
  0x1704 ( 5892)  16 change(s), values seen: 4 255
  0x1734 ( 5940)  15 change(s), values seen: 2 255
  0x1744 ( 5956)  15 change(s), values seen: 3 255
  0x1CBE ( 7358)  47 change(s), values seen: 5 6 7 8 9 10
  0x1CCD ( 7373)  19 change(s), values seen: 1 4 33
  0x1CCF ( 7375)  19 change(s), values seen: 1 4 10
  0x1CD8 ( 7384)  17 change(s), values seen: 0 1
  0x1CD9 ( 7385)  17 change(s), values seen: 0 1
  0x1CDA ( 7386)  19 change(s), values seen: 0 1 2
  0x1CDB ( 7387)  17 change(s), values seen: 0 1
  0x1CDC ( 7388)  17 change(s), values seen: 0 1
A scroll offset walks through a RUN of values (0 2 4 6 ... or 15 14 13 ...), not two or
three of them — that is what tells it from a flag that flips while you happen to walk.
