=== MeshGhost Crystal/AP wObjectStructs fingerprint (READ-ONLY) ===
Walk a few tiles on ONE axis, then a few on the OTHER. Both are required.
  tracking: 0x14DC x0/y1  0x14DE x0/y1  0x1CAF x0/y0
  tracking: 0x14DC x0/y2  0x14DE x0/y2  0x1CAF x0/y0
  tracking: 0x14DC x0/y3  0x14DE x0/y3  0x1CAF x0/y0
  tracking: 0x14DC x0/y4  0x14DE x0/y4  0x1CAF x0/y0
  tracking: 0x14DC x0/y5  0x14DE x0/y5  0x1CAF x0/y0
  tracking: 0x14DC x0/y6  0x14DE x0/y6  0x1CAF x0/y0
  tracking: 0x14DC x0/y7  0x14DE x0/y7  0x1CAF x0/y0
  tracking: 0x14DC x0/y8  0x14DE x0/y8  0x1CAF x0/y0
  tracking: 0x14DC x0/y9  0x14DE x0/y9  0x1CAF x0/y0
  tracking: 0x14DC x0/y10  0x14DE x0/y10  0x1CAF x0/y0
  tracking: 0x14DC x0/y11  0x14DE x0/y11  0x1CAF x0/y0
  tracking: 0x14DC x0/y11  0x14DE x0/y12  0x1CAF x0/y0
  tracking: 0x14DC x0/y12  0x14DE x0/y13  0x1CAF x0/y0
  tracking: 0x14DC x0/y13  0x14DE x0/y14  0x1CAF x0/y0
  tracking: 0x14DC x0/y14  0x14DE x0/y15  0x1CAF x0/y0
  tracking: 0x14DC x0/y15  0x14DE x0/y16  0x1CAF x0/y0
  tracking: 0x14DC x0/y16  0x14DE x0/y17  0x1CAF x0/y0
  tracking: 0x14DC x0/y17  0x14DE x0/y18  0x1CAF x0/y0
  tracking: 0x14DC x0/y18  0x14DE x0/y19  0x1CAF x0/y0
  tracking: 0x14DC x0/y19  0x14DE x0/y20  0x1CAF x0/y0
  tracking: 0x14DC x0/y20  0x14DE x0/y21  0x1CAF x0/y0
  tracking: 0x14DC x0/y20  0x14DE x0/y22  0x1CAF x0/y0
  tracking: 0x14DC x0/y21  0x14DE x0/y23  0x1CAF x0/y0
  tracking: 0x14DC x0/y22  0x14DE x0/y24  0x1CAF x0/y0
  tracking: 0x14DC x0/y23  0x14DE x0/y25  0x1CAF x0/y0
  tracking: 0x14DC x0/y24  0x14DE x0/y26  0x1CAF x0/y0
  tracking: 0x14DC x0/y25  0x14DE x0/y27  0x1CAF x0/y0
  tracking: 0x14DC x0/y26  0x14DE x0/y28  0x1CAF x0/y0
  tracking: 0x14DC x0/y26  0x14DE x1/y28  0x1CAF x0/y0
=== BOTH AXES SEEN ===
  0x14DC  followed X 1 time(s), Y 26 time(s), missed 1/2
  0x14DE  followed X 2 time(s), Y 28 time(s), missed 0/0
  0x1CAF  followed X 1 time(s), Y 0 time(s), missed 1/28
A base that misses an axis is a shadow of one coordinate, not an object struct.

--- 0x14DC (vanilla+6) as an array of 13 x 0x28 ---
  slot  0  sprite=  1  mapobj=  0  x= 14 y= 13
  slot  1  sprite= 58  mapobj=  2  x= 16 y= 13
  slot  2  sprite= 41  mapobj=  1  x= 10 y= 12
  slot  3  sprite=  0  mapobj=  0  x=  0 y=  0
  slot  4  sprite=  0  mapobj=  0  x=  0 y=  0
  slot  5  sprite=  0  mapobj=  0  x=  0 y=  0
  slot  6  sprite=  0  mapobj=  0  x=  0 y=  0
  slot  7  sprite=  0  mapobj=  0  x=  0 y=  0
  slot  8  sprite=  0  mapobj=  0  x=  0 y=  0
  slot  9  sprite=  0  mapobj=  0  x=  0 y=  0
  slot 10  sprite=  0  mapobj=  0  x=  0 y=  0
  slot 11  sprite=  0  mapobj=  0  x=  0 y=  0
  slot 12  sprite=  0  mapobj=  0  x=  0 y=  0
  3 of 13 slots hold a sprite.
--- its wMapObjects would be 0x1724 (+0x248), 16 x 0x10 ---
  entry  0  struct_id=255  sprite=  4  y=  6 x=  7
  entry  1  struct_id=255  sprite=  0  y=255 x= 16
  entry  2  struct_id=255  sprite=  0  y=255 x= 29
  entry  3  struct_id=255  sprite=  0  y=255 x= 17
  entry  4  struct_id=255  sprite=  0  y=255 x= 33
  entry  5  struct_id=255  sprite=  0  y=255 x= 52
  entry  6  struct_id=  0  sprite=  0  y=255 x=  0
  entry  7  struct_id=  0  sprite=  0  y=255 x=  0
  entry  8  struct_id=  0  sprite=  0  y=255 x=  0
  entry  9  struct_id=  0  sprite=  0  y=255 x=  0
  entry 10  struct_id=  0  sprite=  0  y=255 x=  0
  entry 11  struct_id=  0  sprite=  0  y=255 x=  0
  entry 12  struct_id=  0  sprite=  0  y=255 x=  0
  entry 13  struct_id=  0  sprite=  0  y=  0 x=  0
  entry 14  struct_id=  0  sprite=  0  y=  0 x=  0
  entry 15  struct_id=  0  sprite=  0  y=  0 x=  1
  0 entry(ies) have a sprite AND a struct_id inside the array.

--- 0x14DE (vanilla+8) as an array of 13 x 0x28 ---
  slot  0  sprite=  0  mapobj= 11  x= 13 y= 13
  slot  1  sprite= 36  mapobj=  4  x= 16 y= 13
  slot  2  sprite= 24  mapobj=  3  x= 10 y= 12
  slot  3  sprite=  0  mapobj=  0  x=  0 y=  0
  slot  4  sprite=  0  mapobj=  0  x=  0 y=  0
  slot  5  sprite=  0  mapobj=  0  x=  0 y=  0
  slot  6  sprite=  0  mapobj=  0  x=  0 y=  0
  slot  7  sprite=  0  mapobj=  0  x=  0 y=  0
  slot  8  sprite=  0  mapobj=  0  x=  0 y=  0
  slot  9  sprite=  0  mapobj=  0  x=  0 y=  0
  slot 10  sprite=  0  mapobj=  0  x=  0 y=  0
  slot 11  sprite=  0  mapobj=  0  x=  0 y=  0
  slot 12  sprite=  0  mapobj=  0  x=  0 y=  0
  2 of 13 slots hold a sprite.
--- its wMapObjects would be 0x1726 (+0x248), 16 x 0x10 ---
  entry  0  struct_id=  6  sprite=  7  y=  9 x=  0
  entry  1  struct_id=255  sprite= 16  y=  1 x=  0
  entry  2  struct_id=255  sprite= 29  y=  7 x=  0
  entry  3  struct_id=255  sprite= 17  y=  6 x=  0
  entry  4  struct_id=255  sprite= 33  y=  3 x=  0
  entry  5  struct_id=255  sprite= 52  y=  1 x=  0
  entry  6  struct_id=255  sprite=  0  y=  0 x=  0
  entry  7  struct_id=255  sprite=  0  y=  0 x=  0
  entry  8  struct_id=255  sprite=  0  y=  0 x=  0
  entry  9  struct_id=255  sprite=  0  y=  0 x=  0
  entry 10  struct_id=255  sprite=  0  y=  0 x=  0
  entry 11  struct_id=255  sprite=  0  y=  0 x=  0
  entry 12  struct_id=255  sprite=  0  y=  0 x=  0
  entry 13  struct_id=  0  sprite=  0  y=255 x=255
  entry 14  struct_id=  0  sprite=  0  y= 10 x= 10
  entry 15  struct_id=  0  sprite=  1  y=  0 x=228
  2 entry(ies) have a sprite AND a struct_id inside the array.

--- 0x1CAF (vanilla+2009) as an array of 13 x 0x28 ---
  slot  0  sprite=  0  mapobj=  1  x=  9 y=  1
  slot  1  sprite= 98  mapobj=  1  x=151 y= 33
  slot  2  sprite=  0  mapobj=  0  x= 10 y=  0
  slot  3  sprite=  0  mapobj=  0  x=  0 y=  0
  slot  4  sprite=  0  mapobj=  0  x=  0 y=  0
  slot  5  sprite=  0  mapobj=  0  x=  0 y=  0
  slot  6  sprite=  0  mapobj=  0  x=  0 y=  0
  slot  7  sprite=  0  mapobj=  0  x=  0 y=  0
  slot  8  sprite=  0  mapobj=  0  x=  0 y=  0
  slot  9  sprite=  0  mapobj=  0  x=  0 y=  0
  slot 10  sprite=  0  mapobj=  0  x=136 y=139
  slot 11  sprite=  0  mapobj=  0  x=  0 y=  0
  slot 12  sprite=  0  mapobj=  0  x=  0 y=  0
  1 of 13 slots hold a sprite.
--- its wMapObjects would be 0x1EF7 (+0x248), 16 x 0x10 ---
  entry  0  struct_id=  0  sprite=  0  y=  0 x=  0
  entry  1  struct_id=  0  sprite=  0  y=  0 x=  0
  entry  2  struct_id=  0  sprite=  0  y=  0 x=  0
  entry  3  struct_id=  0  sprite=  0  y=  0 x=  0
  entry  4  struct_id=  0  sprite=  0  y=  0 x=  0
  entry  5  struct_id=  0  sprite=  0  y=  0 x=  0
  entry  6  struct_id=  0  sprite=  0  y=  0 x=  0
  entry  7  struct_id=  0  sprite=  0  y=  0 x=  0
  entry  8  struct_id=  0  sprite=  0  y=  0 x=  0
  entry  9  struct_id=  0  sprite=  0  y=  0 x=  0
  entry 10  struct_id=  0  sprite=  0  y=  0 x=  0
  entry 11  struct_id=  0  sprite=  0  y=  0 x=  0
  entry 12  struct_id=  0  sprite=  0  y=  0 x=  0
  entry 13  struct_id=  0  sprite=  0  y=  0 x=  0
  entry 14  struct_id=  0  sprite=  0  y=255 x=255
  entry 15  struct_id=255  sprite=255  y=  0 x=  0
  0 entry(ies) have a sprite AND a struct_id inside the array.

VERDICT IS YOURS TO READ, not the probe's: the real base has a non-zero sprite in
slot 0, followed BOTH axes, shows the map's NPCs in low slots with zeroes after,
and its +0x248 table points back into the array. A lookalike fails at least one.
