=== MeshGhost Crystal domain probe ===
Logging to ./domain_probe_20260817_233830.log
Domains offered by this core: CartRAM, HRAM, OAM, ROM, System Bus, VRAM, WRAM
Looking for wMapGroup/wMapNumber/wYCoord/wXCoord as 4 consecutive bytes.
Walk around for a few seconds...
5 candidate(s) to disambiguate by movement.
No candidate has shown both coordinates changing yet -- walk further.
No candidate has shown both coordinates changing yet -- walk further.
No candidate has shown both coordinates changing yet -- walk further.
No candidate has shown both coordinates changing yet -- walk further.
No candidate has shown both coordinates changing yet -- walk further.
No candidate has shown both coordinates changing yet -- walk further.
No candidate has shown both coordinates changing yet -- walk further.
2 candidates still moving -- ambiguous, keep walking:
  domain="System Bus" mapping=cpu -> group=24 number=7 y=2 x=1
  domain="WRAM" mapping=flat -> group=24 number=7 y=2 x=1
2 candidates still moving -- ambiguous, keep walking:
  domain="System Bus" mapping=cpu -> group=24 number=7 y=2 x=1
  domain="WRAM" mapping=flat -> group=24 number=7 y=2 x=1
2 candidates still moving -- ambiguous, keep walking:
  domain="System Bus" mapping=cpu -> group=24 number=7 y=1 x=1
  domain="WRAM" mapping=flat -> group=24 number=7 y=1 x=1
2 candidates still moving -- ambiguous, keep walking:
  domain="System Bus" mapping=cpu -> group=24 number=7 y=2 x=1
  domain="WRAM" mapping=flat -> group=24 number=7 y=2 x=1
2 candidates still moving -- ambiguous, keep walking:
  domain="System Bus" mapping=cpu -> group=24 number=7 y=3 x=1
  domain="WRAM" mapping=flat -> group=24 number=7 y=3 x=1
2 candidates still moving -- ambiguous, keep walking:
  domain="System Bus" mapping=cpu -> group=24 number=7 y=4 x=1
  domain="WRAM" mapping=flat -> group=24 number=7 y=4 x=1
2 candidates still moving -- ambiguous, keep walking:
  domain="System Bus" mapping=cpu -> group=24 number=7 y=3 x=1
  domain="WRAM" mapping=flat -> group=24 number=7 y=3 x=1
2 candidates still moving -- ambiguous, keep walking:
  domain="System Bus" mapping=cpu -> group=24 number=7 y=3 x=1
  domain="WRAM" mapping=flat -> group=24 number=7 y=3 x=1
2 candidates still moving -- ambiguous, keep walking:
  domain="System Bus" mapping=cpu -> group=24 number=7 y=3 x=1
  domain="WRAM" mapping=flat -> group=24 number=7 y=3 x=1
2 candidates still moving -- ambiguous, keep walking:
  domain="System Bus" mapping=cpu -> group=24 number=7 y=3 x=1
  domain="WRAM" mapping=flat -> group=24 number=7 y=3 x=1
2 candidates still moving -- ambiguous, keep walking:
  domain="System Bus" mapping=cpu -> group=24 number=7 y=3 x=1
  domain="WRAM" mapping=flat -> group=24 number=7 y=3 x=1
2 candidates still moving -- ambiguous, keep walking:
  domain="System Bus" mapping=cpu -> group=24 number=7 y=3 x=1
  domain="WRAM" mapping=flat -> group=24 number=7 y=3 x=1
2 candidates still moving -- ambiguous, keep walking:
  domain="System Bus" mapping=cpu -> group=24 number=7 y=3 x=1
  domain="WRAM" mapping=flat -> group=24 number=7 y=3 x=1
2 candidates still moving -- ambiguous, keep walking:
  domain="System Bus" mapping=cpu -> group=24 number=7 y=3 x=1
  domain="WRAM" mapping=flat -> group=24 number=7 y=3 x=1
2 candidates still moving -- ambiguous, keep walking:
  domain="System Bus" mapping=cpu -> group=24 number=7 y=3 x=1
  domain="WRAM" mapping=flat -> group=24 number=7 y=3 x=1
2 candidates still moving -- ambiguous, keep walking:
  domain="System Bus" mapping=cpu -> group=24 number=7 y=3 x=1
  domain="WRAM" mapping=flat -> group=24 number=7 y=3 x=1
2 candidates still moving -- ambiguous, keep walking:
  domain="System Bus" mapping=cpu -> group=24 number=7 y=3 x=1
  domain="WRAM" mapping=flat -> group=24 number=7 y=3 x=1
2 candidates still moving -- ambiguous, keep walking:
  domain="System Bus" mapping=cpu -> group=24 number=7 y=3 x=1
  domain="WRAM" mapping=flat -> group=24 number=7 y=3 x=1
2 candidates still moving -- ambiguous, keep walking:
  domain="System Bus" mapping=cpu -> group=24 number=7 y=3 x=1
  domain="WRAM" mapping=flat -> group=24 number=7 y=3 x=1
2 candidates still moving -- ambiguous, keep walking:
  domain="System Bus" mapping=cpu -> group=24 number=7 y=3 x=1
  domain="WRAM" mapping=flat -> group=24 number=7 y=3 x=1
2 candidates still moving -- ambiguous, keep walking:
  domain="System Bus" mapping=cpu -> group=24 number=7 y=3 x=1
  domain="WRAM" mapping=flat -> group=24 number=7 y=3 x=1
2 candidates still moving -- ambiguous, keep walking:
  domain="System Bus" mapping=cpu -> group=24 number=7 y=3 x=1
  domain="WRAM" mapping=flat -> group=24 number=7 y=3 x=1
2 candidates still moving -- ambiguous, keep walking:
  domain="System Bus" mapping=cpu -> group=24 number=7 y=3 x=1
  domain="WRAM" mapping=flat -> group=24 number=7 y=3 x=1
2 candidates still moving -- ambiguous, keep walking:
  domain="System Bus" mapping=cpu -> group=24 number=7 y=3 x=1
  domain="WRAM" mapping=flat -> group=24 number=7 y=3 x=1
2 candidates still moving -- ambiguous, keep walking:
  domain="System Bus" mapping=cpu -> group=24 number=7 y=3 x=1
  domain="WRAM" mapping=flat -> group=24 number=7 y=3 x=1
