=== MeshGhost Crystal in-game gate probe (READ-ONLY) ===
Prints only on change. Start on the MAIN MENU, then load a save and play.
The 'gate' column is what a spawn guard would decide at that moment.
[blocked ] f=5       mapStatus=START  events=0 script=0 paused=0 map=0/0 slots=0
[blocked ] f=900     mapStatus=START  events=0 script=0 paused=0 map=24/7 slots=1
[SPAWN-OK] f=1020    mapStatus=HANDLE events=0 script=0 paused=0 map=24/7 slots=1
[blocked ] f=2545    mapStatus=HANDLE events=0 script=9 paused=0 map=24/7 slots=1
[blocked ] f=2555    mapStatus=HANDLE events=1 script=0 paused=0 map=24/7 slots=1
[SPAWN-OK] f=2570    mapStatus=HANDLE events=0 script=0 paused=0 map=24/7 slots=1
[blocked ] f=2595    mapStatus=HANDLE events=0 script=9 paused=0 map=24/7 slots=1
[SPAWN-OK] f=2600    mapStatus=HANDLE events=0 script=0 paused=0 map=24/7 slots=1
[blocked ] f=2605    mapStatus=HANDLE events=1 script=0 paused=0 map=24/7 slots=1
[SPAWN-OK] f=2620    mapStatus=HANDLE events=0 script=0 paused=0 map=24/7 slots=1
[blocked ] f=2655    mapStatus=HANDLE events=0 script=9 paused=0 map=24/7 slots=1
[SPAWN-OK] f=2660    mapStatus=HANDLE events=0 script=0 paused=0 map=24/7 slots=1
[blocked ] f=2665    mapStatus=HANDLE events=1 script=0 paused=0 map=24/7 slots=1
[SPAWN-OK] f=2680    mapStatus=HANDLE events=0 script=0 paused=0 map=24/7 slots=1
[blocked ] f=2685    mapStatus=HANDLE events=0 script=9 paused=0 map=24/7 slots=1
[SPAWN-OK] f=2690    mapStatus=HANDLE events=0 script=0 paused=0 map=24/7 slots=1
[blocked ] f=2695    mapStatus=HANDLE events=1 script=0 paused=0 map=24/7 slots=1
[SPAWN-OK] f=2710    mapStatus=HANDLE events=0 script=0 paused=0 map=24/7 slots=1
[blocked ] f=2725    mapStatus=HANDLE events=0 script=9 paused=0 map=24/7 slots=1
[SPAWN-OK] f=2730    mapStatus=HANDLE events=0 script=0 paused=0 map=24/7 slots=1
[blocked ] f=2735    mapStatus=HANDLE events=1 script=0 paused=0 map=24/7 slots=1
[SPAWN-OK] f=2750    mapStatus=HANDLE events=0 script=0 paused=0 map=24/7 slots=1
[blocked ] f=2755    mapStatus=HANDLE events=0 script=9 paused=0 map=24/7 slots=1
[blocked ] f=2765    mapStatus=HANDLE events=1 script=0 paused=0 map=24/7 slots=1
[SPAWN-OK] f=2780    mapStatus=HANDLE events=0 script=0 paused=0 map=24/7 slots=1
[blocked ] f=2790    mapStatus=HANDLE events=0 script=9 paused=0 map=24/7 slots=1
[SPAWN-OK] f=2795    mapStatus=HANDLE events=0 script=0 paused=0 map=24/7 slots=1
[blocked ] f=2800    mapStatus=HANDLE events=1 script=0 paused=0 map=24/7 slots=1
[SPAWN-OK] f=2815    mapStatus=HANDLE events=0 script=0 paused=0 map=24/7 slots=1
[blocked ] f=2855    mapStatus=HANDLE events=0 script=9 paused=0 map=24/7 slots=1
[SPAWN-OK] f=2860    mapStatus=HANDLE events=0 script=0 paused=0 map=24/7 slots=1
[blocked ] f=2865    mapStatus=HANDLE events=1 script=0 paused=0 map=24/7 slots=1
[SPAWN-OK] f=2880    mapStatus=HANDLE events=0 script=0 paused=0 map=24/7 slots=1
[blocked ] f=2890    mapStatus=HANDLE events=0 script=9 paused=0 map=24/7 slots=1
[SPAWN-OK] f=2895    mapStatus=HANDLE events=0 script=0 paused=0 map=24/7 slots=1
[blocked ] f=2900    mapStatus=HANDLE events=1 script=0 paused=0 map=24/7 slots=1
[blocked ] f=2945    mapStatus=HANDLE events=0 script=9 paused=0 map=24/7 slots=1
[blocked ] f=2955    mapStatus=HANDLE events=1 script=0 paused=0 map=24/7 slots=1
[SPAWN-OK] f=2970    mapStatus=HANDLE events=0 script=0 paused=0 map=24/7 slots=1
[blocked ] f=2975    mapStatus=HANDLE events=1 script=0 paused=0 map=24/7 slots=1
[SPAWN-OK] f=2985    mapStatus=HANDLE events=0 script=0 paused=0 map=24/7 slots=1
[blocked ] f=2995    mapStatus=HANDLE events=0 script=9 paused=0 map=24/7 slots=1
[blocked ] f=3005    mapStatus=HANDLE events=1 script=0 paused=0 map=24/7 slots=1
[SPAWN-OK] f=3020    mapStatus=HANDLE events=0 script=0 paused=0 map=24/7 slots=1
[blocked ] f=3030    mapStatus=HANDLE events=0 script=9 paused=0 map=24/7 slots=1
[SPAWN-OK] f=3035    mapStatus=HANDLE events=0 script=0 paused=0 map=24/7 slots=1
[blocked ] f=3040    mapStatus=HANDLE events=1 script=0 paused=0 map=24/7 slots=1
[SPAWN-OK] f=3100    mapStatus=HANDLE events=0 script=0 paused=0 map=24/7 slots=1
[blocked ] f=3105    mapStatus=HANDLE events=1 script=0 paused=0 map=24/7 slots=1
[SPAWN-OK] f=3115    mapStatus=HANDLE events=0 script=0 paused=0 map=24/7 slots=1
[blocked ] f=3120    mapStatus=HANDLE events=1 script=0 paused=0 map=24/7 slots=1
[SPAWN-OK] f=3165    mapStatus=HANDLE events=0 script=0 paused=0 map=24/7 slots=1
[blocked ] f=3170    mapStatus=HANDLE events=1 script=0 paused=0 map=24/7 slots=1
[SPAWN-OK] f=3180    mapStatus=HANDLE events=0 script=0 paused=0 map=24/7 slots=1
[blocked ] f=3185    mapStatus=HANDLE events=1 script=0 paused=0 map=24/7 slots=1
[SPAWN-OK] f=3200    mapStatus=HANDLE events=0 script=0 paused=0 map=24/7 slots=1
[blocked ] f=3220    mapStatus=HANDLE events=0 script=9 paused=0 map=24/7 slots=1
[SPAWN-OK] f=3225    mapStatus=HANDLE events=0 script=0 paused=0 map=24/7 slots=1
[blocked ] f=3230    mapStatus=HANDLE events=1 script=0 paused=0 map=24/7 slots=1
[SPAWN-OK] f=3240    mapStatus=HANDLE events=0 script=0 paused=0 map=24/7 slots=1
[blocked ] f=3245    mapStatus=HANDLE events=1 script=0 paused=0 map=24/7 slots=1
[SPAWN-OK] f=3275    mapStatus=HANDLE events=0 script=0 paused=0 map=24/7 slots=1
[blocked ] f=3310    mapStatus=HANDLE events=1 script=0 paused=0 map=24/7 slots=1
[SPAWN-OK] f=3325    mapStatus=HANDLE events=0 script=0 paused=0 map=24/7 slots=1
[blocked ] f=3330    mapStatus=HANDLE events=0 script=9 paused=0 map=24/7 slots=1
[SPAWN-OK] f=3335    mapStatus=HANDLE events=0 script=0 paused=0 map=24/7 slots=1
[blocked ] f=3340    mapStatus=HANDLE events=1 script=0 paused=0 map=24/7 slots=1
[SPAWN-OK] f=3355    mapStatus=HANDLE events=0 script=0 paused=0 map=24/7 slots=1
[blocked ] f=3360    mapStatus=HANDLE events=0 script=9 paused=0 map=24/7 slots=1
[SPAWN-OK] f=3365    mapStatus=HANDLE events=0 script=0 paused=0 map=24/7 slots=1
[blocked ] f=3370    mapStatus=HANDLE events=1 script=0 paused=0 map=24/7 slots=1
[SPAWN-OK] f=3380    mapStatus=HANDLE events=0 script=0 paused=0 map=24/7 slots=1
[blocked ] f=3390    mapStatus=HANDLE events=1 script=0 paused=0 map=24/7 slots=1
[SPAWN-OK] f=3405    mapStatus=HANDLE events=0 script=0 paused=0 map=24/7 slots=1
[blocked ] f=3415    mapStatus=HANDLE events=1 script=0 paused=0 map=24/7 slots=1
[SPAWN-OK] f=3445    mapStatus=HANDLE events=0 script=0 paused=0 map=24/7 slots=1
[blocked ] f=3450    mapStatus=HANDLE events=0 script=9 paused=0 map=24/7 slots=1
[SPAWN-OK] f=3455    mapStatus=HANDLE events=0 script=0 paused=0 map=24/7 slots=1
[blocked ] f=3460    mapStatus=HANDLE events=1 script=0 paused=0 map=24/7 slots=1
[SPAWN-OK] f=3470    mapStatus=HANDLE events=0 script=0 paused=0 map=24/7 slots=1
[blocked ] f=3475    mapStatus=HANDLE events=1 script=0 paused=0 map=24/7 slots=1
[SPAWN-OK] f=3535    mapStatus=HANDLE events=0 script=0 paused=0 map=24/7 slots=1
[blocked ] f=3540    mapStatus=HANDLE events=1 script=0 paused=0 map=24/7 slots=1
[SPAWN-OK] f=3550    mapStatus=HANDLE events=0 script=0 paused=0 map=24/7 slots=1
[blocked ] f=3555    mapStatus=HANDLE events=1 script=0 paused=0 map=24/7 slots=1
[blocked ] f=3570    mapStatus=HANDLE events=0 script=9 paused=0 map=24/7 slots=1
[SPAWN-OK] f=3575    mapStatus=HANDLE events=0 script=0 paused=0 map=24/7 slots=1
[blocked ] f=3580    mapStatus=HANDLE events=1 script=0 paused=0 map=24/7 slots=1
[SPAWN-OK] f=3595    mapStatus=HANDLE events=0 script=0 paused=0 map=24/7 slots=1
[blocked ] f=3600    mapStatus=HANDLE events=0 script=9 paused=0 map=24/7 slots=1
[SPAWN-OK] f=3605    mapStatus=HANDLE events=0 script=0 paused=0 map=24/7 slots=1
[blocked ] f=3610    mapStatus=HANDLE events=1 script=0 paused=0 map=24/7 slots=1
[blocked ] f=3640    mapStatus=HANDLE events=0 script=9 paused=0 map=24/7 slots=1
[blocked ] f=3650    mapStatus=HANDLE events=1 script=0 paused=0 map=24/7 slots=1
[SPAWN-OK] f=3665    mapStatus=HANDLE events=0 script=0 paused=0 map=24/7 slots=1
[blocked ] f=3670    mapStatus=HANDLE events=0 script=9 paused=0 map=24/7 slots=1
[SPAWN-OK] f=3675    mapStatus=HANDLE events=0 script=0 paused=0 map=24/7 slots=1
[blocked ] f=3680    mapStatus=HANDLE events=1 script=0 paused=0 map=24/7 slots=1
[SPAWN-OK] f=3695    mapStatus=HANDLE events=0 script=0 paused=0 map=24/7 slots=1
[blocked ] f=3700    mapStatus=HANDLE events=1 script=0 paused=0 map=24/7 slots=1
[SPAWN-OK] f=3715    mapStatus=HANDLE events=0 script=0 paused=0 map=24/7 slots=1
[blocked ] f=3750    mapStatus=HANDLE events=1 script=0 paused=0 map=24/7 slots=1
[SPAWN-OK] f=3760    mapStatus=HANDLE events=0 script=0 paused=0 map=24/7 slots=1
[blocked ] f=3765    mapStatus=HANDLE events=1 script=0 paused=0 map=24/7 slots=1
[SPAWN-OK] f=3795    mapStatus=HANDLE events=0 script=0 paused=0 map=24/7 slots=1
[blocked ] f=3810    mapStatus=HANDLE events=0 script=9 paused=0 map=24/7 slots=1
[SPAWN-OK] f=3815    mapStatus=HANDLE events=0 script=0 paused=0 map=24/7 slots=1
[blocked ] f=3825    mapStatus=HANDLE events=0 script=9 paused=0 map=24/7 slots=1
[SPAWN-OK] f=3830    mapStatus=HANDLE events=0 script=0 paused=0 map=24/7 slots=1
[blocked ] f=3850    mapStatus=HANDLE events=0 script=9 paused=0 map=24/7 slots=1
[SPAWN-OK] f=3855    mapStatus=HANDLE events=0 script=0 paused=0 map=24/7 slots=1
[blocked ] f=3860    mapStatus=HANDLE events=1 script=0 paused=0 map=24/7 slots=1
[SPAWN-OK] f=3870    mapStatus=HANDLE events=0 script=0 paused=0 map=24/7 slots=1
[blocked ] f=3875    mapStatus=HANDLE events=0 script=9 paused=0 map=24/7 slots=1
[SPAWN-OK] f=3880    mapStatus=HANDLE events=0 script=0 paused=0 map=24/7 slots=1
[blocked ] f=3885    mapStatus=HANDLE events=1 script=0 paused=0 map=24/7 slots=1
[SPAWN-OK] f=3915    mapStatus=HANDLE events=0 script=0 paused=0 map=24/7 slots=1
[blocked ] f=3930    mapStatus=HANDLE events=0 script=9 paused=0 map=24/7 slots=1
[SPAWN-OK] f=3935    mapStatus=HANDLE events=0 script=0 paused=0 map=24/7 slots=1
[blocked ] f=3940    mapStatus=HANDLE events=1 script=0 paused=0 map=24/7 slots=1
[SPAWN-OK] f=3970    mapStatus=HANDLE events=0 script=0 paused=0 map=24/7 slots=1
[blocked ] f=3980    mapStatus=HANDLE events=0 script=9 paused=0 map=24/7 slots=1
[SPAWN-OK] f=3985    mapStatus=HANDLE events=0 script=0 paused=0 map=24/7 slots=1
[blocked ] f=3990    mapStatus=HANDLE events=1 script=0 paused=0 map=24/7 slots=1
[SPAWN-OK] f=4005    mapStatus=HANDLE events=0 script=0 paused=0 map=24/7 slots=1
[blocked ] f=4010    mapStatus=HANDLE events=0 script=9 paused=0 map=24/7 slots=1
[SPAWN-OK] f=4015    mapStatus=HANDLE events=0 script=0 paused=0 map=24/7 slots=1
[blocked ] f=4020    mapStatus=HANDLE events=1 script=0 paused=0 map=24/7 slots=1
[SPAWN-OK] f=4050    mapStatus=HANDLE events=0 script=0 paused=0 map=24/7 slots=1
[blocked ] f=4060    mapStatus=HANDLE events=0 script=9 paused=0 map=24/7 slots=1
[SPAWN-OK] f=4065    mapStatus=HANDLE events=0 script=0 paused=0 map=24/7 slots=1
[blocked ] f=4070    mapStatus=HANDLE events=1 script=0 paused=0 map=24/7 slots=1
