MeshGhost: no LuaSocket at C:\dev\MeshGhost\adapters\pokemon\crystal/lib/x64/
MeshGhost: LuaSocket loaded from C:\dev\MeshGhost\adapters\pokemon\crystal/../emerald/lib/x64/
=== MeshGhost — Pokémon Crystal ===
ROM: ROM title "AP_CRYSTAL" — Archipelago's Crystal patch — using its own measured address set.
UNCONFIRMED ADDRESS IN USE: W_BATTLEMODE = 0x015A (MESHGHOST_CRYSTAL_AP_TRY=1)
This session is an EXPERIMENT: at least one address is unconfirmed. Nothing seen here
may be written to verified.md as a fact about the game.
Bridge target 127.0.0.1:7778 (set MESHGHOST_BRIDGE_PORT to change).
MeshGhost: bridge connected on 127.0.0.1:7778
MeshGhost: bridge_ready — this core is ours
gate: SENDING area=24/5 pos=8,9 up walk sprite=1 ghosts=0
gate: NOT SENDING — status(0x0FB1)=1 wants 2, battle(0x015A)=0 wants 0, map=24/5
gate: SENDING area=24/5 pos=8,9 up walk sprite=1 ghosts=0
gate: NOT SENDING — status(0x0FB1)=1 wants 2, battle(0x015A)=0 wants 0, map=24/5
gate: SENDING area=24/5 pos=8,9 up idle sprite=1 ghosts=0
gate: NOT SENDING — status(0x0FB1)=1 wants 2, battle(0x015A)=0 wants 0, map=24/5
gate: SENDING area=24/5 pos=8,8 up walk sprite=1 ghosts=0
gate: NOT SENDING — status(0x0FB1)=1 wants 2, battle(0x015A)=0 wants 0, map=24/5
gate: SENDING area=24/5 pos=8,8 up walk sprite=1 ghosts=0
gate: NOT SENDING — status(0x0FB1)=1 wants 2, battle(0x015A)=0 wants 0, map=24/5
gate: SENDING area=24/5 pos=8,8 up walk sprite=1 ghosts=0
gate: NOT SENDING — status(0x0FB1)=1 wants 2, battle(0x015A)=0 wants 0, map=24/5
gate: SENDING area=24/5 pos=8,8 up walk sprite=1 ghosts=0
gate: NOT SENDING — status(0x0FB1)=1 wants 2, battle(0x015A)=0 wants 0, map=24/5
gate: SENDING area=24/5 pos=8,8 up walk sprite=1 ghosts=0
gate: NOT SENDING — status(0x0FB1)=1 wants 2, battle(0x015A)=0 wants 0, map=24/5
gate: SENDING area=24/5 pos=8,8 up walk sprite=1 ghosts=0
gate: NOT SENDING — status(0x0FB1)=1 wants 2, battle(0x015A)=0 wants 0, map=24/5
gate: SENDING area=24/5 pos=8,8 up walk sprite=1 ghosts=0
gate: NOT SENDING — status(0x0FB1)=1 wants 2, battle(0x015A)=0 wants 0, map=24/5
gate: SENDING area=24/5 pos=8,8 up idle sprite=1 ghosts=0
gate: NOT SENDING — status(0x0FB1)=1 wants 2, battle(0x015A)=0 wants 0, map=24/5
gate: SENDING area=24/5 pos=8,8 up idle sprite=1 ghosts=0
gate: NOT SENDING — status(0x0FB1)=1 wants 2, battle(0x015A)=0 wants 0, map=24/5
gate: SENDING area=24/5 pos=8,8 up idle sprite=1 ghosts=0
gate: NOT SENDING — status(0x0FB1)=1 wants 2, battle(0x015A)=0 wants 0, map=24/5
gate: SENDING area=24/5 pos=8,8 up idle sprite=1 ghosts=0
gate: NOT SENDING — status(0x0FB1)=1 wants 2, battle(0x015A)=0 wants 0, map=24/5
gate: SENDING area=24/5 pos=8,8 up idle sprite=1 ghosts=0
gate: NOT SENDING — status(0x0FB1)=1 wants 2, battle(0x015A)=0 wants 0, map=24/5
gate: SENDING area=24/5 pos=8,8 up idle sprite=1 ghosts=0
gate: NOT SENDING — status(0x0FB1)=1 wants 2, battle(0x015A)=0 wants 0, map=24/5
gate: SENDING area=24/5 pos=8,8 down idle sprite=1 ghosts=0
gate: NOT SENDING — status(0x0FB1)=1 wants 2, battle(0x015A)=0 wants 0, map=24/5
gate: SENDING area=24/5 pos=8,8 down idle sprite=1 ghosts=0
gate: NOT SENDING — status(0x0FB1)=1 wants 2, battle(0x015A)=0 wants 0, map=24/5
gate: SENDING area=24/5 pos=8,8 down idle sprite=1 ghosts=0
gate: NOT SENDING — status(0x0FB1)=1 wants 2, battle(0x015A)=0 wants 0, map=24/5
gate: SENDING area=24/5 pos=8,9 down walk sprite=1 ghosts=0
gate: NOT SENDING — status(0x0FB1)=1 wants 2, battle(0x015A)=0 wants 0, map=24/5
gate: SENDING area=24/5 pos=8,9 down walk sprite=1 ghosts=0
gate: NOT SENDING — status(0x0FB1)=1 wants 2, battle(0x015A)=0 wants 0, map=24/5
gate: SENDING area=24/5 pos=8,9 down walk sprite=1 ghosts=0
gate: NOT SENDING — status(0x0FB1)=1 wants 2, battle(0x015A)=0 wants 0, map=24/5
gate: SENDING area=24/5 pos=8,9 down walk sprite=1 ghosts=0
gate: NOT SENDING — status(0x0FB1)=1 wants 2, battle(0x015A)=0 wants 0, map=24/5
gate: SENDING area=24/5 pos=8,9 down walk sprite=1 ghosts=0
gate: NOT SENDING — status(0x0FB1)=1 wants 2, battle(0x015A)=0 wants 0, map=24/5
gate: SENDING area=24/5 pos=8,9 down walk sprite=1 ghosts=0
gate: NOT SENDING — status(0x0FB1)=1 wants 2, battle(0x015A)=0 wants 0, map=24/5
gate: SENDING area=24/5 pos=8,9 down walk sprite=1 ghosts=0
gate: NOT SENDING — status(0x0FB1)=1 wants 2, battle(0x015A)=0 wants 0, map=24/5
gate: SENDING area=24/5 pos=8,9 down idle sprite=1 ghosts=0
gate: NOT SENDING — status(0x0FB1)=1 wants 2, battle(0x015A)=0 wants 0, map=24/5
gate: SENDING area=24/5 pos=8,10 down walk sprite=1 ghosts=0
gate: NOT SENDING — status(0x0FB1)=1 wants 2, battle(0x015A)=0 wants 0, map=24/5
gate: SENDING area=24/5 pos=8,10 down walk sprite=1 ghosts=0
gate: NOT SENDING — status(0x0FB1)=1 wants 2, battle(0x015A)=0 wants 0, map=24/5
gate: SENDING area=24/5 pos=8,10 down walk sprite=1 ghosts=0
gate: NOT SENDING — status(0x0FB1)=1 wants 2, battle(0x015A)=0 wants 0, map=24/5
gate: SENDING area=24/5 pos=8,10 down walk sprite=1 ghosts=0
gate: NOT SENDING — status(0x0FB1)=1 wants 2, battle(0x015A)=0 wants 0, map=24/5
gate: SENDING area=24/5 pos=8,10 down walk sprite=1 ghosts=0
gate: NOT SENDING — status(0x0FB1)=1 wants 2, battle(0x015A)=0 wants 0, map=24/5
gate: SENDING area=24/5 pos=8,10 down walk sprite=1 ghosts=0
gate: NOT SENDING — status(0x0FB1)=1 wants 2, battle(0x015A)=0 wants 0, map=24/5
gate: SENDING area=24/5 pos=8,10 down walk sprite=1 ghosts=0
gate: NOT SENDING — status(0x0FB1)=1 wants 2, battle(0x015A)=0 wants 0, map=24/5
gate: SENDING area=24/5 pos=8,10 down idle sprite=1 ghosts=0
gate: NOT SENDING — status(0x0FB1)=1 wants 2, battle(0x015A)=0 wants 0, map=24/5
gate: SENDING area=24/5 pos=8,10 down idle sprite=1 ghosts=0
gate: NOT SENDING — status(0x0FB1)=1 wants 2, battle(0x015A)=0 wants 0, map=24/5
gate: SENDING area=24/5 pos=8,10 down idle sprite=1 ghosts=0
gate: NOT SENDING — status(0x0FB1)=1 wants 2, battle(0x015A)=0 wants 0, map=24/5
gate: SENDING area=24/5 pos=8,10 down idle sprite=1 ghosts=0
gate: NOT SENDING — status(0x0FB1)=1 wants 2, battle(0x015A)=0 wants 0, map=24/5
gate: SENDING area=24/5 pos=8,10 down idle sprite=1 ghosts=0
gate: NOT SENDING — status(0x0FB1)=1 wants 2, battle(0x015A)=0 wants 0, map=24/5
gate: SENDING area=24/5 pos=8,10 down idle sprite=1 ghosts=0
gate: NOT SENDING — status(0x0FB1)=1 wants 2, battle(0x015A)=0 wants 0, map=24/5
gate: SENDING area=24/5 pos=8,10 down idle sprite=1 ghosts=0
gate: NOT SENDING — status(0x0FB1)=1 wants 2, battle(0x015A)=0 wants 0, map=24/5
gate: SENDING area=24/5 pos=8,10 down idle sprite=1 ghosts=0
gate: NOT SENDING — status(0x0FB1)=1 wants 2, battle(0x015A)=0 wants 0, map=24/5
gate: SENDING area=24/5 pos=8,10 down idle sprite=1 ghosts=0
gate: NOT SENDING — status(0x0FB1)=1 wants 2, battle(0x015A)=0 wants 0, map=24/5
gate: SENDING area=24/5 pos=8,10 down idle sprite=1 ghosts=0
gate: NOT SENDING — status(0x0FB1)=1 wants 2, battle(0x015A)=0 wants 0, map=24/5
gate: SENDING area=24/5 pos=8,10 down idle sprite=1 ghosts=0
gate: NOT SENDING — status(0x0FB1)=1 wants 2, battle(0x015A)=0 wants 0, map=24/5
gate: SENDING area=24/5 pos=8,10 down idle sprite=1 ghosts=0
gate: NOT SENDING — status(0x0FB1)=1 wants 2, battle(0x015A)=0 wants 0, map=24/5
gate: SENDING area=24/5 pos=8,10 down idle sprite=1 ghosts=0
gate: NOT SENDING — status(0x0FB1)=1 wants 2, battle(0x015A)=0 wants 0, map=24/5
gate: SENDING area=24/5 pos=8,10 down idle sprite=1 ghosts=0
gate: NOT SENDING — status(0x0FB1)=1 wants 2, battle(0x015A)=0 wants 0, map=24/5
gate: SENDING area=24/5 pos=8,10 down idle sprite=1 ghosts=0
gate: NOT SENDING — status(0x0FB1)=1 wants 2, battle(0x015A)=0 wants 0, map=24/5
gate: SENDING area=24/5 pos=8,10 down idle sprite=1 ghosts=0
gate: NOT SENDING — status(0x0FB1)=1 wants 2, battle(0x015A)=0 wants 0, map=24/5
gate: SENDING area=24/5 pos=8,10 down idle sprite=1 ghosts=0
gate: NOT SENDING — status(0x0FB1)=1 wants 2, battle(0x015A)=0 wants 0, map=24/5
gate: SENDING area=24/5 pos=8,10 down idle sprite=1 ghosts=0
gate: NOT SENDING — status(0x0FB1)=1 wants 2, battle(0x015A)=0 wants 0, map=24/5
gate: SENDING area=24/5 pos=8,10 down idle sprite=1 ghosts=0
gate: NOT SENDING — status(0x0FB1)=1 wants 2, battle(0x015A)=0 wants 0, map=24/5
gate: SENDING area=24/5 pos=8,10 down idle sprite=1 ghosts=0
gate: NOT SENDING — status(0x0FB1)=1 wants 2, battle(0x015A)=0 wants 0, map=24/5
gate: SENDING area=24/5 pos=8,10 down idle sprite=1 ghosts=0
gate: NOT SENDING — status(0x0FB1)=1 wants 2, battle(0x015A)=0 wants 0, map=24/5
gate: SENDING area=24/5 pos=8,10 down idle sprite=1 ghosts=0
gate: NOT SENDING — status(0x0FB1)=1 wants 2, battle(0x015A)=0 wants 0, map=24/5
gate: SENDING area=24/5 pos=8,10 down idle sprite=1 ghosts=0
gate: NOT SENDING — status(0x0FB1)=1 wants 2, battle(0x015A)=0 wants 0, map=24/5
gate: SENDING area=24/5 pos=8,10 down idle sprite=1 ghosts=0
gate: NOT SENDING — status(0x0FB1)=1 wants 2, battle(0x015A)=0 wants 0, map=24/5
gate: SENDING area=24/5 pos=8,10 down idle sprite=1 ghosts=0
gate: NOT SENDING — status(0x0FB1)=1 wants 2, battle(0x015A)=0 wants 0, map=24/5
gate: SENDING area=24/5 pos=8,10 down idle sprite=1 ghosts=0
gate: NOT SENDING — status(0x0FB1)=1 wants 2, battle(0x015A)=0 wants 0, map=24/5
gate: SENDING area=24/5 pos=8,10 down idle sprite=1 ghosts=0
gate: NOT SENDING — status(0x0FB1)=1 wants 2, battle(0x015A)=0 wants 0, map=24/5
gate: SENDING area=24/5 pos=8,10 down idle sprite=1 ghosts=0
gate: NOT SENDING — status(0x0FB1)=1 wants 2, battle(0x015A)=0 wants 0, map=24/5
gate: SENDING area=24/5 pos=8,10 down idle sprite=1 ghosts=0
gate: NOT SENDING — status(0x0FB1)=1 wants 2, battle(0x015A)=0 wants 0, map=24/5
gate: SENDING area=24/5 pos=8,10 down idle sprite=1 ghosts=0
gate: NOT SENDING — status(0x0FB1)=1 wants 2, battle(0x015A)=0 wants 0, map=24/5
gate: SENDING area=24/5 pos=8,10 down idle sprite=1 ghosts=0
gate: NOT SENDING — status(0x0FB1)=1 wants 2, battle(0x015A)=0 wants 0, map=24/5
gate: SENDING area=24/5 pos=8,10 down idle sprite=1 ghosts=0
gate: NOT SENDING — status(0x0FB1)=1 wants 2, battle(0x015A)=0 wants 0, map=24/5
gate: SENDING area=24/5 pos=8,10 down idle sprite=1 ghosts=0
gate: NOT SENDING — status(0x0FB1)=1 wants 2, battle(0x015A)=0 wants 0, map=24/5
gate: SENDING area=24/5 pos=8,10 down idle sprite=1 ghosts=0
gate: NOT SENDING — status(0x0FB1)=1 wants 2, battle(0x015A)=0 wants 0, map=24/5
gate: SENDING area=24/5 pos=8,10 down idle sprite=1 ghosts=0
gate: NOT SENDING — status(0x0FB1)=1 wants 2, battle(0x015A)=0 wants 0, map=24/5
gate: SENDING area=24/5 pos=8,10 down idle sprite=1 ghosts=0
gate: NOT SENDING — status(0x0FB1)=1 wants 2, battle(0x015A)=0 wants 0, map=24/5
gate: SENDING area=24/5 pos=8,10 down idle sprite=1 ghosts=0
gate: NOT SENDING — status(0x0FB1)=1 wants 2, battle(0x015A)=0 wants 0, map=24/5
gate: SENDING area=24/5 pos=8,10 down idle sprite=1 ghosts=0
gate: NOT SENDING — status(0x0FB1)=1 wants 2, battle(0x015A)=0 wants 0, map=24/5
gate: SENDING area=24/5 pos=8,10 down idle sprite=1 ghosts=0
gate: NOT SENDING — status(0x0FB1)=1 wants 2, battle(0x015A)=0 wants 0, map=24/5
gate: SENDING area=24/5 pos=8,10 down idle sprite=1 ghosts=0
gate: NOT SENDING — status(0x0FB1)=1 wants 2, battle(0x015A)=0 wants 0, map=24/5
gate: SENDING area=24/5 pos=8,10 down idle sprite=1 ghosts=0
gate: NOT SENDING — status(0x0FB1)=1 wants 2, battle(0x015A)=0 wants 0, map=24/5
gate: SENDING area=24/5 pos=8,10 down idle sprite=1 ghosts=0
gate: NOT SENDING — status(0x0FB1)=1 wants 2, battle(0x015A)=0 wants 0, map=24/5
gate: SENDING area=24/5 pos=8,10 down idle sprite=1 ghosts=0
gate: NOT SENDING — status(0x0FB1)=1 wants 2, battle(0x015A)=0 wants 0, map=24/5
gate: SENDING area=24/5 pos=8,10 down idle sprite=1 ghosts=0
gate: NOT SENDING — status(0x0FB1)=1 wants 2, battle(0x015A)=0 wants 0, map=24/5
gate: SENDING area=24/5 pos=8,10 down idle sprite=1 ghosts=0
gate: NOT SENDING — status(0x0FB1)=1 wants 2, battle(0x015A)=0 wants 0, map=24/5
gate: SENDING area=24/5 pos=8,10 down idle sprite=1 ghosts=0
gate: NOT SENDING — status(0x0FB1)=1 wants 2, battle(0x015A)=0 wants 0, map=24/5
gate: SENDING area=24/5 pos=8,10 down idle sprite=1 ghosts=0
gate: NOT SENDING — status(0x0FB1)=1 wants 2, battle(0x015A)=0 wants 0, map=24/5
gate: SENDING area=24/5 pos=8,10 down idle sprite=1 ghosts=0
gate: NOT SENDING — status(0x0FB1)=1 wants 2, battle(0x015A)=0 wants 0, map=24/5
gate: SENDING area=24/5 pos=8,10 down idle sprite=1 ghosts=0
gate: NOT SENDING — status(0x0FB1)=1 wants 2, battle(0x015A)=0 wants 0, map=24/5
gate: SENDING area=24/5 pos=8,10 down idle sprite=1 ghosts=0
gate: NOT SENDING — status(0x0FB1)=1 wants 2, battle(0x015A)=0 wants 0, map=24/5
gate: SENDING area=24/5 pos=8,10 down idle sprite=1 ghosts=0
gate: NOT SENDING — status(0x0FB1)=1 wants 2, battle(0x015A)=0 wants 0, map=24/5
gate: SENDING area=24/5 pos=8,10 down idle sprite=1 ghosts=0
gate: NOT SENDING — status(0x0FB1)=1 wants 2, battle(0x015A)=0 wants 0, map=24/5
gate: SENDING area=24/5 pos=8,10 down idle sprite=1 ghosts=0
gate: NOT SENDING — status(0x0FB1)=1 wants 2, battle(0x015A)=0 wants 0, map=24/5
gate: SENDING area=24/5 pos=8,10 down idle sprite=1 ghosts=0
gate: NOT SENDING — status(0x0FB1)=1 wants 2, battle(0x015A)=0 wants 0, map=24/5
gate: SENDING area=24/5 pos=8,10 down idle sprite=1 ghosts=0
gate: NOT SENDING — status(0x0FB1)=1 wants 2, battle(0x015A)=0 wants 0, map=24/5
gate: SENDING area=24/5 pos=8,10 down idle sprite=1 ghosts=0
gate: NOT SENDING — status(0x0FB1)=1 wants 2, battle(0x015A)=0 wants 0, map=24/5
gate: SENDING area=24/5 pos=8,10 down idle sprite=1 ghosts=0
gate: NOT SENDING — status(0x0FB1)=1 wants 2, battle(0x015A)=0 wants 0, map=24/5
gate: SENDING area=24/5 pos=8,10 down idle sprite=1 ghosts=0
gate: NOT SENDING — status(0x0FB1)=1 wants 2, battle(0x015A)=0 wants 0, map=24/5
gate: SENDING area=24/5 pos=8,10 down idle sprite=1 ghosts=0
gate: NOT SENDING — status(0x0FB1)=1 wants 2, battle(0x015A)=0 wants 0, map=24/5
gate: SENDING area=24/5 pos=8,10 down idle sprite=1 ghosts=0
gate: NOT SENDING — status(0x0FB1)=1 wants 2, battle(0x015A)=0 wants 0, map=24/5
gate: SENDING area=24/5 pos=8,10 down idle sprite=1 ghosts=0
gate: NOT SENDING — status(0x0FB1)=1 wants 2, battle(0x015A)=0 wants 0, map=24/5
gate: SENDING area=24/5 pos=8,10 down idle sprite=1 ghosts=0
gate: NOT SENDING — status(0x0FB1)=1 wants 2, battle(0x015A)=0 wants 0, map=24/5
gate: SENDING area=24/5 pos=8,10 down idle sprite=1 ghosts=0
gate: NOT SENDING — status(0x0FB1)=1 wants 2, battle(0x015A)=0 wants 0, map=24/5
gate: SENDING area=24/5 pos=8,10 down idle sprite=1 ghosts=0
gate: NOT SENDING — status(0x0FB1)=1 wants 2, battle(0x015A)=0 wants 0, map=24/5
gate: SENDING area=24/5 pos=8,10 down idle sprite=1 ghosts=0
gate: NOT SENDING — status(0x0FB1)=1 wants 2, battle(0x015A)=0 wants 0, map=24/5
gate: SENDING area=24/5 pos=8,10 down idle sprite=1 ghosts=0
gate: NOT SENDING — status(0x0FB1)=1 wants 2, battle(0x015A)=0 wants 0, map=24/5
gate: SENDING area=24/5 pos=8,10 down idle sprite=1 ghosts=0
gate: NOT SENDING — status(0x0FB1)=1 wants 2, battle(0x015A)=0 wants 0, map=24/5
gate: SENDING area=24/5 pos=8,10 down idle sprite=1 ghosts=0
gate: NOT SENDING — status(0x0FB1)=1 wants 2, battle(0x015A)=0 wants 0, map=24/5
gate: SENDING area=24/5 pos=8,10 down idle sprite=1 ghosts=0
gate: NOT SENDING — status(0x0FB1)=1 wants 2, battle(0x015A)=0 wants 0, map=24/5
gate: SENDING area=24/5 pos=8,10 down idle sprite=1 ghosts=0
gate: NOT SENDING — status(0x0FB1)=1 wants 2, battle(0x015A)=0 wants 0, map=24/5
gate: SENDING area=24/5 pos=8,10 down idle sprite=1 ghosts=0
gate: NOT SENDING — status(0x0FB1)=1 wants 2, battle(0x015A)=0 wants 0, map=24/5
gate: SENDING area=24/5 pos=8,10 down idle sprite=1 ghosts=0
gate: NOT SENDING — status(0x0FB1)=1 wants 2, battle(0x015A)=0 wants 0, map=24/5
gate: SENDING area=24/5 pos=8,10 down idle sprite=1 ghosts=0
gate: NOT SENDING — status(0x0FB1)=1 wants 2, battle(0x015A)=0 wants 0, map=24/5
gate: SENDING area=24/5 pos=8,10 down idle sprite=1 ghosts=0
gate: NOT SENDING — status(0x0FB1)=1 wants 2, battle(0x015A)=0 wants 0, map=24/5
gate: SENDING area=24/5 pos=8,10 down idle sprite=1 ghosts=0
gate: NOT SENDING — status(0x0FB1)=1 wants 2, battle(0x015A)=0 wants 0, map=24/5
gate: SENDING area=24/5 pos=8,10 down idle sprite=1 ghosts=0
gate: NOT SENDING — status(0x0FB1)=1 wants 2, battle(0x015A)=0 wants 0, map=24/5
gate: SENDING area=24/5 pos=8,10 down idle sprite=1 ghosts=0
gate: NOT SENDING — status(0x0FB1)=1 wants 2, battle(0x015A)=0 wants 0, map=24/5
gate: SENDING area=24/5 pos=8,10 down idle sprite=1 ghosts=0
gate: NOT SENDING — status(0x0FB1)=1 wants 2, battle(0x015A)=0 wants 0, map=24/5
gate: SENDING area=24/5 pos=8,10 down idle sprite=1 ghosts=0
gate: NOT SENDING — status(0x0FB1)=1 wants 2, battle(0x015A)=0 wants 0, map=24/5
gate: SENDING area=24/5 pos=8,10 down idle sprite=1 ghosts=0
gate: NOT SENDING — status(0x0FB1)=1 wants 2, battle(0x015A)=0 wants 0, map=24/5
gate: SENDING area=24/5 pos=8,10 down idle sprite=1 ghosts=0
gate: NOT SENDING — status(0x0FB1)=1 wants 2, battle(0x015A)=0 wants 0, map=24/5
gate: SENDING area=24/5 pos=8,10 down idle sprite=1 ghosts=0
gate: NOT SENDING — status(0x0FB1)=1 wants 2, battle(0x015A)=0 wants 0, map=24/5
gate: SENDING area=24/5 pos=8,10 down idle sprite=1 ghosts=0
gate: NOT SENDING — status(0x0FB1)=1 wants 2, battle(0x015A)=0 wants 0, map=24/5
gate: SENDING area=24/5 pos=8,10 down idle sprite=1 ghosts=0
gate: NOT SENDING — status(0x0FB1)=1 wants 2, battle(0x015A)=0 wants 0, map=24/5
gate: SENDING area=24/5 pos=8,10 down idle sprite=1 ghosts=0
gate: NOT SENDING — status(0x0FB1)=1 wants 2, battle(0x015A)=0 wants 0, map=24/5
gate: SENDING area=24/5 pos=8,10 down idle sprite=1 ghosts=0
gate: NOT SENDING — status(0x0FB1)=1 wants 2, battle(0x015A)=0 wants 0, map=24/5
gate: SENDING area=24/5 pos=8,10 down idle sprite=1 ghosts=0
gate: NOT SENDING — status(0x0FB1)=1 wants 2, battle(0x015A)=0 wants 0, map=24/5
gate: SENDING area=24/5 pos=8,10 down idle sprite=1 ghosts=0
gate: NOT SENDING — status(0x0FB1)=1 wants 2, battle(0x015A)=0 wants 0, map=24/5
gate: SENDING area=24/5 pos=8,10 down idle sprite=1 ghosts=0
gate: NOT SENDING — status(0x0FB1)=1 wants 2, battle(0x015A)=0 wants 0, map=24/5
gate: SENDING area=24/5 pos=8,10 down idle sprite=1 ghosts=0
gate: NOT SENDING — status(0x0FB1)=1 wants 2, battle(0x015A)=0 wants 0, map=24/5
gate: SENDING area=24/5 pos=8,10 down idle sprite=1 ghosts=0
gate: NOT SENDING — status(0x0FB1)=1 wants 2, battle(0x015A)=0 wants 0, map=24/5
gate: SENDING area=24/5 pos=8,10 down idle sprite=1 ghosts=0
gate: NOT SENDING — status(0x0FB1)=1 wants 2, battle(0x015A)=0 wants 0, map=24/5
gate: SENDING area=24/5 pos=8,10 down idle sprite=1 ghosts=0
gate: NOT SENDING — status(0x0FB1)=1 wants 2, battle(0x015A)=0 wants 0, map=24/5
gate: SENDING area=24/5 pos=8,10 down idle sprite=1 ghosts=0
gate: NOT SENDING — status(0x0FB1)=1 wants 2, battle(0x015A)=0 wants 0, map=24/5
gate: SENDING area=24/5 pos=8,10 down idle sprite=1 ghosts=0
gate: NOT SENDING — status(0x0FB1)=1 wants 2, battle(0x015A)=0 wants 0, map=24/5
gate: SENDING area=24/5 pos=8,10 down idle sprite=1 ghosts=0
gate: NOT SENDING — status(0x0FB1)=1 wants 2, battle(0x015A)=0 wants 0, map=24/5
gate: SENDING area=24/5 pos=8,10 down idle sprite=1 ghosts=0
gate: NOT SENDING — status(0x0FB1)=1 wants 2, battle(0x015A)=0 wants 0, map=24/5
gate: SENDING area=24/5 pos=8,10 down idle sprite=1 ghosts=0
gate: NOT SENDING — status(0x0FB1)=1 wants 2, battle(0x015A)=0 wants 0, map=24/5
gate: SENDING area=24/5 pos=8,10 down idle sprite=1 ghosts=0
gate: NOT SENDING — status(0x0FB1)=1 wants 2, battle(0x015A)=0 wants 0, map=24/5
gate: SENDING area=24/5 pos=8,10 down idle sprite=1 ghosts=0
gate: NOT SENDING — status(0x0FB1)=1 wants 2, battle(0x015A)=0 wants 0, map=24/5
gate: SENDING area=24/5 pos=8,10 down idle sprite=1 ghosts=0
gate: NOT SENDING — status(0x0FB1)=1 wants 2, battle(0x015A)=0 wants 0, map=24/5
gate: SENDING area=24/5 pos=8,10 down idle sprite=1 ghosts=0
gate: NOT SENDING — status(0x0FB1)=1 wants 2, battle(0x015A)=0 wants 0, map=24/5
gate: SENDING area=24/5 pos=8,10 down idle sprite=1 ghosts=0
gate: NOT SENDING — status(0x0FB1)=1 wants 2, battle(0x015A)=0 wants 0, map=24/5
gate: SENDING area=24/5 pos=8,10 down idle sprite=1 ghosts=0
gate: NOT SENDING — status(0x0FB1)=1 wants 2, battle(0x015A)=0 wants 0, map=24/5
gate: SENDING area=24/5 pos=8,10 down idle sprite=1 ghosts=0
gate: NOT SENDING — status(0x0FB1)=1 wants 2, battle(0x015A)=0 wants 0, map=24/5
gate: SENDING area=24/5 pos=8,10 down idle sprite=1 ghosts=0
gate: NOT SENDING — status(0x0FB1)=1 wants 2, battle(0x015A)=0 wants 0, map=24/5
gate: SENDING area=24/5 pos=8,10 down idle sprite=1 ghosts=0
gate: NOT SENDING — status(0x0FB1)=1 wants 2, battle(0x015A)=0 wants 0, map=24/5
gate: SENDING area=24/5 pos=8,10 down idle sprite=1 ghosts=0
gate: NOT SENDING — status(0x0FB1)=1 wants 2, battle(0x015A)=0 wants 0, map=24/5
gate: SENDING area=24/5 pos=8,10 down idle sprite=1 ghosts=0
gate: NOT SENDING — status(0x0FB1)=1 wants 2, battle(0x015A)=0 wants 0, map=24/5
gate: SENDING area=24/5 pos=8,10 down idle sprite=1 ghosts=0
gate: NOT SENDING — status(0x0FB1)=1 wants 2, battle(0x015A)=0 wants 0, map=24/5
gate: SENDING area=24/5 pos=8,10 down idle sprite=1 ghosts=0
gate: NOT SENDING — status(0x0FB1)=1 wants 2, battle(0x015A)=0 wants 0, map=24/5
gate: SENDING area=24/5 pos=8,10 down idle sprite=1 ghosts=0
gate: NOT SENDING — status(0x0FB1)=1 wants 2, battle(0x015A)=0 wants 0, map=24/5
gate: SENDING area=24/5 pos=8,10 down idle sprite=1 ghosts=0
gate: NOT SENDING — status(0x0FB1)=1 wants 2, battle(0x015A)=0 wants 0, map=24/5
gate: SENDING area=24/5 pos=8,10 down idle sprite=1 ghosts=0
gate: NOT SENDING — status(0x0FB1)=1 wants 2, battle(0x015A)=0 wants 0, map=24/5
gate: SENDING area=24/5 pos=8,10 down idle sprite=1 ghosts=0
gate: NOT SENDING — status(0x0FB1)=1 wants 2, battle(0x015A)=0 wants 0, map=24/5
gate: SENDING area=24/5 pos=8,10 down idle sprite=1 ghosts=0
gate: NOT SENDING — status(0x0FB1)=1 wants 2, battle(0x015A)=0 wants 0, map=24/5
gate: SENDING area=24/5 pos=8,10 down idle sprite=1 ghosts=0
gate: NOT SENDING — status(0x0FB1)=1 wants 2, battle(0x015A)=0 wants 0, map=24/5
gate: SENDING area=24/5 pos=8,10 down idle sprite=1 ghosts=0
gate: NOT SENDING — status(0x0FB1)=1 wants 2, battle(0x015A)=0 wants 0, map=24/5
gate: SENDING area=24/5 pos=8,10 down idle sprite=1 ghosts=0
gate: NOT SENDING — status(0x0FB1)=1 wants 2, battle(0x015A)=0 wants 0, map=24/5
gate: SENDING area=24/5 pos=8,10 down idle sprite=1 ghosts=0
gate: NOT SENDING — status(0x0FB1)=1 wants 2, battle(0x015A)=0 wants 0, map=24/5
gate: SENDING area=24/5 pos=8,10 down idle sprite=1 ghosts=0
gate: NOT SENDING — status(0x0FB1)=1 wants 2, battle(0x015A)=0 wants 0, map=24/5
gate: SENDING area=24/5 pos=8,10 down idle sprite=1 ghosts=0
gate: NOT SENDING — status(0x0FB1)=1 wants 2, battle(0x015A)=0 wants 0, map=24/5
gate: SENDING area=24/5 pos=8,10 down idle sprite=1 ghosts=0
gate: NOT SENDING — status(0x0FB1)=1 wants 2, battle(0x015A)=0 wants 0, map=24/5
gate: SENDING area=24/5 pos=8,10 down idle sprite=1 ghosts=0
gate: NOT SENDING — status(0x0FB1)=1 wants 2, battle(0x015A)=0 wants 0, map=24/5
gate: SENDING area=24/5 pos=8,10 down idle sprite=1 ghosts=0
gate: NOT SENDING — status(0x0FB1)=1 wants 2, battle(0x015A)=0 wants 0, map=24/5
gate: SENDING area=24/5 pos=8,10 down idle sprite=1 ghosts=0
gate: NOT SENDING — status(0x0FB1)=1 wants 2, battle(0x015A)=0 wants 0, map=24/5
gate: SENDING area=24/5 pos=8,10 down idle sprite=1 ghosts=0
gate: NOT SENDING — status(0x0FB1)=1 wants 2, battle(0x015A)=0 wants 0, map=24/5
gate: SENDING area=24/5 pos=8,10 down idle sprite=1 ghosts=0
gate: NOT SENDING — status(0x0FB1)=1 wants 2, battle(0x015A)=0 wants 0, map=24/5
gate: SENDING area=24/5 pos=8,10 down idle sprite=1 ghosts=0
gate: NOT SENDING — status(0x0FB1)=1 wants 2, battle(0x015A)=0 wants 0, map=24/5
gate: SENDING area=24/5 pos=8,10 down idle sprite=1 ghosts=0
gate: NOT SENDING — status(0x0FB1)=1 wants 2, battle(0x015A)=0 wants 0, map=24/5
gate: SENDING area=24/5 pos=8,10 down idle sprite=1 ghosts=0
gate: NOT SENDING — status(0x0FB1)=1 wants 2, battle(0x015A)=0 wants 0, map=24/5
gate: SENDING area=24/5 pos=8,10 down idle sprite=1 ghosts=0
gate: NOT SENDING — status(0x0FB1)=1 wants 2, battle(0x015A)=0 wants 0, map=24/5
gate: SENDING area=24/5 pos=8,10 down idle sprite=1 ghosts=0
gate: NOT SENDING — status(0x0FB1)=1 wants 2, battle(0x015A)=0 wants 0, map=24/5
gate: SENDING area=24/5 pos=8,10 down idle sprite=1 ghosts=0
gate: NOT SENDING — status(0x0FB1)=1 wants 2, battle(0x015A)=0 wants 0, map=24/5
gate: SENDING area=24/5 pos=8,10 down idle sprite=1 ghosts=0
gate: NOT SENDING — status(0x0FB1)=1 wants 2, battle(0x015A)=0 wants 0, map=24/5
gate: SENDING area=24/5 pos=8,10 down idle sprite=1 ghosts=0
gate: NOT SENDING — status(0x0FB1)=1 wants 2, battle(0x015A)=0 wants 0, map=24/5
gate: SENDING area=24/5 pos=8,10 down idle sprite=1 ghosts=0
gate: NOT SENDING — status(0x0FB1)=1 wants 2, battle(0x015A)=0 wants 0, map=24/5
gate: SENDING area=24/5 pos=8,10 down idle sprite=1 ghosts=0
gate: NOT SENDING — status(0x0FB1)=1 wants 2, battle(0x015A)=0 wants 0, map=24/5
gate: SENDING area=24/5 pos=8,10 down idle sprite=1 ghosts=0
gate: NOT SENDING — status(0x0FB1)=1 wants 2, battle(0x015A)=0 wants 0, map=24/5
gate: SENDING area=24/5 pos=8,10 down idle sprite=1 ghosts=0
gate: NOT SENDING — status(0x0FB1)=1 wants 2, battle(0x015A)=0 wants 0, map=24/5
gate: SENDING area=24/5 pos=8,10 down idle sprite=1 ghosts=0
gate: NOT SENDING — status(0x0FB1)=1 wants 2, battle(0x015A)=0 wants 0, map=24/5
gate: SENDING area=24/5 pos=8,10 down idle sprite=1 ghosts=0
gate: NOT SENDING — status(0x0FB1)=1 wants 2, battle(0x015A)=0 wants 0, map=24/5
gate: SENDING area=24/5 pos=8,10 down idle sprite=1 ghosts=0
gate: NOT SENDING — status(0x0FB1)=1 wants 2, battle(0x015A)=0 wants 0, map=24/5
gate: SENDING area=24/5 pos=8,10 down idle sprite=1 ghosts=0
gate: NOT SENDING — status(0x0FB1)=1 wants 2, battle(0x015A)=0 wants 0, map=24/5
gate: SENDING area=24/5 pos=8,10 down idle sprite=1 ghosts=0
gate: NOT SENDING — status(0x0FB1)=1 wants 2, battle(0x015A)=0 wants 0, map=24/5
gate: SENDING area=24/5 pos=8,10 down idle sprite=1 ghosts=0
gate: NOT SENDING — status(0x0FB1)=1 wants 2, battle(0x015A)=0 wants 0, map=24/5
gate: SENDING area=24/5 pos=8,10 down idle sprite=1 ghosts=0
gate: NOT SENDING — status(0x0FB1)=1 wants 2, battle(0x015A)=0 wants 0, map=24/5
gate: SENDING area=24/5 pos=8,10 down idle sprite=1 ghosts=0
gate: NOT SENDING — status(0x0FB1)=1 wants 2, battle(0x015A)=0 wants 0, map=24/5
gate: SENDING area=24/5 pos=8,10 down idle sprite=1 ghosts=0
gate: NOT SENDING — status(0x0FB1)=1 wants 2, battle(0x015A)=0 wants 0, map=24/5
gate: SENDING area=24/5 pos=8,10 down idle sprite=1 ghosts=0
gate: NOT SENDING — status(0x0FB1)=1 wants 2, battle(0x015A)=0 wants 0, map=24/5
gate: SENDING area=24/5 pos=8,10 down idle sprite=1 ghosts=0
gate: NOT SENDING — status(0x0FB1)=1 wants 2, battle(0x015A)=0 wants 0, map=24/5
gate: SENDING area=24/5 pos=8,10 down idle sprite=1 ghosts=0
gate: NOT SENDING — status(0x0FB1)=1 wants 2, battle(0x015A)=0 wants 0, map=24/5
gate: SENDING area=24/5 pos=8,10 down idle sprite=1 ghosts=0
gate: NOT SENDING — status(0x0FB1)=1 wants 2, battle(0x015A)=0 wants 0, map=24/5
gate: SENDING area=24/5 pos=8,10 down idle sprite=1 ghosts=0
gate: NOT SENDING — status(0x0FB1)=1 wants 2, battle(0x015A)=0 wants 0, map=24/5
gate: SENDING area=24/5 pos=8,10 down idle sprite=1 ghosts=0
gate: NOT SENDING — status(0x0FB1)=1 wants 2, battle(0x015A)=0 wants 0, map=24/5
gate: SENDING area=24/5 pos=8,10 down idle sprite=1 ghosts=0
gate: NOT SENDING — status(0x0FB1)=1 wants 2, battle(0x015A)=0 wants 0, map=24/5
gate: SENDING area=24/5 pos=8,10 down idle sprite=1 ghosts=0
gate: NOT SENDING — status(0x0FB1)=1 wants 2, battle(0x015A)=0 wants 0, map=24/5
gate: SENDING area=24/5 pos=8,10 down idle sprite=1 ghosts=0
gate: NOT SENDING — status(0x0FB1)=1 wants 2, battle(0x015A)=0 wants 0, map=24/5
gate: SENDING area=24/5 pos=8,10 down idle sprite=1 ghosts=0
gate: NOT SENDING — status(0x0FB1)=1 wants 2, battle(0x015A)=0 wants 0, map=24/5
gate: SENDING area=24/5 pos=8,10 down idle sprite=1 ghosts=0
gate: NOT SENDING — status(0x0FB1)=1 wants 2, battle(0x015A)=0 wants 0, map=24/5
gate: SENDING area=24/5 pos=8,10 down idle sprite=1 ghosts=0
gate: NOT SENDING — status(0x0FB1)=1 wants 2, battle(0x015A)=0 wants 0, map=24/5
gate: SENDING area=24/5 pos=8,10 down idle sprite=1 ghosts=0
gate: NOT SENDING — status(0x0FB1)=1 wants 2, battle(0x015A)=0 wants 0, map=24/5
gate: SENDING area=24/5 pos=8,10 down idle sprite=1 ghosts=0
gate: NOT SENDING — status(0x0FB1)=1 wants 2, battle(0x015A)=0 wants 0, map=24/5
gate: SENDING area=24/5 pos=8,10 down idle sprite=1 ghosts=0
gate: NOT SENDING — status(0x0FB1)=1 wants 2, battle(0x015A)=0 wants 0, map=24/5
gate: SENDING area=24/5 pos=8,10 down idle sprite=1 ghosts=0
gate: NOT SENDING — status(0x0FB1)=1 wants 2, battle(0x015A)=0 wants 0, map=24/5
gate: SENDING area=24/5 pos=8,10 down idle sprite=1 ghosts=0
gate: NOT SENDING — status(0x0FB1)=1 wants 2, battle(0x015A)=0 wants 0, map=24/5
gate: SENDING area=24/5 pos=8,10 down idle sprite=1 ghosts=0
gate: NOT SENDING — status(0x0FB1)=1 wants 2, battle(0x015A)=0 wants 0, map=24/5
gate: SENDING area=24/5 pos=8,10 down idle sprite=1 ghosts=0
gate: NOT SENDING — status(0x0FB1)=1 wants 2, battle(0x015A)=0 wants 0, map=24/5
gate: SENDING area=24/5 pos=8,10 down idle sprite=1 ghosts=0
gate: NOT SENDING — status(0x0FB1)=1 wants 2, battle(0x015A)=0 wants 0, map=24/5
gate: SENDING area=24/5 pos=8,10 down idle sprite=1 ghosts=0
gate: NOT SENDING — status(0x0FB1)=1 wants 2, battle(0x015A)=0 wants 0, map=24/5
gate: SENDING area=24/5 pos=8,10 down idle sprite=1 ghosts=0
gate: NOT SENDING — status(0x0FB1)=1 wants 2, battle(0x015A)=0 wants 0, map=24/5
gate: SENDING area=24/5 pos=8,10 down idle sprite=1 ghosts=0
gate: NOT SENDING — status(0x0FB1)=1 wants 2, battle(0x015A)=0 wants 0, map=24/5
gate: SENDING area=24/5 pos=8,10 down idle sprite=1 ghosts=0
gate: NOT SENDING — status(0x0FB1)=1 wants 2, battle(0x015A)=0 wants 0, map=24/5
gate: SENDING area=24/5 pos=8,10 down idle sprite=1 ghosts=0
gate: NOT SENDING — status(0x0FB1)=1 wants 2, battle(0x015A)=0 wants 0, map=24/5
gate: SENDING area=24/5 pos=8,10 down idle sprite=1 ghosts=0
gate: NOT SENDING — status(0x0FB1)=1 wants 2, battle(0x015A)=0 wants 0, map=24/5
gate: SENDING area=24/5 pos=8,10 down idle sprite=1 ghosts=0
gate: NOT SENDING — status(0x0FB1)=1 wants 2, battle(0x015A)=0 wants 0, map=24/5
gate: SENDING area=24/5 pos=8,10 down idle sprite=1 ghosts=0
gate: NOT SENDING — status(0x0FB1)=1 wants 2, battle(0x015A)=0 wants 0, map=24/5
gate: SENDING area=24/5 pos=8,10 down idle sprite=1 ghosts=0
gate: NOT SENDING — status(0x0FB1)=1 wants 2, battle(0x015A)=0 wants 0, map=24/5
gate: SENDING area=24/5 pos=8,10 down idle sprite=1 ghosts=0
gate: NOT SENDING — status(0x0FB1)=1 wants 2, battle(0x015A)=0 wants 0, map=24/5
gate: SENDING area=24/5 pos=8,10 down idle sprite=1 ghosts=0
gate: NOT SENDING — status(0x0FB1)=1 wants 2, battle(0x015A)=0 wants 0, map=24/5
gate: SENDING area=24/5 pos=8,10 down idle sprite=1 ghosts=0
gate: NOT SENDING — status(0x0FB1)=1 wants 2, battle(0x015A)=0 wants 0, map=24/5
gate: SENDING area=24/5 pos=8,10 down idle sprite=1 ghosts=0
gate: NOT SENDING — status(0x0FB1)=1 wants 2, battle(0x015A)=0 wants 0, map=24/5
gate: SENDING area=24/5 pos=8,10 down idle sprite=1 ghosts=0
gate: NOT SENDING — status(0x0FB1)=1 wants 2, battle(0x015A)=0 wants 0, map=24/5
gate: SENDING area=24/5 pos=8,10 down idle sprite=1 ghosts=0
gate: NOT SENDING — status(0x0FB1)=1 wants 2, battle(0x015A)=0 wants 0, map=24/5
gate: SENDING area=24/5 pos=8,10 down idle sprite=1 ghosts=0
gate: NOT SENDING — status(0x0FB1)=1 wants 2, battle(0x015A)=0 wants 0, map=24/5
gate: SENDING area=24/5 pos=8,10 down idle sprite=1 ghosts=0
gate: NOT SENDING — status(0x0FB1)=1 wants 2, battle(0x015A)=0 wants 0, map=24/5
gate: SENDING area=24/5 pos=8,10 down idle sprite=1 ghosts=0
gate: NOT SENDING — status(0x0FB1)=1 wants 2, battle(0x015A)=0 wants 0, map=24/5
gate: SENDING area=24/5 pos=8,10 down idle sprite=1 ghosts=0
gate: NOT SENDING — status(0x0FB1)=1 wants 2, battle(0x015A)=0 wants 0, map=24/5
gate: SENDING area=24/5 pos=8,10 down idle sprite=1 ghosts=0
gate: NOT SENDING — status(0x0FB1)=1 wants 2, battle(0x015A)=0 wants 0, map=24/5
gate: SENDING area=24/5 pos=8,10 down idle sprite=1 ghosts=0
gate: NOT SENDING — status(0x0FB1)=1 wants 2, battle(0x015A)=0 wants 0, map=24/5
gate: SENDING area=24/5 pos=8,10 down idle sprite=1 ghosts=0
gate: NOT SENDING — status(0x0FB1)=1 wants 2, battle(0x015A)=0 wants 0, map=24/5
gate: SENDING area=24/5 pos=8,10 down idle sprite=1 ghosts=0
gate: NOT SENDING — status(0x0FB1)=1 wants 2, battle(0x015A)=0 wants 0, map=24/5
gate: SENDING area=24/5 pos=8,10 down idle sprite=1 ghosts=0
gate: NOT SENDING — status(0x0FB1)=1 wants 2, battle(0x015A)=0 wants 0, map=24/5
gate: SENDING area=24/5 pos=8,10 down idle sprite=1 ghosts=0
gate: NOT SENDING — status(0x0FB1)=1 wants 2, battle(0x015A)=0 wants 0, map=24/5
gate: SENDING area=24/5 pos=8,10 down idle sprite=1 ghosts=0
gate: NOT SENDING — status(0x0FB1)=1 wants 2, battle(0x015A)=0 wants 0, map=24/5
gate: SENDING area=24/5 pos=8,10 down idle sprite=1 ghosts=0
gate: NOT SENDING — status(0x0FB1)=1 wants 2, battle(0x015A)=0 wants 0, map=24/5
gate: SENDING area=24/5 pos=8,10 down idle sprite=1 ghosts=0
gate: NOT SENDING — status(0x0FB1)=1 wants 2, battle(0x015A)=0 wants 0, map=24/5
gate: SENDING area=24/5 pos=8,10 down idle sprite=1 ghosts=0
gate: NOT SENDING — status(0x0FB1)=1 wants 2, battle(0x015A)=0 wants 0, map=24/5
gate: SENDING area=24/5 pos=8,10 down idle sprite=1 ghosts=0
gate: NOT SENDING — status(0x0FB1)=1 wants 2, battle(0x015A)=0 wants 0, map=24/5
gate: SENDING area=24/5 pos=8,10 down idle sprite=1 ghosts=0
gate: NOT SENDING — status(0x0FB1)=1 wants 2, battle(0x015A)=0 wants 0, map=24/5
gate: SENDING area=24/5 pos=8,10 down idle sprite=1 ghosts=0
gate: NOT SENDING — status(0x0FB1)=1 wants 2, battle(0x015A)=0 wants 0, map=24/5
gate: SENDING area=24/5 pos=8,10 down idle sprite=1 ghosts=0
gate: NOT SENDING — status(0x0FB1)=1 wants 2, battle(0x015A)=0 wants 0, map=24/5
gate: SENDING area=24/5 pos=8,10 down idle sprite=1 ghosts=0
gate: NOT SENDING — status(0x0FB1)=1 wants 2, battle(0x015A)=0 wants 0, map=24/5
gate: SENDING area=24/5 pos=8,10 down idle sprite=1 ghosts=0
gate: NOT SENDING — status(0x0FB1)=1 wants 2, battle(0x015A)=0 wants 0, map=24/5
gate: SENDING area=24/5 pos=8,10 down idle sprite=1 ghosts=0
gate: NOT SENDING — status(0x0FB1)=1 wants 2, battle(0x015A)=0 wants 0, map=24/5
gate: SENDING area=24/5 pos=8,10 down idle sprite=1 ghosts=0
gate: NOT SENDING — status(0x0FB1)=1 wants 2, battle(0x015A)=0 wants 0, map=24/5
gate: SENDING area=24/5 pos=8,10 down idle sprite=1 ghosts=0
gate: NOT SENDING — status(0x0FB1)=1 wants 2, battle(0x015A)=0 wants 0, map=24/5
gate: SENDING area=24/5 pos=8,10 down idle sprite=1 ghosts=0
gate: NOT SENDING — status(0x0FB1)=1 wants 2, battle(0x015A)=0 wants 0, map=24/5
gate: SENDING area=24/5 pos=8,10 down idle sprite=1 ghosts=0
gate: NOT SENDING — status(0x0FB1)=1 wants 2, battle(0x015A)=0 wants 0, map=24/5
gate: SENDING area=24/5 pos=8,10 down idle sprite=1 ghosts=0
gate: NOT SENDING — status(0x0FB1)=1 wants 2, battle(0x015A)=0 wants 0, map=24/5
gate: SENDING area=24/5 pos=8,10 down idle sprite=1 ghosts=0
gate: NOT SENDING — status(0x0FB1)=1 wants 2, battle(0x015A)=0 wants 0, map=24/5
gate: SENDING area=24/5 pos=8,10 down idle sprite=1 ghosts=0
gate: NOT SENDING — status(0x0FB1)=1 wants 2, battle(0x015A)=0 wants 0, map=24/5
gate: SENDING area=24/5 pos=8,10 down idle sprite=1 ghosts=0
gate: NOT SENDING — status(0x0FB1)=1 wants 2, battle(0x015A)=0 wants 0, map=24/5
gate: SENDING area=24/5 pos=8,10 down idle sprite=1 ghosts=0
gate: NOT SENDING — status(0x0FB1)=1 wants 2, battle(0x015A)=0 wants 0, map=24/5
gate: SENDING area=24/5 pos=8,10 down idle sprite=1 ghosts=0
gate: NOT SENDING — status(0x0FB1)=1 wants 2, battle(0x015A)=0 wants 0, map=24/5
gate: SENDING area=24/5 pos=8,10 down idle sprite=1 ghosts=0
gate: NOT SENDING — status(0x0FB1)=1 wants 2, battle(0x015A)=0 wants 0, map=24/5
gate: SENDING area=24/5 pos=8,10 down idle sprite=1 ghosts=0
gate: NOT SENDING — status(0x0FB1)=1 wants 2, battle(0x015A)=0 wants 0, map=24/5
gate: SENDING area=24/5 pos=8,10 down idle sprite=1 ghosts=0
gate: NOT SENDING — status(0x0FB1)=1 wants 2, battle(0x015A)=0 wants 0, map=24/5
gate: SENDING area=24/5 pos=8,10 down idle sprite=1 ghosts=0
gate: NOT SENDING — status(0x0FB1)=1 wants 2, battle(0x015A)=0 wants 0, map=24/5
gate: SENDING area=24/5 pos=8,10 down idle sprite=1 ghosts=0
gate: NOT SENDING — status(0x0FB1)=1 wants 2, battle(0x015A)=0 wants 0, map=24/5
gate: SENDING area=24/5 pos=8,10 down idle sprite=1 ghosts=0
gate: NOT SENDING — status(0x0FB1)=1 wants 2, battle(0x015A)=0 wants 0, map=24/5
gate: SENDING area=24/5 pos=8,10 down idle sprite=1 ghosts=0
gate: NOT SENDING — status(0x0FB1)=1 wants 2, battle(0x015A)=0 wants 0, map=24/5
gate: SENDING area=24/5 pos=8,10 down idle sprite=1 ghosts=0
gate: NOT SENDING — status(0x0FB1)=1 wants 2, battle(0x015A)=0 wants 0, map=24/5
gate: SENDING area=24/5 pos=8,10 down idle sprite=1 ghosts=0
gate: NOT SENDING — status(0x0FB1)=1 wants 2, battle(0x015A)=0 wants 0, map=24/5
gate: SENDING area=24/5 pos=8,10 down idle sprite=1 ghosts=0
gate: NOT SENDING — status(0x0FB1)=1 wants 2, battle(0x015A)=0 wants 0, map=24/5
gate: SENDING area=24/5 pos=8,10 down idle sprite=1 ghosts=0
gate: NOT SENDING — status(0x0FB1)=1 wants 2, battle(0x015A)=0 wants 0, map=24/5
gate: SENDING area=24/5 pos=8,10 down idle sprite=1 ghosts=0
gate: NOT SENDING — status(0x0FB1)=1 wants 2, battle(0x015A)=0 wants 0, map=24/5
gate: SENDING area=24/5 pos=8,10 down idle sprite=1 ghosts=0
gate: NOT SENDING — status(0x0FB1)=1 wants 2, battle(0x015A)=0 wants 0, map=24/5
gate: SENDING area=24/5 pos=8,10 down idle sprite=1 ghosts=0
gate: NOT SENDING — status(0x0FB1)=1 wants 2, battle(0x015A)=0 wants 0, map=24/5
gate: SENDING area=24/5 pos=8,10 down idle sprite=1 ghosts=0
gate: NOT SENDING — status(0x0FB1)=1 wants 2, battle(0x015A)=0 wants 0, map=24/5
gate: SENDING area=24/5 pos=8,10 down idle sprite=1 ghosts=0
gate: NOT SENDING — status(0x0FB1)=1 wants 2, battle(0x015A)=0 wants 0, map=24/5
gate: SENDING area=24/5 pos=8,10 down idle sprite=1 ghosts=0
gate: NOT SENDING — status(0x0FB1)=1 wants 2, battle(0x015A)=0 wants 0, map=24/5
gate: SENDING area=24/5 pos=8,10 down idle sprite=1 ghosts=0
gate: NOT SENDING — status(0x0FB1)=1 wants 2, battle(0x015A)=0 wants 0, map=24/5
gate: SENDING area=24/5 pos=8,10 down idle sprite=1 ghosts=0
gate: NOT SENDING — status(0x0FB1)=1 wants 2, battle(0x015A)=0 wants 0, map=24/5
gate: SENDING area=24/5 pos=8,10 down idle sprite=1 ghosts=0
gate: NOT SENDING — status(0x0FB1)=1 wants 2, battle(0x015A)=0 wants 0, map=24/5
gate: SENDING area=24/5 pos=8,10 down idle sprite=1 ghosts=0
gate: NOT SENDING — status(0x0FB1)=1 wants 2, battle(0x015A)=0 wants 0, map=24/5
gate: SENDING area=24/5 pos=8,10 down idle sprite=1 ghosts=0
gate: NOT SENDING — status(0x0FB1)=1 wants 2, battle(0x015A)=0 wants 0, map=24/5
gate: SENDING area=24/5 pos=8,10 down idle sprite=1 ghosts=0
gate: NOT SENDING — status(0x0FB1)=1 wants 2, battle(0x015A)=0 wants 0, map=24/5
gate: SENDING area=24/5 pos=8,10 down idle sprite=1 ghosts=0
gate: NOT SENDING — status(0x0FB1)=1 wants 2, battle(0x015A)=0 wants 0, map=24/5
gate: SENDING area=24/5 pos=8,10 down idle sprite=1 ghosts=0
gate: NOT SENDING — status(0x0FB1)=1 wants 2, battle(0x015A)=0 wants 0, map=24/5
gate: SENDING area=24/5 pos=8,10 down idle sprite=1 ghosts=0
gate: NOT SENDING — status(0x0FB1)=1 wants 2, battle(0x015A)=0 wants 0, map=24/5
gate: SENDING area=24/5 pos=8,10 down idle sprite=1 ghosts=0
gate: NOT SENDING — status(0x0FB1)=1 wants 2, battle(0x015A)=0 wants 0, map=24/5
gate: SENDING area=24/5 pos=8,10 down idle sprite=1 ghosts=0
gate: NOT SENDING — status(0x0FB1)=1 wants 2, battle(0x015A)=0 wants 0, map=24/5
gate: SENDING area=24/5 pos=8,10 down idle sprite=1 ghosts=0
gate: NOT SENDING — status(0x0FB1)=1 wants 2, battle(0x015A)=0 wants 0, map=24/5
gate: SENDING area=24/5 pos=8,10 down idle sprite=1 ghosts=0
gate: NOT SENDING — status(0x0FB1)=1 wants 2, battle(0x015A)=0 wants 0, map=24/5
gate: SENDING area=24/5 pos=8,10 down idle sprite=1 ghosts=0
gate: NOT SENDING — status(0x0FB1)=1 wants 2, battle(0x015A)=0 wants 0, map=24/5
gate: SENDING area=24/5 pos=8,10 down idle sprite=1 ghosts=0
gate: NOT SENDING — status(0x0FB1)=1 wants 2, battle(0x015A)=0 wants 0, map=24/5
gate: SENDING area=24/5 pos=8,10 down idle sprite=1 ghosts=0
gate: NOT SENDING — status(0x0FB1)=1 wants 2, battle(0x015A)=0 wants 0, map=24/5
gate: SENDING area=24/5 pos=8,10 down idle sprite=1 ghosts=0
gate: NOT SENDING — status(0x0FB1)=1 wants 2, battle(0x015A)=0 wants 0, map=24/5
gate: SENDING area=24/5 pos=8,10 down idle sprite=1 ghosts=0
gate: NOT SENDING — status(0x0FB1)=1 wants 2, battle(0x015A)=0 wants 0, map=24/5
gate: SENDING area=24/5 pos=8,10 down idle sprite=1 ghosts=0
gate: NOT SENDING — status(0x0FB1)=1 wants 2, battle(0x015A)=0 wants 0, map=24/5
gate: SENDING area=24/5 pos=8,10 down idle sprite=1 ghosts=0
gate: NOT SENDING — status(0x0FB1)=1 wants 2, battle(0x015A)=0 wants 0, map=24/5
gate: SENDING area=24/5 pos=8,10 down idle sprite=1 ghosts=0
gate: NOT SENDING — status(0x0FB1)=1 wants 2, battle(0x015A)=0 wants 0, map=24/5
gate: SENDING area=24/5 pos=8,10 down idle sprite=1 ghosts=0
gate: NOT SENDING — status(0x0FB1)=1 wants 2, battle(0x015A)=0 wants 0, map=24/5
gate: SENDING area=24/5 pos=8,10 down idle sprite=1 ghosts=0
gate: NOT SENDING — status(0x0FB1)=1 wants 2, battle(0x015A)=0 wants 0, map=24/5
gate: SENDING area=24/5 pos=8,10 down idle sprite=1 ghosts=0
gate: NOT SENDING — status(0x0FB1)=1 wants 2, battle(0x015A)=0 wants 0, map=24/5
gate: SENDING area=24/5 pos=8,10 down idle sprite=1 ghosts=0
gate: NOT SENDING — status(0x0FB1)=1 wants 2, battle(0x015A)=0 wants 0, map=24/5
gate: SENDING area=24/5 pos=8,10 down idle sprite=1 ghosts=0
gate: NOT SENDING — status(0x0FB1)=1 wants 2, battle(0x015A)=0 wants 0, map=24/5
gate: SENDING area=24/5 pos=8,10 down idle sprite=1 ghosts=0
gate: NOT SENDING — status(0x0FB1)=1 wants 2, battle(0x015A)=0 wants 0, map=24/5
gate: SENDING area=24/5 pos=8,10 down idle sprite=1 ghosts=0
gate: NOT SENDING — status(0x0FB1)=1 wants 2, battle(0x015A)=0 wants 0, map=24/5
gate: SENDING area=24/5 pos=8,10 down idle sprite=1 ghosts=0
gate: NOT SENDING — status(0x0FB1)=1 wants 2, battle(0x015A)=0 wants 0, map=24/5
gate: SENDING area=24/5 pos=8,10 down idle sprite=1 ghosts=0
gate: NOT SENDING — status(0x0FB1)=1 wants 2, battle(0x015A)=0 wants 0, map=24/5
gate: SENDING area=24/5 pos=8,10 down idle sprite=1 ghosts=0
gate: NOT SENDING — status(0x0FB1)=1 wants 2, battle(0x015A)=0 wants 0, map=24/5
gate: SENDING area=24/5 pos=8,10 down idle sprite=1 ghosts=0
gate: NOT SENDING — status(0x0FB1)=1 wants 2, battle(0x015A)=0 wants 0, map=24/5
gate: SENDING area=24/5 pos=8,10 down idle sprite=1 ghosts=0
gate: NOT SENDING — status(0x0FB1)=1 wants 2, battle(0x015A)=0 wants 0, map=24/5
gate: SENDING area=24/5 pos=8,10 down idle sprite=1 ghosts=0
gate: NOT SENDING — status(0x0FB1)=1 wants 2, battle(0x015A)=0 wants 0, map=24/5
gate: SENDING area=24/5 pos=8,10 down idle sprite=1 ghosts=0
gate: NOT SENDING — status(0x0FB1)=1 wants 2, battle(0x015A)=0 wants 0, map=24/5
gate: SENDING area=24/5 pos=8,10 down idle sprite=1 ghosts=0
gate: NOT SENDING — status(0x0FB1)=1 wants 2, battle(0x015A)=0 wants 0, map=24/5
gate: SENDING area=24/5 pos=8,10 down idle sprite=1 ghosts=0
gate: NOT SENDING — status(0x0FB1)=1 wants 2, battle(0x015A)=0 wants 0, map=24/5
gate: SENDING area=24/5 pos=8,10 down idle sprite=1 ghosts=0
gate: NOT SENDING — status(0x0FB1)=1 wants 2, battle(0x015A)=0 wants 0, map=24/5
gate: SENDING area=24/5 pos=8,10 down idle sprite=1 ghosts=0
gate: NOT SENDING — status(0x0FB1)=1 wants 2, battle(0x015A)=0 wants 0, map=24/5
gate: SENDING area=24/5 pos=8,10 down idle sprite=1 ghosts=0
gate: NOT SENDING — status(0x0FB1)=1 wants 2, battle(0x015A)=0 wants 0, map=24/5
gate: SENDING area=24/5 pos=8,10 down idle sprite=1 ghosts=0
gate: NOT SENDING — status(0x0FB1)=1 wants 2, battle(0x015A)=0 wants 0, map=24/5
gate: SENDING area=24/5 pos=8,10 down idle sprite=1 ghosts=0
gate: NOT SENDING — status(0x0FB1)=1 wants 2, battle(0x015A)=0 wants 0, map=24/5
gate: SENDING area=24/5 pos=8,10 down idle sprite=1 ghosts=0
gate: NOT SENDING — status(0x0FB1)=1 wants 2, battle(0x015A)=0 wants 0, map=24/5
gate: SENDING area=24/5 pos=8,10 down idle sprite=1 ghosts=0
gate: NOT SENDING — status(0x0FB1)=1 wants 2, battle(0x015A)=0 wants 0, map=24/5
gate: SENDING area=24/5 pos=8,10 down idle sprite=1 ghosts=0
gate: NOT SENDING — status(0x0FB1)=1 wants 2, battle(0x015A)=0 wants 0, map=24/5
gate: SENDING area=24/5 pos=8,10 down idle sprite=1 ghosts=0
gate: NOT SENDING — status(0x0FB1)=1 wants 2, battle(0x015A)=0 wants 0, map=24/5
gate: SENDING area=24/5 pos=8,10 down idle sprite=1 ghosts=0
gate: NOT SENDING — status(0x0FB1)=1 wants 2, battle(0x015A)=0 wants 0, map=24/5
gate: SENDING area=24/5 pos=8,10 down idle sprite=1 ghosts=0
gate: NOT SENDING — status(0x0FB1)=1 wants 2, battle(0x015A)=0 wants 0, map=24/5
gate: SENDING area=24/5 pos=8,10 down idle sprite=1 ghosts=0
gate: NOT SENDING — status(0x0FB1)=1 wants 2, battle(0x015A)=0 wants 0, map=24/5
gate: SENDING area=24/5 pos=8,10 down idle sprite=1 ghosts=0
gate: NOT SENDING — status(0x0FB1)=1 wants 2, battle(0x015A)=0 wants 0, map=24/5
gate: SENDING area=24/5 pos=8,10 down idle sprite=1 ghosts=0
gate: NOT SENDING — status(0x0FB1)=1 wants 2, battle(0x015A)=0 wants 0, map=24/5
gate: SENDING area=24/5 pos=8,10 down idle sprite=1 ghosts=0
gate: NOT SENDING — status(0x0FB1)=1 wants 2, battle(0x015A)=0 wants 0, map=24/5
gate: SENDING area=24/5 pos=8,10 down idle sprite=1 ghosts=0
gate: NOT SENDING — status(0x0FB1)=1 wants 2, battle(0x015A)=0 wants 0, map=24/5
gate: SENDING area=24/5 pos=8,10 down idle sprite=1 ghosts=0
gate: NOT SENDING — status(0x0FB1)=1 wants 2, battle(0x015A)=0 wants 0, map=24/5
gate: SENDING area=24/5 pos=8,10 down idle sprite=1 ghosts=0
gate: NOT SENDING — status(0x0FB1)=1 wants 2, battle(0x015A)=0 wants 0, map=24/5
gate: SENDING area=24/5 pos=8,10 down idle sprite=1 ghosts=0
gate: NOT SENDING — status(0x0FB1)=1 wants 2, battle(0x015A)=0 wants 0, map=24/5
gate: SENDING area=24/5 pos=8,10 down idle sprite=1 ghosts=0
gate: NOT SENDING — status(0x0FB1)=1 wants 2, battle(0x015A)=0 wants 0, map=24/5
gate: SENDING area=24/5 pos=8,10 down idle sprite=1 ghosts=0
gate: NOT SENDING — status(0x0FB1)=1 wants 2, battle(0x015A)=0 wants 0, map=24/5
gate: SENDING area=24/5 pos=8,10 down idle sprite=1 ghosts=0
gate: NOT SENDING — status(0x0FB1)=1 wants 2, battle(0x015A)=0 wants 0, map=24/5
gate: SENDING area=24/5 pos=8,10 down idle sprite=1 ghosts=0
gate: NOT SENDING — status(0x0FB1)=1 wants 2, battle(0x015A)=0 wants 0, map=24/5
gate: SENDING area=24/5 pos=8,10 down idle sprite=1 ghosts=0
gate: NOT SENDING — status(0x0FB1)=1 wants 2, battle(0x015A)=0 wants 0, map=24/5
gate: SENDING area=24/5 pos=8,10 down idle sprite=1 ghosts=0
gate: NOT SENDING — status(0x0FB1)=1 wants 2, battle(0x015A)=0 wants 0, map=24/5
gate: SENDING area=24/5 pos=8,10 down idle sprite=1 ghosts=0
gate: NOT SENDING — status(0x0FB1)=1 wants 2, battle(0x015A)=0 wants 0, map=24/5
gate: SENDING area=24/5 pos=8,10 down idle sprite=1 ghosts=0
gate: NOT SENDING — status(0x0FB1)=1 wants 2, battle(0x015A)=0 wants 0, map=24/5
gate: SENDING area=24/5 pos=8,10 down idle sprite=1 ghosts=0
gate: NOT SENDING — status(0x0FB1)=1 wants 2, battle(0x015A)=0 wants 0, map=24/5
gate: SENDING area=24/5 pos=8,10 down idle sprite=1 ghosts=0
gate: NOT SENDING — status(0x0FB1)=1 wants 2, battle(0x015A)=0 wants 0, map=24/5
gate: SENDING area=24/5 pos=8,10 down idle sprite=1 ghosts=0
gate: NOT SENDING — status(0x0FB1)=1 wants 2, battle(0x015A)=0 wants 0, map=24/5
gate: SENDING area=24/5 pos=8,10 down idle sprite=1 ghosts=0
gate: NOT SENDING — status(0x0FB1)=1 wants 2, battle(0x015A)=0 wants 0, map=24/5
gate: SENDING area=24/5 pos=8,10 down idle sprite=1 ghosts=0
gate: NOT SENDING — status(0x0FB1)=1 wants 2, battle(0x015A)=0 wants 0, map=24/5
gate: SENDING area=24/5 pos=8,10 down idle sprite=1 ghosts=0
gate: NOT SENDING — status(0x0FB1)=1 wants 2, battle(0x015A)=0 wants 0, map=24/5
gate: SENDING area=24/5 pos=8,10 down idle sprite=1 ghosts=0
gate: NOT SENDING — status(0x0FB1)=1 wants 2, battle(0x015A)=0 wants 0, map=24/5
gate: SENDING area=24/5 pos=8,10 down idle sprite=1 ghosts=0
gate: NOT SENDING — status(0x0FB1)=1 wants 2, battle(0x015A)=0 wants 0, map=24/5
gate: SENDING area=24/5 pos=8,10 down idle sprite=1 ghosts=0
gate: NOT SENDING — status(0x0FB1)=1 wants 2, battle(0x015A)=0 wants 0, map=24/5
gate: SENDING area=24/5 pos=8,10 down idle sprite=1 ghosts=0
gate: NOT SENDING — status(0x0FB1)=1 wants 2, battle(0x015A)=0 wants 0, map=24/5
gate: SENDING area=24/5 pos=8,10 down idle sprite=1 ghosts=0
gate: NOT SENDING — status(0x0FB1)=1 wants 2, battle(0x015A)=0 wants 0, map=24/5
gate: SENDING area=24/5 pos=8,10 down idle sprite=1 ghosts=0
gate: NOT SENDING — status(0x0FB1)=1 wants 2, battle(0x015A)=0 wants 0, map=24/5
gate: SENDING area=24/5 pos=8,10 down idle sprite=1 ghosts=0
gate: NOT SENDING — status(0x0FB1)=1 wants 2, battle(0x015A)=0 wants 0, map=24/5
gate: SENDING area=24/5 pos=8,10 down idle sprite=1 ghosts=0
gate: NOT SENDING — status(0x0FB1)=1 wants 2, battle(0x015A)=0 wants 0, map=24/5
gate: SENDING area=24/5 pos=8,10 down idle sprite=1 ghosts=0
gate: NOT SENDING — status(0x0FB1)=1 wants 2, battle(0x015A)=0 wants 0, map=24/5
gate: SENDING area=24/5 pos=8,10 down idle sprite=1 ghosts=0
gate: NOT SENDING — status(0x0FB1)=1 wants 2, battle(0x015A)=0 wants 0, map=24/5
gate: SENDING area=24/5 pos=8,10 down idle sprite=1 ghosts=0
gate: NOT SENDING — status(0x0FB1)=1 wants 2, battle(0x015A)=0 wants 0, map=24/5
gate: SENDING area=24/5 pos=8,10 down idle sprite=1 ghosts=0
gate: NOT SENDING — status(0x0FB1)=1 wants 2, battle(0x015A)=0 wants 0, map=24/5
gate: SENDING area=24/5 pos=8,10 down idle sprite=1 ghosts=0
gate: NOT SENDING — status(0x0FB1)=1 wants 2, battle(0x015A)=0 wants 0, map=24/5
gate: SENDING area=24/5 pos=8,10 down idle sprite=1 ghosts=0
gate: NOT SENDING — status(0x0FB1)=1 wants 2, battle(0x015A)=0 wants 0, map=24/5
gate: SENDING area=24/5 pos=8,10 down idle sprite=1 ghosts=0
gate: NOT SENDING — status(0x0FB1)=1 wants 2, battle(0x015A)=0 wants 0, map=24/5
gate: SENDING area=24/5 pos=8,10 down idle sprite=1 ghosts=0
gate: NOT SENDING — status(0x0FB1)=1 wants 2, battle(0x015A)=0 wants 0, map=24/5
gate: SENDING area=24/5 pos=8,10 down idle sprite=1 ghosts=0
gate: NOT SENDING — status(0x0FB1)=1 wants 2, battle(0x015A)=0 wants 0, map=24/5
gate: SENDING area=24/5 pos=8,10 down idle sprite=1 ghosts=0
gate: NOT SENDING — status(0x0FB1)=1 wants 2, battle(0x015A)=0 wants 0, map=24/5
gate: SENDING area=24/5 pos=8,10 down idle sprite=1 ghosts=0
gate: NOT SENDING — status(0x0FB1)=1 wants 2, battle(0x015A)=0 wants 0, map=24/5
gate: SENDING area=24/5 pos=8,10 down idle sprite=1 ghosts=0
gate: NOT SENDING — status(0x0FB1)=1 wants 2, battle(0x015A)=0 wants 0, map=24/5
gate: SENDING area=24/5 pos=8,10 down idle sprite=1 ghosts=0
gate: NOT SENDING — status(0x0FB1)=1 wants 2, battle(0x015A)=0 wants 0, map=24/5
gate: SENDING area=24/5 pos=8,10 down idle sprite=1 ghosts=0
gate: NOT SENDING — status(0x0FB1)=1 wants 2, battle(0x015A)=0 wants 0, map=24/5
gate: SENDING area=24/5 pos=8,10 down idle sprite=1 ghosts=0
gate: NOT SENDING — status(0x0FB1)=1 wants 2, battle(0x015A)=0 wants 0, map=24/5
gate: SENDING area=24/5 pos=8,10 down idle sprite=1 ghosts=0
gate: NOT SENDING — status(0x0FB1)=1 wants 2, battle(0x015A)=0 wants 0, map=24/5
gate: SENDING area=24/5 pos=8,10 down idle sprite=1 ghosts=0
gate: NOT SENDING — status(0x0FB1)=1 wants 2, battle(0x015A)=0 wants 0, map=24/5
gate: SENDING area=24/5 pos=8,10 down idle sprite=1 ghosts=0
gate: NOT SENDING — status(0x0FB1)=1 wants 2, battle(0x015A)=0 wants 0, map=24/5
gate: SENDING area=24/5 pos=8,10 down idle sprite=1 ghosts=0
gate: NOT SENDING — status(0x0FB1)=1 wants 2, battle(0x015A)=0 wants 0, map=24/5
gate: SENDING area=24/5 pos=8,10 down idle sprite=1 ghosts=0
gate: NOT SENDING — status(0x0FB1)=1 wants 2, battle(0x015A)=0 wants 0, map=24/5
gate: SENDING area=24/5 pos=8,10 down idle sprite=1 ghosts=0
gate: NOT SENDING — status(0x0FB1)=1 wants 2, battle(0x015A)=0 wants 0, map=24/5
gate: SENDING area=24/5 pos=8,10 down idle sprite=1 ghosts=0
gate: NOT SENDING — status(0x0FB1)=1 wants 2, battle(0x015A)=0 wants 0, map=24/5
gate: SENDING area=24/5 pos=8,10 down idle sprite=1 ghosts=0
gate: NOT SENDING — status(0x0FB1)=1 wants 2, battle(0x015A)=0 wants 0, map=24/5
gate: SENDING area=24/5 pos=8,10 down idle sprite=1 ghosts=0
gate: NOT SENDING — status(0x0FB1)=1 wants 2, battle(0x015A)=0 wants 0, map=24/5
gate: SENDING area=24/5 pos=8,10 down idle sprite=1 ghosts=0
gate: NOT SENDING — status(0x0FB1)=1 wants 2, battle(0x015A)=0 wants 0, map=24/5
gate: SENDING area=24/5 pos=8,10 down idle sprite=1 ghosts=0
gate: NOT SENDING — status(0x0FB1)=1 wants 2, battle(0x015A)=0 wants 0, map=24/5
gate: SENDING area=24/5 pos=8,10 down idle sprite=1 ghosts=0
gate: NOT SENDING — status(0x0FB1)=1 wants 2, battle(0x015A)=0 wants 0, map=24/5
gate: SENDING area=24/5 pos=8,10 down idle sprite=1 ghosts=0
gate: NOT SENDING — status(0x0FB1)=1 wants 2, battle(0x015A)=0 wants 0, map=24/5
gate: SENDING area=24/5 pos=8,10 down idle sprite=1 ghosts=0
gate: NOT SENDING — status(0x0FB1)=1 wants 2, battle(0x015A)=0 wants 0, map=24/5
gate: SENDING area=24/5 pos=8,10 down idle sprite=1 ghosts=0
gate: NOT SENDING — status(0x0FB1)=1 wants 2, battle(0x015A)=0 wants 0, map=24/5
gate: SENDING area=24/5 pos=8,10 down idle sprite=1 ghosts=0
gate: NOT SENDING — status(0x0FB1)=1 wants 2, battle(0x015A)=0 wants 0, map=24/5
gate: SENDING area=24/5 pos=8,10 down idle sprite=1 ghosts=0
gate: NOT SENDING — status(0x0FB1)=1 wants 2, battle(0x015A)=0 wants 0, map=24/5
gate: SENDING area=24/5 pos=8,10 down idle sprite=1 ghosts=0
gate: NOT SENDING — status(0x0FB1)=1 wants 2, battle(0x015A)=0 wants 0, map=24/5
gate: SENDING area=24/5 pos=8,10 down idle sprite=1 ghosts=0
gate: NOT SENDING — status(0x0FB1)=1 wants 2, battle(0x015A)=0 wants 0, map=24/5
gate: SENDING area=24/5 pos=8,10 down idle sprite=1 ghosts=0
gate: NOT SENDING — status(0x0FB1)=1 wants 2, battle(0x015A)=0 wants 0, map=24/5
gate: SENDING area=24/5 pos=8,10 down idle sprite=1 ghosts=0
gate: NOT SENDING — status(0x0FB1)=1 wants 2, battle(0x015A)=0 wants 0, map=24/5
gate: SENDING area=24/5 pos=8,10 down idle sprite=1 ghosts=0
gate: NOT SENDING — status(0x0FB1)=1 wants 2, battle(0x015A)=0 wants 0, map=24/5
gate: SENDING area=24/5 pos=8,10 down idle sprite=1 ghosts=0
gate: NOT SENDING — status(0x0FB1)=1 wants 2, battle(0x015A)=0 wants 0, map=24/5
gate: SENDING area=24/5 pos=8,10 down idle sprite=1 ghosts=0
gate: NOT SENDING — status(0x0FB1)=1 wants 2, battle(0x015A)=0 wants 0, map=24/5
gate: SENDING area=24/5 pos=8,10 down idle sprite=1 ghosts=0
gate: NOT SENDING — status(0x0FB1)=1 wants 2, battle(0x015A)=0 wants 0, map=24/5
gate: SENDING area=24/5 pos=8,10 down idle sprite=1 ghosts=0
gate: NOT SENDING — status(0x0FB1)=1 wants 2, battle(0x015A)=0 wants 0, map=24/5
gate: SENDING area=24/5 pos=8,10 down idle sprite=1 ghosts=0
gate: NOT SENDING — status(0x0FB1)=1 wants 2, battle(0x015A)=0 wants 0, map=24/5
gate: SENDING area=24/5 pos=8,10 down idle sprite=1 ghosts=0
gate: NOT SENDING — status(0x0FB1)=1 wants 2, battle(0x015A)=0 wants 0, map=24/5
gate: SENDING area=24/5 pos=8,10 down idle sprite=1 ghosts=0
gate: NOT SENDING — status(0x0FB1)=1 wants 2, battle(0x015A)=0 wants 0, map=24/5
gate: SENDING area=24/5 pos=8,10 down idle sprite=1 ghosts=0
gate: NOT SENDING — status(0x0FB1)=1 wants 2, battle(0x015A)=0 wants 0, map=24/5
gate: SENDING area=24/5 pos=8,10 down idle sprite=1 ghosts=0
gate: NOT SENDING — status(0x0FB1)=1 wants 2, battle(0x015A)=0 wants 0, map=24/5
gate: SENDING area=24/5 pos=8,10 down idle sprite=1 ghosts=0
gate: NOT SENDING — status(0x0FB1)=1 wants 2, battle(0x015A)=0 wants 0, map=24/5
gate: SENDING area=24/5 pos=8,10 down idle sprite=1 ghosts=0
gate: NOT SENDING — status(0x0FB1)=1 wants 2, battle(0x015A)=0 wants 0, map=24/5
gate: SENDING area=24/5 pos=8,10 down idle sprite=1 ghosts=0
gate: NOT SENDING — status(0x0FB1)=1 wants 2, battle(0x015A)=0 wants 0, map=24/5
gate: SENDING area=24/5 pos=8,10 down idle sprite=1 ghosts=0
gate: NOT SENDING — status(0x0FB1)=1 wants 2, battle(0x015A)=0 wants 0, map=24/5
gate: SENDING area=24/5 pos=8,10 down idle sprite=1 ghosts=0
gate: NOT SENDING — status(0x0FB1)=1 wants 2, battle(0x015A)=0 wants 0, map=24/5
gate: SENDING area=24/5 pos=8,10 down idle sprite=1 ghosts=0
gate: NOT SENDING — status(0x0FB1)=1 wants 2, battle(0x015A)=0 wants 0, map=24/5
gate: SENDING area=24/5 pos=8,10 down idle sprite=1 ghosts=0
gate: NOT SENDING — status(0x0FB1)=1 wants 2, battle(0x015A)=0 wants 0, map=24/5
gate: SENDING area=24/5 pos=8,10 down idle sprite=1 ghosts=0
gate: NOT SENDING — status(0x0FB1)=1 wants 2, battle(0x015A)=0 wants 0, map=24/5
gate: SENDING area=24/5 pos=8,10 down idle sprite=1 ghosts=0
gate: NOT SENDING — status(0x0FB1)=1 wants 2, battle(0x015A)=0 wants 0, map=24/5
gate: SENDING area=24/5 pos=8,10 down idle sprite=1 ghosts=0
gate: NOT SENDING — status(0x0FB1)=1 wants 2, battle(0x015A)=0 wants 0, map=24/5
gate: SENDING area=24/5 pos=8,10 down idle sprite=1 ghosts=0
gate: NOT SENDING — status(0x0FB1)=1 wants 2, battle(0x015A)=0 wants 0, map=24/5
gate: SENDING area=24/5 pos=8,10 down idle sprite=1 ghosts=0
gate: NOT SENDING — status(0x0FB1)=1 wants 2, battle(0x015A)=0 wants 0, map=24/5
gate: SENDING area=24/5 pos=8,10 down idle sprite=1 ghosts=0
gate: NOT SENDING — status(0x0FB1)=1 wants 2, battle(0x015A)=0 wants 0, map=24/5
gate: SENDING area=24/5 pos=8,10 down idle sprite=1 ghosts=0
gate: NOT SENDING — status(0x0FB1)=1 wants 2, battle(0x015A)=0 wants 0, map=24/5
gate: SENDING area=24/5 pos=8,10 down idle sprite=1 ghosts=0
gate: NOT SENDING — status(0x0FB1)=1 wants 2, battle(0x015A)=0 wants 0, map=24/5
gate: SENDING area=24/5 pos=8,10 down idle sprite=1 ghosts=0
gate: NOT SENDING — status(0x0FB1)=1 wants 2, battle(0x015A)=0 wants 0, map=24/5
gate: SENDING area=24/5 pos=8,10 down idle sprite=1 ghosts=0
gate: NOT SENDING — status(0x0FB1)=1 wants 2, battle(0x015A)=0 wants 0, map=24/5
gate: SENDING area=24/5 pos=8,10 down idle sprite=1 ghosts=0
gate: NOT SENDING — status(0x0FB1)=1 wants 2, battle(0x015A)=0 wants 0, map=24/5
gate: SENDING area=24/5 pos=8,10 down idle sprite=1 ghosts=0
gate: NOT SENDING — status(0x0FB1)=1 wants 2, battle(0x015A)=0 wants 0, map=24/5
gate: SENDING area=24/5 pos=8,10 down idle sprite=1 ghosts=0
gate: NOT SENDING — status(0x0FB1)=1 wants 2, battle(0x015A)=0 wants 0, map=24/5
gate: SENDING area=24/5 pos=8,10 down idle sprite=1 ghosts=0
gate: NOT SENDING — status(0x0FB1)=1 wants 2, battle(0x015A)=0 wants 0, map=24/5
gate: SENDING area=24/5 pos=8,10 down idle sprite=1 ghosts=0
gate: NOT SENDING — status(0x0FB1)=1 wants 2, battle(0x015A)=0 wants 0, map=24/5
gate: SENDING area=24/5 pos=8,10 down idle sprite=1 ghosts=0
gate: NOT SENDING — status(0x0FB1)=1 wants 2, battle(0x015A)=0 wants 0, map=24/5
gate: SENDING area=24/5 pos=8,10 down idle sprite=1 ghosts=0
gate: NOT SENDING — status(0x0FB1)=1 wants 2, battle(0x015A)=0 wants 0, map=24/5
gate: SENDING area=24/5 pos=8,10 down idle sprite=1 ghosts=0
gate: NOT SENDING — status(0x0FB1)=1 wants 2, battle(0x015A)=0 wants 0, map=24/5
gate: SENDING area=24/5 pos=8,10 down idle sprite=1 ghosts=0
gate: NOT SENDING — status(0x0FB1)=1 wants 2, battle(0x015A)=0 wants 0, map=24/5
gate: SENDING area=24/5 pos=8,10 down idle sprite=1 ghosts=0
gate: NOT SENDING — status(0x0FB1)=1 wants 2, battle(0x015A)=0 wants 0, map=24/5
gate: SENDING area=24/5 pos=8,10 down idle sprite=1 ghosts=0
gate: NOT SENDING — status(0x0FB1)=1 wants 2, battle(0x015A)=0 wants 0, map=24/5
gate: SENDING area=24/5 pos=8,10 down idle sprite=1 ghosts=0
gate: NOT SENDING — status(0x0FB1)=1 wants 2, battle(0x015A)=0 wants 0, map=24/5
gate: SENDING area=24/5 pos=8,10 down idle sprite=1 ghosts=0
gate: NOT SENDING — status(0x0FB1)=1 wants 2, battle(0x015A)=0 wants 0, map=24/5
gate: SENDING area=24/5 pos=8,10 down idle sprite=1 ghosts=0
gate: NOT SENDING — status(0x0FB1)=1 wants 2, battle(0x015A)=0 wants 0, map=24/5
gate: SENDING area=24/5 pos=8,10 down idle sprite=1 ghosts=0
gate: NOT SENDING — status(0x0FB1)=1 wants 2, battle(0x015A)=0 wants 0, map=24/5
gate: SENDING area=24/5 pos=8,10 down idle sprite=1 ghosts=0
gate: NOT SENDING — status(0x0FB1)=1 wants 2, battle(0x015A)=0 wants 0, map=24/5
gate: SENDING area=24/5 pos=8,10 down idle sprite=1 ghosts=0
gate: NOT SENDING — status(0x0FB1)=1 wants 2, battle(0x015A)=0 wants 0, map=24/5
gate: SENDING area=24/5 pos=8,10 down idle sprite=1 ghosts=0
gate: NOT SENDING — status(0x0FB1)=1 wants 2, battle(0x015A)=0 wants 0, map=24/5
gate: SENDING area=24/5 pos=8,10 down idle sprite=1 ghosts=0
gate: NOT SENDING — status(0x0FB1)=1 wants 2, battle(0x015A)=0 wants 0, map=24/5
gate: SENDING area=24/5 pos=8,10 down idle sprite=1 ghosts=0
gate: NOT SENDING — status(0x0FB1)=1 wants 2, battle(0x015A)=0 wants 0, map=24/5
gate: SENDING area=24/5 pos=8,10 down idle sprite=1 ghosts=0
gate: NOT SENDING — status(0x0FB1)=1 wants 2, battle(0x015A)=0 wants 0, map=24/5
gate: SENDING area=24/5 pos=8,10 down idle sprite=1 ghosts=0
gate: NOT SENDING — status(0x0FB1)=1 wants 2, battle(0x015A)=0 wants 0, map=24/5
gate: SENDING area=24/5 pos=8,10 down idle sprite=1 ghosts=0
gate: NOT SENDING — status(0x0FB1)=1 wants 2, battle(0x015A)=0 wants 0, map=24/5
gate: SENDING area=24/5 pos=8,10 down idle sprite=1 ghosts=0
gate: NOT SENDING — status(0x0FB1)=1 wants 2, battle(0x015A)=0 wants 0, map=24/5
gate: SENDING area=24/5 pos=8,10 down idle sprite=1 ghosts=0
gate: NOT SENDING — status(0x0FB1)=1 wants 2, battle(0x015A)=0 wants 0, map=24/5
gate: SENDING area=24/5 pos=8,10 down idle sprite=1 ghosts=0
gate: NOT SENDING — status(0x0FB1)=1 wants 2, battle(0x015A)=0 wants 0, map=24/5
gate: SENDING area=24/5 pos=8,10 down idle sprite=1 ghosts=0
gate: NOT SENDING — status(0x0FB1)=1 wants 2, battle(0x015A)=0 wants 0, map=24/5
gate: SENDING area=24/5 pos=8,10 down idle sprite=1 ghosts=0
gate: NOT SENDING — status(0x0FB1)=1 wants 2, battle(0x015A)=0 wants 0, map=24/5
gate: SENDING area=24/5 pos=8,10 down idle sprite=1 ghosts=0
gate: NOT SENDING — status(0x0FB1)=1 wants 2, battle(0x015A)=0 wants 0, map=24/5
gate: SENDING area=24/5 pos=8,10 down idle sprite=1 ghosts=0
gate: NOT SENDING — status(0x0FB1)=1 wants 2, battle(0x015A)=0 wants 0, map=24/5
gate: SENDING area=24/5 pos=8,10 down idle sprite=1 ghosts=0
gate: NOT SENDING — status(0x0FB1)=1 wants 2, battle(0x015A)=0 wants 0, map=24/5
gate: SENDING area=24/5 pos=8,10 down idle sprite=1 ghosts=0
gate: NOT SENDING — status(0x0FB1)=1 wants 2, battle(0x015A)=0 wants 0, map=24/5
gate: SENDING area=24/5 pos=8,10 down idle sprite=1 ghosts=0
gate: NOT SENDING — status(0x0FB1)=1 wants 2, battle(0x015A)=0 wants 0, map=24/5
gate: SENDING area=24/5 pos=8,10 down idle sprite=1 ghosts=0
gate: NOT SENDING — status(0x0FB1)=1 wants 2, battle(0x015A)=0 wants 0, map=24/5
gate: SENDING area=24/5 pos=8,10 down idle sprite=1 ghosts=0
gate: NOT SENDING — status(0x0FB1)=1 wants 2, battle(0x015A)=0 wants 0, map=24/5
gate: SENDING area=24/5 pos=8,10 down idle sprite=1 ghosts=0
gate: NOT SENDING — status(0x0FB1)=1 wants 2, battle(0x015A)=0 wants 0, map=24/5
gate: SENDING area=24/5 pos=8,10 down idle sprite=1 ghosts=0
gate: NOT SENDING — status(0x0FB1)=1 wants 2, battle(0x015A)=0 wants 0, map=24/5
gate: SENDING area=24/5 pos=8,10 down idle sprite=1 ghosts=0
gate: NOT SENDING — status(0x0FB1)=1 wants 2, battle(0x015A)=0 wants 0, map=24/5
gate: SENDING area=24/5 pos=8,10 down idle sprite=1 ghosts=0
gate: NOT SENDING — status(0x0FB1)=1 wants 2, battle(0x015A)=0 wants 0, map=24/5
gate: SENDING area=24/5 pos=8,10 down idle sprite=1 ghosts=0
gate: NOT SENDING — status(0x0FB1)=1 wants 2, battle(0x015A)=0 wants 0, map=24/5
gate: SENDING area=24/5 pos=8,10 down idle sprite=1 ghosts=0
gate: NOT SENDING — status(0x0FB1)=1 wants 2, battle(0x015A)=0 wants 0, map=24/5
gate: SENDING area=24/5 pos=8,10 down idle sprite=1 ghosts=0
gate: NOT SENDING — status(0x0FB1)=1 wants 2, battle(0x015A)=0 wants 0, map=24/5
gate: SENDING area=24/5 pos=8,10 down idle sprite=1 ghosts=0
gate: NOT SENDING — status(0x0FB1)=1 wants 2, battle(0x015A)=0 wants 0, map=24/5
gate: SENDING area=24/5 pos=8,10 down idle sprite=1 ghosts=0
gate: NOT SENDING — status(0x0FB1)=1 wants 2, battle(0x015A)=0 wants 0, map=24/5
gate: SENDING area=24/5 pos=8,10 down idle sprite=1 ghosts=0
gate: NOT SENDING — status(0x0FB1)=1 wants 2, battle(0x015A)=0 wants 0, map=24/5
gate: SENDING area=24/5 pos=8,10 down idle sprite=1 ghosts=0
gate: NOT SENDING — status(0x0FB1)=1 wants 2, battle(0x015A)=0 wants 0, map=24/5
gate: SENDING area=24/5 pos=8,10 down idle sprite=1 ghosts=0
gate: NOT SENDING — status(0x0FB1)=1 wants 2, battle(0x015A)=0 wants 0, map=24/5
gate: SENDING area=24/5 pos=8,10 down idle sprite=1 ghosts=0
gate: NOT SENDING — status(0x0FB1)=1 wants 2, battle(0x015A)=0 wants 0, map=24/5
gate: SENDING area=24/5 pos=8,10 down idle sprite=1 ghosts=0
gate: NOT SENDING — status(0x0FB1)=1 wants 2, battle(0x015A)=0 wants 0, map=24/5
gate: SENDING area=24/5 pos=8,10 down idle sprite=1 ghosts=0
gate: NOT SENDING — status(0x0FB1)=1 wants 2, battle(0x015A)=0 wants 0, map=24/5
gate: SENDING area=24/5 pos=8,10 down idle sprite=1 ghosts=0
gate: NOT SENDING — status(0x0FB1)=1 wants 2, battle(0x015A)=0 wants 0, map=24/5
gate: SENDING area=24/5 pos=8,10 down idle sprite=1 ghosts=0
gate: NOT SENDING — status(0x0FB1)=1 wants 2, battle(0x015A)=0 wants 0, map=24/5
gate: SENDING area=24/5 pos=8,10 down idle sprite=1 ghosts=0
gate: NOT SENDING — status(0x0FB1)=1 wants 2, battle(0x015A)=0 wants 0, map=24/5
gate: SENDING area=24/5 pos=8,10 down idle sprite=1 ghosts=0
gate: NOT SENDING — status(0x0FB1)=1 wants 2, battle(0x015A)=0 wants 0, map=24/5
gate: SENDING area=24/5 pos=8,10 down idle sprite=1 ghosts=0
gate: NOT SENDING — status(0x0FB1)=1 wants 2, battle(0x015A)=0 wants 0, map=24/5
gate: SENDING area=24/5 pos=8,10 down idle sprite=1 ghosts=0
gate: NOT SENDING — status(0x0FB1)=1 wants 2, battle(0x015A)=0 wants 0, map=24/5
gate: SENDING area=24/5 pos=8,10 down idle sprite=1 ghosts=0
gate: NOT SENDING — status(0x0FB1)=1 wants 2, battle(0x015A)=0 wants 0, map=24/5
gate: SENDING area=24/5 pos=8,10 down idle sprite=1 ghosts=0
gate: NOT SENDING — status(0x0FB1)=1 wants 2, battle(0x015A)=0 wants 0, map=24/5
gate: SENDING area=24/5 pos=8,10 down idle sprite=1 ghosts=0
gate: NOT SENDING — status(0x0FB1)=1 wants 2, battle(0x015A)=0 wants 0, map=24/5
gate: SENDING area=24/5 pos=8,10 down idle sprite=1 ghosts=0
gate: NOT SENDING — status(0x0FB1)=1 wants 2, battle(0x015A)=0 wants 0, map=24/5
gate: SENDING area=24/5 pos=8,10 down idle sprite=1 ghosts=0
gate: NOT SENDING — status(0x0FB1)=1 wants 2, battle(0x015A)=0 wants 0, map=24/5
gate: SENDING area=24/5 pos=8,10 down idle sprite=1 ghosts=0
gate: NOT SENDING — status(0x0FB1)=1 wants 2, battle(0x015A)=0 wants 0, map=24/5
gate: SENDING area=24/5 pos=8,10 down idle sprite=1 ghosts=0
gate: NOT SENDING — status(0x0FB1)=1 wants 2, battle(0x015A)=0 wants 0, map=24/5
gate: SENDING area=24/5 pos=8,10 down idle sprite=1 ghosts=0
gate: NOT SENDING — status(0x0FB1)=1 wants 2, battle(0x015A)=0 wants 0, map=24/5
gate: SENDING area=24/5 pos=8,10 down idle sprite=1 ghosts=0
gate: NOT SENDING — status(0x0FB1)=1 wants 2, battle(0x015A)=0 wants 0, map=24/5
gate: SENDING area=24/5 pos=8,10 down idle sprite=1 ghosts=0
gate: NOT SENDING — status(0x0FB1)=1 wants 2, battle(0x015A)=0 wants 0, map=24/5
gate: SENDING area=24/5 pos=8,10 down idle sprite=1 ghosts=0
gate: NOT SENDING — status(0x0FB1)=1 wants 2, battle(0x015A)=0 wants 0, map=24/5
gate: SENDING area=24/5 pos=8,10 down idle sprite=1 ghosts=0
gate: NOT SENDING — status(0x0FB1)=1 wants 2, battle(0x015A)=0 wants 0, map=24/5
gate: SENDING area=24/5 pos=8,10 down idle sprite=1 ghosts=0
gate: NOT SENDING — status(0x0FB1)=1 wants 2, battle(0x015A)=0 wants 0, map=24/5
gate: SENDING area=24/5 pos=8,10 down idle sprite=1 ghosts=0
gate: NOT SENDING — status(0x0FB1)=1 wants 2, battle(0x015A)=0 wants 0, map=24/5
gate: SENDING area=24/5 pos=8,10 down idle sprite=1 ghosts=0
gate: NOT SENDING — status(0x0FB1)=1 wants 2, battle(0x015A)=0 wants 0, map=24/5
gate: SENDING area=24/5 pos=8,10 down idle sprite=1 ghosts=0
gate: NOT SENDING — status(0x0FB1)=1 wants 2, battle(0x015A)=0 wants 0, map=24/5
gate: SENDING area=24/5 pos=8,10 down idle sprite=1 ghosts=0
gate: NOT SENDING — status(0x0FB1)=1 wants 2, battle(0x015A)=0 wants 0, map=24/5
gate: SENDING area=24/5 pos=8,10 down idle sprite=1 ghosts=0
gate: NOT SENDING — status(0x0FB1)=1 wants 2, battle(0x015A)=0 wants 0, map=24/5
gate: SENDING area=24/5 pos=8,10 down idle sprite=1 ghosts=0
gate: NOT SENDING — status(0x0FB1)=1 wants 2, battle(0x015A)=0 wants 0, map=24/5
gate: SENDING area=24/5 pos=8,10 down idle sprite=1 ghosts=0
gate: NOT SENDING — status(0x0FB1)=1 wants 2, battle(0x015A)=0 wants 0, map=24/5
gate: SENDING area=24/5 pos=8,10 down idle sprite=1 ghosts=0
gate: NOT SENDING — status(0x0FB1)=1 wants 2, battle(0x015A)=0 wants 0, map=24/5
gate: SENDING area=24/5 pos=8,10 down idle sprite=1 ghosts=0
gate: NOT SENDING — status(0x0FB1)=1 wants 2, battle(0x015A)=0 wants 0, map=24/5
gate: SENDING area=24/5 pos=8,10 down idle sprite=1 ghosts=0
gate: NOT SENDING — status(0x0FB1)=1 wants 2, battle(0x015A)=0 wants 0, map=24/5
gate: SENDING area=24/5 pos=8,10 down idle sprite=1 ghosts=0
gate: NOT SENDING — status(0x0FB1)=1 wants 2, battle(0x015A)=0 wants 0, map=24/5
gate: SENDING area=24/5 pos=8,10 down idle sprite=1 ghosts=0
gate: NOT SENDING — status(0x0FB1)=1 wants 2, battle(0x015A)=0 wants 0, map=24/5
gate: SENDING area=24/5 pos=8,10 down idle sprite=1 ghosts=0
gate: NOT SENDING — status(0x0FB1)=1 wants 2, battle(0x015A)=0 wants 0, map=24/5
gate: SENDING area=24/5 pos=8,10 down idle sprite=1 ghosts=0
gate: NOT SENDING — status(0x0FB1)=1 wants 2, battle(0x015A)=0 wants 0, map=24/5
gate: SENDING area=24/5 pos=8,10 down idle sprite=1 ghosts=0
gate: NOT SENDING — status(0x0FB1)=1 wants 2, battle(0x015A)=0 wants 0, map=24/5
gate: SENDING area=24/5 pos=8,10 down idle sprite=1 ghosts=0
gate: NOT SENDING — status(0x0FB1)=1 wants 2, battle(0x015A)=0 wants 0, map=24/5
gate: SENDING area=24/5 pos=8,10 down idle sprite=1 ghosts=0
gate: NOT SENDING — status(0x0FB1)=1 wants 2, battle(0x015A)=0 wants 0, map=24/5
gate: SENDING area=24/5 pos=8,10 down idle sprite=1 ghosts=0
gate: NOT SENDING — status(0x0FB1)=1 wants 2, battle(0x015A)=0 wants 0, map=24/5
gate: SENDING area=24/5 pos=8,10 down idle sprite=1 ghosts=0
gate: NOT SENDING — status(0x0FB1)=1 wants 2, battle(0x015A)=0 wants 0, map=24/5
gate: SENDING area=24/5 pos=8,10 down idle sprite=1 ghosts=0
gate: NOT SENDING — status(0x0FB1)=1 wants 2, battle(0x015A)=0 wants 0, map=24/5
gate: SENDING area=24/5 pos=8,10 down idle sprite=1 ghosts=0
gate: NOT SENDING — status(0x0FB1)=1 wants 2, battle(0x015A)=0 wants 0, map=24/5
gate: SENDING area=24/5 pos=8,10 down idle sprite=1 ghosts=0
gate: NOT SENDING — status(0x0FB1)=1 wants 2, battle(0x015A)=0 wants 0, map=24/5
gate: SENDING area=24/5 pos=8,10 down idle sprite=1 ghosts=0
gate: NOT SENDING — status(0x0FB1)=1 wants 2, battle(0x015A)=0 wants 0, map=24/5
gate: SENDING area=24/5 pos=8,10 down idle sprite=1 ghosts=0
gate: NOT SENDING — status(0x0FB1)=1 wants 2, battle(0x015A)=0 wants 0, map=24/5
gate: SENDING area=24/5 pos=8,10 down idle sprite=1 ghosts=0
gate: NOT SENDING — status(0x0FB1)=1 wants 2, battle(0x015A)=0 wants 0, map=24/5
gate: SENDING area=24/5 pos=8,10 down idle sprite=1 ghosts=0
gate: NOT SENDING — status(0x0FB1)=1 wants 2, battle(0x015A)=0 wants 0, map=24/5
gate: SENDING area=24/5 pos=8,10 down idle sprite=1 ghosts=0
gate: NOT SENDING — status(0x0FB1)=1 wants 2, battle(0x015A)=0 wants 0, map=24/5
gate: SENDING area=24/5 pos=8,10 down idle sprite=1 ghosts=0
gate: NOT SENDING — status(0x0FB1)=1 wants 2, battle(0x015A)=0 wants 0, map=24/5
gate: SENDING area=24/5 pos=8,10 down idle sprite=1 ghosts=0
gate: NOT SENDING — status(0x0FB1)=1 wants 2, battle(0x015A)=0 wants 0, map=24/5
gate: SENDING area=24/5 pos=8,10 down idle sprite=1 ghosts=0
gate: NOT SENDING — status(0x0FB1)=1 wants 2, battle(0x015A)=0 wants 0, map=24/5
