=== MeshGhost Crystal step watch (READ-ONLY) ===
Watching every engine-driven object, the player included. Prints only frames that changed.
Now watching PLAYER (map object 0 -> struct 0, sprite 1).
Now watching npc3 (map object 3 -> struct 2, sprite 4).
  f=511    [npc3  ] DIRECTION 12->8
  f=512    [npc3  ] FACING 12->8
  f=599    [PLAYER] MOVEMENT_TYPE 11->20  WALKING 255->4  DIRECTION 12->0  STEP_TYPE 1->6  STEP_DURATION 0->7  ACTION 1->2  STEP_FRAME 8->1  FACING 12->0  MAP_Y 6->7  SPRITE_Y 64->66  MOVEMENT_INDEX 0->2  STEP_INDEX 0->1
  ^^^ [PLAYER] MAP COORDS CHANGED — step 1 complete ^^^
  f=599    [npc3  ] MOVEMENT_TYPE 9->19  STEP_TYPE 5->1  STEP_INDEX 1->0
  f=601    [PLAYER] STEP_DURATION 7->6  STEP_FRAME 1->2  SPRITE_Y 66->68
  f=601    [npc3  ] WALKING 255->6  STEP_TYPE 1->2  STEP_DURATION 0->6  ACTION 1->2  STEP_FRAME 0->2  MAP_X 7->6  SPRITE_X 80->76
  ^^^ [npc3] MAP COORDS CHANGED — step 2 complete ^^^
  f=603    [PLAYER] STEP_DURATION 6->5  STEP_FRAME 2->3  SPRITE_Y 68->70
  f=603    [npc3  ] STEP_DURATION 6->5  STEP_FRAME 2->3  SPRITE_X 76->74
  f=605    [PLAYER] STEP_DURATION 5->4  STEP_FRAME 3->4  FACING 0->1  SPRITE_Y 70->72
  f=605    [npc3  ] STEP_DURATION 5->4  STEP_FRAME 3->4  FACING 8->9  SPRITE_X 74->72
  f=607    [PLAYER] STEP_DURATION 4->3  STEP_FRAME 4->5  SPRITE_Y 72->74
  f=607    [npc3  ] STEP_DURATION 4->3  STEP_FRAME 4->5  SPRITE_X 72->70
  f=609    [PLAYER] STEP_DURATION 3->2  STEP_FRAME 5->6  SPRITE_Y 74->76
  f=609    [npc3  ] STEP_DURATION 3->2  STEP_FRAME 5->6  SPRITE_X 70->68
  f=611    [PLAYER] STEP_DURATION 2->1  STEP_FRAME 6->7  SPRITE_Y 76->78
  f=611    [npc3  ] STEP_DURATION 2->1  STEP_FRAME 6->7  SPRITE_X 68->66
  f=613    [PLAYER] WALKING 4->255  STEP_TYPE 6->1  STEP_DURATION 1->0  STEP_FRAME 7->8  FACING 1->2  LAST_MAP_Y 6->7  SPRITE_Y 78->80
  f=613    [npc3  ] WALKING 6->255  STEP_TYPE 2->1  STEP_DURATION 1->0  STEP_FRAME 7->8  FACING 9->10  LAST_MAP_X 7->6  SPRITE_X 66->64
  f=615    [PLAYER] MOVEMENT_TYPE 20->11  STEP_FRAME 8->9  MOVEMENT_INDEX 2->0  STEP_INDEX 1->0
  f=615    [npc3  ] ACTION 2->1  FACING 10->8
  f=617    [npc3  ] MOVEMENT_TYPE 19->9  STEP_TYPE 1->0
  f=627    [npc3  ] DIRECTION 8->0
  f=628    [PLAYER] FACING 2->0
  f=628    [npc3  ] FACING 8->0
  f=638    [PLAYER] MOVEMENT_TYPE 11->20  FLAGS1 2->6  WALKING 255->4  DIRECTION 0->4  STEP_TYPE 1->9  STEP_DURATION 0->7  STEP_FRAME 9->0  FACING 0->4  MAP_Y 7->8  SPRITE_Y 80->82  SPRITE_Y_OFFSET 0->252  MOVEMENT_INDEX 0->3  STEP_INDEX 0->1
  ^^^ [PLAYER] MAP COORDS CHANGED — step 3 complete ^^^
  f=638    [npc3  ] FLAGS2 0->32  STEP_TYPE 0->1  STEP_FRAME 8->0
  f=639    [PLAYER] STEP_FRAME 0->1
  f=640    [PLAYER] STEP_DURATION 7->6  STEP_FRAME 1->2  SPRITE_Y 82->84  SPRITE_Y_OFFSET 252->250
  f=642    [PLAYER] STEP_DURATION 6->5  STEP_FRAME 2->3  SPRITE_Y 84->86  SPRITE_Y_OFFSET 250->248
  f=644    [PLAYER] STEP_DURATION 5->4  STEP_FRAME 3->4  FACING 4->5  SPRITE_Y 86->88  SPRITE_Y_OFFSET 248->246
  f=646    [PLAYER] STEP_DURATION 4->3  STEP_FRAME 4->5  SPRITE_Y 88->90  SPRITE_Y_OFFSET 246->245
  f=648    [PLAYER] STEP_DURATION 3->2  STEP_FRAME 5->6  SPRITE_Y 90->92  SPRITE_Y_OFFSET 245->244
  f=650    [PLAYER] STEP_DURATION 2->1  STEP_FRAME 6->7  SPRITE_Y 92->94
  f=652    [PLAYER] STEP_DURATION 1->0  STEP_FRAME 7->8  FACING 5->6  LAST_MAP_Y 7->8  SPRITE_Y 94->96  STEP_INDEX 1->2
  f=654    [PLAYER] STEP_DURATION 0->7  STEP_FRAME 8->9  MAP_Y 8->9  SPRITE_Y 96->98  SPRITE_Y_OFFSET 244->245  STEP_INDEX 2->3
  ^^^ [PLAYER] MAP COORDS CHANGED — step 4 complete ^^^
  f=656    [PLAYER] STEP_DURATION 7->6  STEP_FRAME 9->10  SPRITE_Y 98->100  SPRITE_Y_OFFSET 245->246
  f=658    [PLAYER] STEP_DURATION 6->5  STEP_FRAME 10->11  SPRITE_Y 100->102  SPRITE_Y_OFFSET 246->247
  f=660    [PLAYER] STEP_DURATION 5->4  STEP_FRAME 11->12  FACING 6->7  SPRITE_Y 102->104  SPRITE_Y_OFFSET 247->248
  f=662    [PLAYER] STEP_DURATION 4->3  STEP_FRAME 12->13  SPRITE_Y 104->106  SPRITE_Y_OFFSET 248->250
  f=664    [PLAYER] STEP_DURATION 3->2  STEP_FRAME 13->14  SPRITE_Y 106->108  SPRITE_Y_OFFSET 250->252
  f=666    [PLAYER] STEP_DURATION 2->1  STEP_FRAME 14->15  SPRITE_Y 108->110  SPRITE_Y_OFFSET 252->0
  f=668    [PLAYER] STEP_TYPE 9->1  STEP_DURATION 1->0  STEP_FRAME 15->0  FACING 7->4  LAST_MAP_Y 8->9  SPRITE_Y 110->112
  f=670    [PLAYER] MOVEMENT_TYPE 20->11  FLAGS1 6->2  STEP_FRAME 0->1  MOVEMENT_INDEX 3->0  STEP_INDEX 3->0
  f=672    [PLAYER] FLAGS2 0->32
  f=672    [npc3  ] MOVEMENT_TYPE 9->20  FLAGS2 32->0  WALKING 255->7  DIRECTION 0->12  STEP_TYPE 1->2  STEP_DURATION 0->7  ACTION 1->2  STEP_FRAME 0->1  FACING 0->12  MAP_X 6->7  SPRITE_X 64->66  MOVEMENT_INDEX 0->1
  ^^^ [npc3] MAP COORDS CHANGED — step 5 complete ^^^
  f=674    [npc3  ] STEP_DURATION 7->6  STEP_FRAME 1->2  SPRITE_X 66->68
  f=676    [npc3  ] STEP_DURATION 6->5  STEP_FRAME 2->3  SPRITE_X 68->70
  f=678    [npc3  ] STEP_DURATION 5->4  STEP_FRAME 3->4  FACING 12->13  SPRITE_X 70->72
  f=680    [npc3  ] STEP_DURATION 4->3  STEP_FRAME 4->5  SPRITE_X 72->74
  f=682    [npc3  ] STEP_DURATION 3->2  STEP_FRAME 5->6  SPRITE_X 74->76
  f=684    [npc3  ] STEP_DURATION 2->1  STEP_FRAME 6->7  SPRITE_X 76->78
  f=686    [npc3  ] WALKING 7->255  STEP_TYPE 2->1  STEP_DURATION 1->0  STEP_FRAME 7->8  FACING 13->14  LAST_MAP_X 6->7  SPRITE_X 78->80
  f=688    [npc3  ] MOVEMENT_TYPE 20->9  STEP_FRAME 8->9  MOVEMENT_INDEX 1->0
  f=690    [PLAYER] FLAGS2 32->0  WALKING 4->255  ACTION 2->1
  f=690    [npc3  ] STEP_TYPE 1->5  ACTION 2->1  STEP_FRAME 9->0  FACING 14->12  STEP_INDEX 0->1
  f=762    [PLAYER] WALKING 255->5  STEP_TYPE 1->6  STEP_DURATION 0->7  ACTION 1->2  STEP_FRAME 1->2  MAP_Y 9->8  SPRITE_Y 112->110  STEP_INDEX 0->1
  ^^^ [PLAYER] MAP COORDS CHANGED — step 6 complete ^^^
  f=764    [PLAYER] STEP_DURATION 7->6  STEP_FRAME 2->3  SPRITE_Y 110->108
  f=766    [PLAYER] STEP_DURATION 6->5  STEP_FRAME 3->4  FACING 4->5  SPRITE_Y 108->106
  f=768    [PLAYER] STEP_DURATION 5->4  STEP_FRAME 4->5  SPRITE_Y 106->104
  f=770    [PLAYER] STEP_DURATION 4->3  STEP_FRAME 5->6  SPRITE_Y 104->102
  f=772    [PLAYER] STEP_DURATION 3->2  STEP_FRAME 6->7  SPRITE_Y 102->100
  f=774    [PLAYER] STEP_DURATION 2->1  STEP_FRAME 7->8  FACING 5->6  SPRITE_Y 100->98
  f=776    [PLAYER] WALKING 5->255  STEP_TYPE 6->1  STEP_DURATION 1->0  STEP_FRAME 8->9  LAST_MAP_Y 9->8  SPRITE_Y 98->96
  f=778    [PLAYER] WALKING 255->5  STEP_TYPE 1->6  STEP_DURATION 0->7  STEP_FRAME 9->10  MAP_Y 8->7  SPRITE_Y 96->94
  ^^^ [PLAYER] MAP COORDS CHANGED — step 7 complete ^^^
  f=780    [PLAYER] STEP_DURATION 7->6  STEP_FRAME 10->11  SPRITE_Y 94->92
  f=782    [PLAYER] STEP_DURATION 6->5  STEP_FRAME 11->12  FACING 6->7  SPRITE_Y 92->90
  f=784    [PLAYER] STEP_DURATION 5->4  STEP_FRAME 12->13  SPRITE_Y 90->88
  f=786    [PLAYER] STEP_DURATION 4->3  STEP_FRAME 13->14  SPRITE_Y 88->86
  f=788    [PLAYER] STEP_DURATION 3->2  STEP_FRAME 14->15  SPRITE_Y 86->84
  f=790    [PLAYER] STEP_DURATION 2->1  STEP_FRAME 15->0  FACING 7->4  SPRITE_Y 84->82
  f=792    [PLAYER] WALKING 5->255  STEP_TYPE 6->1  STEP_DURATION 1->0  STEP_FRAME 0->1  LAST_MAP_Y 8->7  SPRITE_Y 82->80
  f=794    [PLAYER] WALKING 255->5  STEP_TYPE 1->6  STEP_DURATION 0->7  STEP_FRAME 1->2  MAP_Y 7->6  SPRITE_Y 80->78
  ^^^ [PLAYER] MAP COORDS CHANGED — step 8 complete ^^^
  f=796    [PLAYER] STEP_DURATION 7->6  STEP_FRAME 2->3  SPRITE_Y 78->76
  f=798    [PLAYER] STEP_DURATION 6->5  STEP_FRAME 3->4  FACING 4->5  SPRITE_Y 76->74
  f=800    [PLAYER] STEP_DURATION 5->4  STEP_FRAME 4->5  SPRITE_Y 74->72
  f=802    [PLAYER] STEP_DURATION 4->3  STEP_FRAME 5->6  SPRITE_Y 72->70
  f=804    [PLAYER] STEP_DURATION 3->2  STEP_FRAME 6->7  SPRITE_Y 70->68
  f=806    [PLAYER] STEP_DURATION 2->1  STEP_FRAME 7->8  FACING 5->6  SPRITE_Y 68->66
  f=808    [PLAYER] WALKING 5->255  STEP_TYPE 6->1  STEP_DURATION 1->0  STEP_FRAME 8->9  LAST_MAP_Y 7->6  SPRITE_Y 66->64
  f=810    [PLAYER] ACTION 2->1  FACING 6->4  STEP_INDEX 1->0
  f=822    [PLAYER] STEP_TYPE 1->10  STEP_DURATION 0->1  ACTION 1->2  STEP_FRAME 9->3  STEP_INDEX 0->1
  f=824    [PLAYER] DIRECTION 4->12  STEP_FRAME 3->4  FACING 4->13  STEP_INDEX 1->3
  f=826    [PLAYER] STEP_TYPE 10->1  STEP_DURATION 1->0  STEP_FRAME 4->5
  f=828    [PLAYER] ACTION 2->1  STEP_FRAME 5->6  STEP_INDEX 3->0
  f=830    [PLAYER] STEP_FRAME 6->7
  f=832    [PLAYER] STEP_FRAME 7->8  FACING 13->14
  f=834    [PLAYER] FACING 14->12
  f=1005   [npc3  ] DIRECTION 12->8
  f=1006   [npc3  ] FACING 12->8
  f=1097   [PLAYER] MOVEMENT_TYPE 11->20  WALKING 255->4  DIRECTION 12->0  STEP_TYPE 1->6  STEP_DURATION 0->7  ACTION 1->2  STEP_FRAME 8->1  FACING 12->0  MAP_Y 6->7  SPRITE_Y 64->66  MOVEMENT_INDEX 0->2  STEP_INDEX 0->1
  ^^^ [PLAYER] MAP COORDS CHANGED — step 9 complete ^^^
  f=1097   [npc3  ] MOVEMENT_TYPE 9->19  WALKING 255->6  STEP_TYPE 5->2  STEP_DURATION 0->8  ACTION 1->2  MAP_X 7->6  STEP_INDEX 1->0
  ^^^ [npc3] MAP COORDS CHANGED — step 10 complete ^^^
  f=1098   [npc3  ] STEP_DURATION 8->7  STEP_FRAME 0->1  SPRITE_X 80->78
  f=1099   [PLAYER] STEP_DURATION 7->6  STEP_FRAME 1->2  SPRITE_Y 66->68
  f=1099   [npc3  ] STEP_DURATION 7->6  STEP_FRAME 1->2  SPRITE_X 78->76
  f=1101   [PLAYER] STEP_DURATION 6->5  STEP_FRAME 2->3  SPRITE_Y 68->70
  f=1101   [npc3  ] STEP_DURATION 6->5  STEP_FRAME 2->3  SPRITE_X 76->74
  f=1103   [PLAYER] STEP_DURATION 5->4  STEP_FRAME 3->4  FACING 0->1  SPRITE_Y 70->72
  f=1103   [npc3  ] STEP_DURATION 5->4  STEP_FRAME 3->4  FACING 8->9  SPRITE_X 74->72
  f=1105   [PLAYER] STEP_DURATION 4->3  STEP_FRAME 4->5  SPRITE_Y 72->74
  f=1105   [npc3  ] STEP_DURATION 4->3  STEP_FRAME 4->5  SPRITE_X 72->70
  f=1107   [PLAYER] STEP_DURATION 3->2  STEP_FRAME 5->6  SPRITE_Y 74->76
  f=1107   [npc3  ] STEP_DURATION 3->2  STEP_FRAME 5->6  SPRITE_X 70->68
  f=1109   [PLAYER] STEP_DURATION 2->1  STEP_FRAME 6->7  SPRITE_Y 76->78
  f=1109   [npc3  ] STEP_DURATION 2->1  STEP_FRAME 6->7  SPRITE_X 68->66
  f=1111   [PLAYER] WALKING 4->255  STEP_TYPE 6->1  STEP_DURATION 1->0  STEP_FRAME 7->8  FACING 1->2  LAST_MAP_Y 6->7  SPRITE_Y 78->80
  f=1111   [npc3  ] WALKING 6->255  STEP_TYPE 2->1  STEP_DURATION 1->0  STEP_FRAME 7->8  FACING 9->10  LAST_MAP_X 7->6  SPRITE_X 66->64
  f=1113   [PLAYER] MOVEMENT_TYPE 20->11  STEP_FRAME 8->9  MOVEMENT_INDEX 2->0  STEP_INDEX 1->0
  f=1113   [npc3  ] ACTION 2->1  FACING 10->8
  f=1115   [npc3  ] MOVEMENT_TYPE 19->9  STEP_TYPE 1->0
  f=1125   [npc3  ] DIRECTION 8->0
  f=1126   [PLAYER] FACING 2->0
  f=1126   [npc3  ] FACING 8->0
  f=1137   [PLAYER] MOVEMENT_TYPE 11->20  FLAGS1 2->6  WALKING 255->4  DIRECTION 0->4  STEP_TYPE 1->9  STEP_DURATION 0->7  STEP_FRAME 9->0  FACING 0->4  MAP_Y 7->8  SPRITE_Y 80->82  SPRITE_Y_OFFSET 0->252  MOVEMENT_INDEX 0->3  STEP_INDEX 0->1
  ^^^ [PLAYER] MAP COORDS CHANGED — step 11 complete ^^^
  f=1137   [npc3  ] FLAGS2 0->32  STEP_TYPE 0->1  STEP_FRAME 8->0
  f=1138   [PLAYER] STEP_FRAME 0->1
  f=1139   [PLAYER] STEP_DURATION 7->6  STEP_FRAME 1->2  SPRITE_Y 82->84  SPRITE_Y_OFFSET 252->250
  f=1141   [PLAYER] STEP_DURATION 6->5  STEP_FRAME 2->3  SPRITE_Y 84->86  SPRITE_Y_OFFSET 250->248
  f=1143   [PLAYER] STEP_DURATION 5->4  STEP_FRAME 3->4  FACING 4->5  SPRITE_Y 86->88  SPRITE_Y_OFFSET 248->246
  f=1145   [PLAYER] STEP_DURATION 4->3  STEP_FRAME 4->5  SPRITE_Y 88->90  SPRITE_Y_OFFSET 246->245
  f=1147   [PLAYER] STEP_DURATION 3->2  STEP_FRAME 5->6  SPRITE_Y 90->92  SPRITE_Y_OFFSET 245->244
  f=1149   [PLAYER] STEP_DURATION 2->1  STEP_FRAME 6->7  SPRITE_Y 92->94
  f=1151   [PLAYER] STEP_DURATION 1->0  STEP_FRAME 7->8  FACING 5->6  LAST_MAP_Y 7->8  SPRITE_Y 94->96  STEP_INDEX 1->2
  f=1153   [PLAYER] STEP_DURATION 0->7  STEP_FRAME 8->9  MAP_Y 8->9  SPRITE_Y 96->98  SPRITE_Y_OFFSET 244->245  STEP_INDEX 2->3
  ^^^ [PLAYER] MAP COORDS CHANGED — step 12 complete ^^^
  f=1155   [PLAYER] STEP_DURATION 7->6  STEP_FRAME 9->10  SPRITE_Y 98->100  SPRITE_Y_OFFSET 245->246
  f=1157   [PLAYER] STEP_DURATION 6->5  STEP_FRAME 10->11  SPRITE_Y 100->102  SPRITE_Y_OFFSET 246->247
  f=1159   [PLAYER] STEP_DURATION 5->4  STEP_FRAME 11->12  FACING 6->7  SPRITE_Y 102->104  SPRITE_Y_OFFSET 247->248
  f=1161   [PLAYER] STEP_DURATION 4->3  STEP_FRAME 12->13  SPRITE_Y 104->106  SPRITE_Y_OFFSET 248->250
  f=1163   [PLAYER] STEP_DURATION 3->2  STEP_FRAME 13->14  SPRITE_Y 106->108  SPRITE_Y_OFFSET 250->252
  f=1165   [PLAYER] STEP_DURATION 2->1  STEP_FRAME 14->15  SPRITE_Y 108->110  SPRITE_Y_OFFSET 252->0
  f=1167   [PLAYER] STEP_TYPE 9->1  STEP_DURATION 1->0  STEP_FRAME 15->0  FACING 7->4  LAST_MAP_Y 8->9  SPRITE_Y 110->112
  f=1169   [PLAYER] MOVEMENT_TYPE 20->11  FLAGS1 6->2  STEP_FRAME 0->1  MOVEMENT_INDEX 3->0  STEP_INDEX 3->0
  f=1171   [PLAYER] FLAGS2 0->32
  f=1171   [npc3  ] MOVEMENT_TYPE 9->20  FLAGS2 32->0  WALKING 255->7  DIRECTION 0->12  STEP_TYPE 1->2  STEP_DURATION 0->7  ACTION 1->2  STEP_FRAME 0->1  FACING 0->12  MAP_X 6->7  SPRITE_X 64->66  MOVEMENT_INDEX 0->1
  ^^^ [npc3] MAP COORDS CHANGED — step 13 complete ^^^
  f=1173   [npc3  ] STEP_DURATION 7->6  STEP_FRAME 1->2  SPRITE_X 66->68
  f=1175   [npc3  ] STEP_DURATION 6->5  STEP_FRAME 2->3  SPRITE_X 68->70
  f=1177   [npc3  ] STEP_DURATION 5->4  STEP_FRAME 3->4  FACING 12->13  SPRITE_X 70->72
  f=1179   [npc3  ] STEP_DURATION 4->3  STEP_FRAME 4->5  SPRITE_X 72->74
  f=1181   [npc3  ] STEP_DURATION 3->2  STEP_FRAME 5->6  SPRITE_X 74->76
  f=1183   [npc3  ] STEP_DURATION 2->1  STEP_FRAME 6->7  SPRITE_X 76->78
  f=1185   [npc3  ] WALKING 7->255  STEP_TYPE 2->1  STEP_DURATION 1->0  STEP_FRAME 7->8  FACING 13->14  LAST_MAP_X 6->7  SPRITE_X 78->80
  f=1187   [npc3  ] MOVEMENT_TYPE 20->9  STEP_FRAME 8->9  MOVEMENT_INDEX 1->0
  f=1189   [PLAYER] FLAGS2 32->0  WALKING 4->255  ACTION 2->1
  f=1189   [npc3  ] STEP_TYPE 1->5  ACTION 2->1  STEP_FRAME 9->0  FACING 14->12  STEP_INDEX 0->1
Now watching npc1 (map object 1 -> struct 1, sprite 41).
  f=1201   [npc1  ] STEP_DURATION 105->104
  f=1203   [npc1  ] STEP_DURATION 104->103
  f=1205   [npc1  ] STEP_DURATION 103->102
  f=1207   [npc1  ] STEP_DURATION 102->101
  f=1209   [npc1  ] STEP_DURATION 101->100
  f=1211   [npc1  ] STEP_DURATION 100->99
  f=1214   [npc1  ] STEP_DURATION 99->98
  f=1215   [npc1  ] STEP_DURATION 98->97
  f=1217   [npc1  ] STEP_DURATION 97->96
  f=1219   [npc1  ] STEP_DURATION 96->95
  f=1221   [npc1  ] STEP_DURATION 95->94
  f=1223   [npc1  ] STEP_DURATION 94->93
  f=1225   [npc1  ] STEP_DURATION 93->92
  f=1227   [npc1  ] STEP_DURATION 92->91
  f=1229   [npc1  ] STEP_DURATION 91->90
  f=1231   [npc1  ] STEP_DURATION 90->89
  f=1233   [npc1  ] STEP_DURATION 89->88
  f=1235   [npc1  ] STEP_DURATION 88->87
  f=1237   [npc1  ] STEP_DURATION 87->86
  f=1239   [npc1  ] STEP_DURATION 86->85
  f=1241   [npc1  ] STEP_DURATION 85->84
  f=1243   [npc1  ] STEP_DURATION 84->83
  f=1245   [npc1  ] STEP_DURATION 83->82
  f=1247   [npc1  ] STEP_DURATION 82->81
  f=1249   [npc1  ] STEP_DURATION 81->80
  f=1251   [npc1  ] STEP_DURATION 80->79
  f=1253   [npc1  ] STEP_DURATION 79->78
  f=1255   [npc1  ] STEP_DURATION 78->77
  f=1257   [npc1  ] STEP_DURATION 77->76
  f=1259   [npc1  ] STEP_DURATION 76->75
  f=1261   [npc1  ] STEP_DURATION 75->74
  f=1263   [npc1  ] STEP_DURATION 74->73
  f=1265   [npc1  ] STEP_DURATION 73->72
  f=1267   [npc1  ] STEP_DURATION 72->71
  f=1269   [npc1  ] STEP_DURATION 71->70
  f=1271   [npc1  ] STEP_DURATION 70->69
  f=1273   [npc1  ] STEP_DURATION 69->68
  f=1275   [npc1  ] STEP_DURATION 68->67
  f=1277   [npc1  ] STEP_DURATION 67->66
  f=1279   [npc1  ] STEP_DURATION 66->65
  f=1281   [npc1  ] STEP_DURATION 65->64
  f=1283   [npc1  ] STEP_DURATION 64->63
  f=1285   [npc1  ] STEP_DURATION 63->62
  f=1287   [npc1  ] STEP_DURATION 62->61
  f=1289   [npc1  ] STEP_DURATION 61->60
  f=1291   [npc1  ] STEP_DURATION 60->59
  f=1293   [npc1  ] STEP_DURATION 59->58
  f=1295   [npc1  ] STEP_DURATION 58->57
  f=1297   [npc1  ] STEP_DURATION 57->56
  f=1299   [npc1  ] STEP_DURATION 56->55
  f=1301   [npc1  ] STEP_DURATION 55->54
  f=1303   [npc1  ] STEP_DURATION 54->53
  f=1305   [npc1  ] STEP_DURATION 53->52
  f=1307   [npc1  ] STEP_DURATION 52->51
  f=1309   [npc1  ] STEP_DURATION 51->50
  f=1311   [npc1  ] STEP_DURATION 50->49
  f=1313   [npc1  ] STEP_DURATION 49->48
  f=1315   [npc1  ] STEP_DURATION 48->47
  f=1317   [npc1  ] STEP_DURATION 47->46
  f=1319   [npc1  ] STEP_DURATION 46->45
  f=1321   [npc1  ] STEP_DURATION 45->44
  f=1323   [npc1  ] STEP_DURATION 44->43
  f=1325   [npc1  ] STEP_DURATION 43->42
  f=1327   [npc1  ] STEP_DURATION 42->41
  f=1329   [npc1  ] STEP_DURATION 41->40
  f=1331   [npc1  ] STEP_DURATION 40->39
  f=1333   [npc1  ] STEP_DURATION 39->38
  f=1335   [npc1  ] STEP_DURATION 38->37
  f=1337   [npc1  ] STEP_DURATION 37->36
  f=1339   [npc1  ] STEP_DURATION 36->35
  f=1341   [npc1  ] STEP_DURATION 35->34
  f=1343   [npc1  ] STEP_DURATION 34->33
  f=1345   [npc1  ] STEP_DURATION 33->32
  f=1347   [npc1  ] STEP_DURATION 32->31
  f=1349   [npc1  ] STEP_DURATION 31->30
  f=1351   [npc1  ] STEP_DURATION 30->29
  f=1353   [npc1  ] STEP_DURATION 29->28
  f=1355   [npc1  ] STEP_DURATION 28->27
  f=1357   [npc1  ] STEP_DURATION 27->26
  f=1359   [npc1  ] STEP_DURATION 26->25
  f=1361   [npc1  ] STEP_DURATION 25->24
  f=1363   [npc1  ] STEP_DURATION 24->23
  f=1365   [npc1  ] STEP_DURATION 23->22
  f=1367   [npc1  ] STEP_DURATION 22->21
  f=1369   [npc1  ] STEP_DURATION 21->20
  f=1371   [npc1  ] STEP_DURATION 20->19
  f=1373   [npc1  ] STEP_DURATION 19->18
  f=1375   [npc1  ] STEP_DURATION 18->17
  f=1377   [npc1  ] STEP_DURATION 17->16
  f=1379   [npc1  ] STEP_DURATION 16->15
  f=1381   [npc1  ] STEP_DURATION 15->14
  f=1383   [npc1  ] STEP_DURATION 14->13
  f=1385   [npc1  ] STEP_DURATION 13->12
  f=1387   [npc1  ] STEP_DURATION 12->11
  f=1389   [npc1  ] STEP_DURATION 11->10
  f=1391   [npc1  ] STEP_DURATION 10->9
  f=1393   [npc1  ] STEP_DURATION 9->8
  f=1395   [npc1  ] STEP_DURATION 8->7
  f=1397   [npc1  ] STEP_DURATION 7->6
  f=1399   [npc1  ] STEP_DURATION 6->5
  f=1401   [npc1  ] STEP_DURATION 5->4
  f=1403   [npc1  ] STEP_DURATION 4->3
  f=1405   [npc1  ] STEP_DURATION 3->2
  f=1407   [npc1  ] STEP_DURATION 2->1
  f=1409   [npc1  ] STEP_TYPE 3->1  STEP_DURATION 1->0
  f=1411   [npc1  ] STEP_TYPE 1->3  STEP_DURATION 0->10
  f=1413   [npc1  ] STEP_DURATION 10->9
  f=1415   [npc1  ] STEP_DURATION 9->8
  f=1417   [npc1  ] STEP_DURATION 8->7
  f=1419   [npc1  ] STEP_DURATION 7->6
  f=1421   [npc1  ] STEP_DURATION 6->5
  f=1423   [npc1  ] STEP_DURATION 5->4
  f=1425   [npc1  ] STEP_DURATION 4->3
  f=1427   [npc1  ] STEP_DURATION 3->2
  f=1429   [npc1  ] STEP_DURATION 2->1
  f=1431   [npc1  ] STEP_TYPE 3->1  STEP_DURATION 1->0
  f=1433   [npc1  ] DIRECTION 8->0  STEP_TYPE 1->3  STEP_DURATION 0->8  FACING 8->0
  f=1435   [npc1  ] STEP_DURATION 8->7
  f=1437   [npc1  ] STEP_DURATION 7->6
  f=1439   [npc1  ] STEP_DURATION 6->5
  f=1441   [npc1  ] STEP_DURATION 5->4
  f=1443   [npc1  ] STEP_DURATION 4->3
  f=1445   [npc1  ] STEP_DURATION 3->2
  f=1447   [npc1  ] STEP_DURATION 2->1
  f=1449   [npc1  ] STEP_TYPE 3->1  STEP_DURATION 1->0
  f=1451   [npc1  ] STEP_TYPE 1->3  STEP_DURATION 0->32
  f=1453   [npc1  ] STEP_DURATION 32->31
  f=1455   [npc1  ] STEP_DURATION 31->30
  f=1457   [npc1  ] STEP_DURATION 30->29
  f=1459   [npc1  ] STEP_DURATION 29->28
  f=1461   [npc1  ] STEP_DURATION 28->27
  f=1463   [npc1  ] STEP_DURATION 27->26
  f=1465   [npc1  ] STEP_DURATION 26->25
  f=1467   [npc1  ] STEP_DURATION 25->24
  f=1469   [npc1  ] STEP_DURATION 24->23
  f=1471   [npc1  ] STEP_DURATION 23->22
  f=1473   [npc1  ] STEP_DURATION 22->21
  f=1475   [npc1  ] STEP_DURATION 21->20
  f=1477   [npc1  ] STEP_DURATION 20->19
  f=1479   [npc1  ] STEP_DURATION 19->18
  f=1481   [npc1  ] STEP_DURATION 18->17
  f=1483   [npc1  ] STEP_DURATION 17->16
  f=1485   [npc1  ] STEP_DURATION 16->15
  f=1487   [npc1  ] STEP_DURATION 15->14
  f=1489   [npc1  ] STEP_DURATION 14->13
  f=1491   [npc1  ] STEP_DURATION 13->12
  f=1493   [npc1  ] STEP_DURATION 12->11
  f=1495   [npc1  ] STEP_DURATION 11->10
  f=1497   [npc1  ] STEP_DURATION 10->9
  f=1499   [npc1  ] STEP_DURATION 9->8
  f=1501   [npc1  ] STEP_DURATION 8->7
  f=1503   [npc1  ] STEP_DURATION 7->6
  f=1505   [npc1  ] STEP_DURATION 6->5
  f=1507   [npc1  ] STEP_DURATION 5->4
  f=1509   [npc1  ] STEP_DURATION 4->3
  f=1511   [npc1  ] STEP_DURATION 3->2
  f=1513   [npc1  ] STEP_DURATION 2->1
  f=1515   [npc1  ] STEP_TYPE 3->1  STEP_DURATION 1->0
  f=1517   [npc1  ] DIRECTION 0->4  STEP_TYPE 1->3  STEP_DURATION 0->45  FACING 0->4
  f=1519   [npc1  ] STEP_DURATION 45->44
  f=1521   [npc1  ] STEP_DURATION 44->43
  f=1523   [npc1  ] STEP_DURATION 43->42
  f=1525   [npc1  ] STEP_DURATION 42->41
  f=1527   [npc1  ] STEP_DURATION 41->40
  f=1529   [npc1  ] STEP_DURATION 40->39
  f=1531   [npc1  ] STEP_DURATION 39->38
  f=1533   [npc1  ] STEP_DURATION 38->37
  f=1535   [npc1  ] STEP_DURATION 37->36
  f=1537   [npc1  ] STEP_DURATION 36->35
  f=1539   [npc1  ] STEP_DURATION 35->34
  f=1541   [npc1  ] STEP_DURATION 34->33
  f=1543   [npc1  ] STEP_DURATION 33->32
  f=1545   [npc1  ] STEP_DURATION 32->31
  f=1547   [npc1  ] STEP_DURATION 31->30
  f=1549   [npc1  ] STEP_DURATION 30->29
  f=1551   [npc1  ] STEP_DURATION 29->28
  f=1553   [npc1  ] STEP_DURATION 28->27
  f=1555   [npc1  ] STEP_DURATION 27->26
  f=1557   [npc1  ] STEP_DURATION 26->25
  f=1559   [npc1  ] STEP_DURATION 25->24
  f=1561   [npc1  ] STEP_DURATION 24->23
  f=1563   [npc1  ] STEP_DURATION 23->22
  f=1565   [npc1  ] STEP_DURATION 22->21
  f=1567   [npc1  ] STEP_DURATION 21->20
  f=1569   [npc1  ] STEP_DURATION 20->19
  f=1571   [npc1  ] STEP_DURATION 19->18
  f=1573   [npc1  ] STEP_DURATION 18->17
  f=1575   [npc1  ] STEP_DURATION 17->16
  f=1577   [npc1  ] STEP_DURATION 16->15
  f=1579   [npc1  ] STEP_DURATION 15->14
  f=1581   [npc1  ] STEP_DURATION 14->13
  f=1583   [npc1  ] STEP_DURATION 13->12
  f=1585   [npc1  ] STEP_DURATION 12->11
  f=1587   [npc1  ] STEP_DURATION 11->10
  f=1589   [npc1  ] STEP_DURATION 10->9
  f=1591   [npc1  ] STEP_DURATION 9->8
  f=1593   [npc1  ] STEP_DURATION 8->7
  f=1595   [npc1  ] STEP_DURATION 7->6
  f=1597   [npc1  ] STEP_DURATION 6->5
  f=1599   [npc1  ] STEP_DURATION 5->4
  f=1601   [npc1  ] STEP_DURATION 4->3
  f=1603   [npc1  ] STEP_DURATION 3->2
  f=1605   [npc1  ] STEP_DURATION 2->1
  f=1607   [npc1  ] STEP_TYPE 3->1  STEP_DURATION 1->0
  f=1609   [npc1  ] DIRECTION 4->0  STEP_TYPE 1->3  STEP_DURATION 0->126  FACING 4->0
  f=1611   [npc1  ] STEP_DURATION 126->125
  f=1613   [npc1  ] STEP_DURATION 125->124
  f=1615   [npc1  ] STEP_DURATION 124->123
  f=1617   [npc1  ] STEP_DURATION 123->122
  f=1619   [npc1  ] STEP_DURATION 122->121
  f=1621   [npc1  ] STEP_DURATION 121->120
  f=1623   [npc1  ] STEP_DURATION 120->119
  f=1625   [npc1  ] STEP_DURATION 119->118
  f=1627   [npc1  ] STEP_DURATION 118->117
  f=1629   [npc1  ] STEP_DURATION 117->116
  f=1631   [npc1  ] STEP_DURATION 116->115
  f=1633   [npc1  ] STEP_DURATION 115->114
  f=1635   [npc1  ] STEP_DURATION 114->113
  f=1637   [npc1  ] STEP_DURATION 113->112
  f=1639   [npc1  ] STEP_DURATION 112->111
  f=1641   [npc1  ] STEP_DURATION 111->110
  f=1643   [npc1  ] STEP_DURATION 110->109
  f=1645   [npc1  ] STEP_DURATION 109->108
  f=1647   [npc1  ] STEP_DURATION 108->107
  f=1649   [npc1  ] STEP_DURATION 107->106
  f=1651   [npc1  ] STEP_DURATION 106->105
  f=1653   [npc1  ] STEP_DURATION 105->104
  f=1655   [npc1  ] STEP_DURATION 104->103
  f=1657   [npc1  ] STEP_DURATION 103->102
  f=1659   [npc1  ] STEP_DURATION 102->101
  f=1661   [npc1  ] STEP_DURATION 101->100
  f=1663   [npc1  ] STEP_DURATION 100->99
  f=1665   [npc1  ] STEP_DURATION 99->98
  f=1667   [npc1  ] STEP_DURATION 98->97
  f=1669   [npc1  ] STEP_DURATION 97->96
  f=1671   [npc1  ] STEP_DURATION 96->95
  f=1673   [npc1  ] STEP_DURATION 95->94
  f=1675   [npc1  ] STEP_DURATION 94->93
  f=1677   [npc1  ] STEP_DURATION 93->92
  f=1679   [npc1  ] STEP_DURATION 92->91
  f=1681   [npc1  ] STEP_DURATION 91->90
  f=1683   [npc1  ] STEP_DURATION 90->89
  f=1685   [npc1  ] STEP_DURATION 89->88
  f=1687   [npc1  ] STEP_DURATION 88->87
  f=1689   [npc1  ] STEP_DURATION 87->86
  f=1691   [npc1  ] STEP_DURATION 86->85
  f=1693   [npc1  ] STEP_DURATION 85->84
  f=1695   [npc1  ] STEP_DURATION 84->83
  f=1697   [npc1  ] STEP_DURATION 83->82
  f=1699   [npc1  ] STEP_DURATION 82->81
  f=1701   [npc1  ] STEP_DURATION 81->80
  f=1703   [npc1  ] STEP_DURATION 80->79
  f=1705   [npc1  ] STEP_DURATION 79->78
  f=1707   [npc1  ] STEP_DURATION 78->77
  f=1709   [npc1  ] STEP_DURATION 77->76
  f=1711   [npc1  ] STEP_DURATION 76->75
  f=1713   [npc1  ] STEP_DURATION 75->74
  f=1715   [npc1  ] STEP_DURATION 74->73
  f=1717   [npc1  ] STEP_DURATION 73->72
  f=1719   [npc1  ] STEP_DURATION 72->71
  f=1721   [npc1  ] STEP_DURATION 71->70
  f=1723   [npc1  ] STEP_DURATION 70->69
  f=1725   [npc1  ] STEP_DURATION 69->68
  f=1727   [npc1  ] STEP_DURATION 68->67
  f=1729   [npc1  ] STEP_DURATION 67->66
  f=1731   [npc1  ] STEP_DURATION 66->65
  f=1733   [npc1  ] STEP_DURATION 65->64
  f=1735   [npc1  ] STEP_DURATION 64->63
