=== MeshGhost Crystal struct diff — ours vs one the engine built (WRITES RAM) ===
ROM guard passed: vanilla Crystal V1.0
Reference: map object 2 -> struct 5, built and driven by the engine.
Ours: map object 1 <-> struct 2 at 7,7.

FIELD DIFF — engine-built vs ours (offsets expected to differ are marked 'expected'):
    00 SPRITE             engine= 60 ours=  1   (expected)
    01 MAP_OBJECT_INDEX   engine=  2 ours=  1   (expected)
>>> 02 SPRITE_TILE        engine= 24 ours=  0   <<< INTERESTING
>>> 03 MOVEMENT_TYPE      engine=  3 ours= 11   <<< INTERESTING
>>> 04 FLAGS1             engine=  0 ours=  2   <<< INTERESTING
    06 PALETTE            engine=  1 ours=  0   (expected)
>>> 09 STEP_TYPE          engine=  3 ours=  1   <<< INTERESTING
>>> 0A STEP_DURATION      engine=  1 ours=  0   <<< INTERESTING
>>> 0C STEP_FRAME         engine=  1 ours=  0   <<< INTERESTING
    10 MAP_X              engine=  6 ours=  7   (expected)
    11 MAP_Y              engine= 13 ours=  7   (expected)
    12 LAST_MAP_X         engine=  6 ours=  7   (expected)
    13 LAST_MAP_Y         engine= 13 ours=  7   (expected)
    14 INIT_X             engine=  6 ours=  7   (expected)
    15 INIT_Y             engine= 13 ours=  7   (expected)
>>> 16 RADIUS             engine= 17 ours=  0   <<< INTERESTING
    17 SPRITE_X           engine= 32 ours= 80   (expected)
    18 SPRITE_Y           engine= 32 ours=  0   (expected)
>>> 1D OBJECT_1D          engine=  0 ours= 12   <<< INTERESTING
>>> 1F JUMP_HEIGHT        engine=  0 ours= 32   <<< INTERESTING
    9 unexpected difference(s) above are the candidates.

Now WALK. The line below is the control: the engine's object should move, ours should not.
  f=121    ours: present and visible  flags1=0x02 [WONT_DELETE]  sprite_x=80  | engine object sprite_x=32 
  f=506    ours: present and visible  flags1=0x02 [WONT_DELETE]  sprite_x=80  | engine object sprite_x=0  
