MeshGhost: drawn overflow tier = off
MeshGhost Emerald adapter running.
Decoding Brendan/May sprite frames...
MeshGhost: sprite data found at the vanilla ROM address.
Bridge: walking 127.0.0.1:7778-7785 for a core that will have us. Two copies on one machine each find their own.
MeshGhost: started a core (no window) on bridge port 7778; it will exit with the emulator.
MeshGhost: bridge connected on 127.0.0.1:7778.
MeshGhost: bridge_ready on port 7778 -- this core is ours.
MeshGhost: gObjectEvents/gPlayerAvatar found at the vanilla ROM address.
status: frame=300 connected=true ready=true port=7778 remotes=0 ghosts=0 hw=0 drawn=0 clipped=0 overworld=false inGame=false slide=0/0 paused=0
  player: pos=(11,16) coords=(18,23) sprite=(48,76) camOff=(0,0)
status: frame=600 connected=true ready=true port=7778 remotes=0 ghosts=0 hw=0 drawn=0 clipped=0 overworld=false inGame=false slide=0/0 paused=0
  player: pos=(11,16) coords=(18,23) sprite=(48,64) camOff=(0,0)
status: frame=900 connected=true ready=true port=7778 remotes=0 ghosts=0 hw=0 drawn=0 clipped=0 overworld=false inGame=false slide=0/0 paused=0
  player: pos=(11,16) coords=(18,23) sprite=(94,79) camOff=(0,0)
status: frame=1200 connected=true ready=true port=7778 remotes=0 ghosts=0 hw=0 drawn=0 clipped=0 overworld=false inGame=false slide=0/0 paused=0
  player: pos=(11,16) coords=(18,23) sprite=(20,40) camOff=(0,0)
status: frame=1500 connected=true ready=true port=7778 remotes=0 ghosts=0 hw=0 drawn=0 clipped=0 overworld=false inGame=false slide=0/0 paused=0
  player: pos=(11,16) coords=(18,23) sprite=(47,88) camOff=(0,0)
status: frame=1800 connected=true ready=true port=7778 remotes=0 ghosts=0 hw=0 drawn=0 clipped=0 overworld=false inGame=false slide=0/0 paused=0
  player: pos=(11,16) coords=(18,23) sprite=(84,88) camOff=(0,0)
status: frame=2100 connected=true ready=true port=7778 remotes=0 ghosts=0 hw=0 drawn=0 clipped=0 overworld=false inGame=false slide=0/0 paused=0
  player: pos=(11,16) coords=(18,23) sprite=(119,88) camOff=(0,0)
status: frame=2400 connected=true ready=true port=7778 remotes=0 ghosts=0 hw=0 drawn=0 clipped=0 overworld=false inGame=false slide=0/0 paused=0
  player: pos=(11,16) coords=(18,23) sprite=(104,140) camOff=(0,0)
status: frame=2700 connected=true ready=true port=7778 remotes=0 ghosts=0 hw=0 drawn=0 clipped=0 overworld=false inGame=false slide=0/0 paused=0
  player: pos=(11,16) coords=(18,23) sprite=(304,160) camOff=(0,0)
state load detected: emu frame 2841 -> 4463835; dropping every ghost, hardware entry and tile claim rather than freeing them
MeshGhost: in game -- now sending local state.
MeshGhost: local gender = male
status: frame=3000 connected=true ready=true port=7778 remotes=0 ghosts=0 hw=0 drawn=0 clipped=0 overworld=true inGame=true slide=0/0 paused=0
  player: pos=(49,11) coords=(56,18) sprite=(8,16) camOff=(112,96)
MeshGhost: cross-map ghosts armed (gMapGroups self-located at 08486578)
MeshGhost: xmap cache NOT saved -- cannot write C:\dev\MeshGhost\packaging\release\games\pokemon\emerald\logs/xmap_cache.txt
status: frame=3300 connected=true ready=true port=7778 remotes=1 ghosts=1 hw=0 drawn=0 clipped=0 overworld=true inGame=true slide=8/65 paused=0
  player: pos=(49,11) coords=(56,18) sprite=(8,16) camOff=(112,96)
  ghost p2: obj=15 spr=60 coords=(57,17) sprite=(36,0) held=1/0 anim=22 action=55 peerAnim=running
         gfx: ghost drawn as 0, peer reports 0
         ghost  oam=8028 808C 081C 0000 flags=03 08 sub=41 c2c=248,240 anim=22/0 img=08505A8C anims=08509288
         player oam=8038 9070 0800 0000 flags=03 08 sub=41 c2c=248,240 anim=7/3 img=08505A8C anims=08509288
status: frame=3600 connected=true ready=true port=7778 remotes=1 ghosts=1 hw=0 drawn=0 clipped=0 overworld=true inGame=true slide=52/198 paused=0
  player: pos=(49,11) coords=(56,18) sprite=(8,16) camOff=(112,96)
  ghost p2: obj=15 spr=60 coords=(61,17) sprite=(88,0) held=1/0 anim=10 action=35 peerAnim=walking
         gfx: ghost drawn as 0, peer reports 0
         ghost  oam=8028 80C0 081C 0000 flags=03 08 sub=41 c2c=248,240 anim=10/0 img=08505A8C anims=08509288
         player oam=8038 9070 0800 0000 flags=03 08 sub=41 c2c=248,240 anim=7/3 img=08505A8C anims=08509288
status: frame=3900 connected=true ready=true port=7778 remotes=1 ghosts=1 hw=0 drawn=0 clipped=0 overworld=true inGame=true slide=41/226 paused=0
  player: pos=(49,11) coords=(56,18) sprite=(8,16) camOff=(112,96)
  ghost p2: obj=15 spr=60 coords=(55,17) sprite=(-8,0) held=1/1 anim=22 action=55 peerAnim=running
         gfx: ghost drawn as 0, peer reports 0
         ghost  oam=8028 8060 081C 0000 flags=03 08 sub=41 c2c=248,240 anim=22/1 img=08505A8C anims=08509288
         player oam=8038 9070 0800 0000 flags=03 08 sub=41 c2c=248,240 anim=7/3 img=08505A8C anims=08509288
status: frame=4200 connected=true ready=true port=7778 remotes=1 ghosts=0 hw=0 drawn=0 clipped=0 overworld=true inGame=true slide=56/196 paused=0
  unrendered p2: area=2:0 local=0:17 at=(3,8)
  player: pos=(49,11) coords=(56,18) sprite=(8,16) camOff=(112,96)
status: frame=4500 connected=true ready=true port=7778 remotes=1 ghosts=1 hw=0 drawn=0 clipped=0 overworld=true inGame=true slide=29/112 paused=0
  player: pos=(49,11) coords=(56,18) sprite=(8,16) camOff=(112,96)
  ghost p2: obj=15 spr=60 coords=(52,17) sprite=(-50,0) held=1/0 anim=22 action=55 peerAnim=running
         gfx: ghost drawn as 0, peer reports 0
         ghost  oam=8028 8036 081C 0000 flags=03 08 sub=41 c2c=248,240 anim=22/0 img=08505A8C anims=08509288
         player oam=8038 9070 0800 0000 flags=03 08 sub=41 c2c=248,240 anim=7/3 img=08505A8C anims=08509288
status: frame=4800 connected=true ready=true port=7778 remotes=1 ghosts=1 hw=0 drawn=0 clipped=0 overworld=true inGame=true slide=45/165 paused=0
  player: pos=(49,11) coords=(56,18) sprite=(4,16) camOff=(116,96)
  ghost p2: obj=15 spr=60 coords=(60,17) sprite=(72,0) held=0/0 anim=7 action=255 peerAnim=idle
         gfx: ghost drawn as 0, peer reports 0
         ghost  oam=8028 90B4 081C 0000 flags=03 08 sub=41 c2c=248,240 anim=7/1 img=08505A8C anims=08509288
         player oam=8038 9070 0800 0000 flags=03 08 sub=41 c2c=248,240 anim=23/1 img=08505A8C anims=08509288
f=4803 XMAP rebase -> 0:10 d=-50,0 ghosts=1
f=4854 XMAP rebase -> 0:17 d=50,0 ghosts=1
f=4928 XMAP rebase -> 0:10 d=-50,0 ghosts=1
f=4979 XMAP rebase -> 0:17 d=50,0 ghosts=1
f=4998 XMAP rebase -> 0:10 d=-50,0 ghosts=1
status: frame=5100 connected=true ready=true port=7778 remotes=1 ghosts=1 hw=0 drawn=0 clipped=0 overworld=true inGame=true slide=0/0 paused=0
  player: pos=(6,11) coords=(13,18) sprite=(120,16) camOff=(0,96)
  ghost p2: obj=15 spr=60 coords=(10,17) sprite=(72,0) held=0/0 anim=7 action=255 peerAnim=idle
         gfx: ghost drawn as 0, peer reports 0
         ghost  oam=8028 9040 081C 0000 flags=03 08 sub=41 c2c=248,240 anim=7/1 img=08505A8C anims=08509288
         player oam=8038 9070 0800 0000 flags=03 08 sub=41 c2c=248,240 anim=7/1 img=08505A8C anims=08509288
status: frame=5400 connected=true ready=true port=7778 remotes=1 ghosts=1 hw=0 drawn=0 clipped=0 overworld=true inGame=true slide=0/0 paused=0
  player: pos=(6,11) coords=(13,18) sprite=(120,16) camOff=(0,96)
  ghost p2: obj=15 spr=60 coords=(10,17) sprite=(72,0) held=0/0 anim=7 action=255 peerAnim=idle
         gfx: ghost drawn as 0, peer reports 0
         ghost  oam=8028 9040 081C 0000 flags=03 08 sub=41 c2c=248,240 anim=7/1 img=08505A8C anims=08509288
         player oam=8038 9070 0800 0000 flags=03 08 sub=41 c2c=248,240 anim=7/1 img=08505A8C anims=08509288
status: frame=5700 connected=true ready=true port=7778 remotes=1 ghosts=1 hw=0 drawn=0 clipped=0 overworld=true inGame=true slide=0/0 paused=0
  player: pos=(6,11) coords=(13,18) sprite=(120,16) camOff=(0,96)
  ghost p2: obj=15 spr=60 coords=(10,17) sprite=(72,0) held=0/0 anim=7 action=255 peerAnim=idle
         gfx: ghost drawn as 0, peer reports 0
         ghost  oam=8028 9040 081C 0000 flags=03 08 sub=41 c2c=248,240 anim=7/1 img=08505A8C anims=08509288
         player oam=8038 9070 0800 0000 flags=03 08 sub=41 c2c=248,240 anim=7/1 img=08505A8C anims=08509288
status: frame=6000 connected=true ready=true port=7778 remotes=1 ghosts=1 hw=0 drawn=0 clipped=0 overworld=true inGame=true slide=0/0 paused=0
  player: pos=(6,11) coords=(13,18) sprite=(120,16) camOff=(0,96)
  ghost p2: obj=15 spr=60 coords=(10,17) sprite=(72,0) held=0/0 anim=7 action=255 peerAnim=idle
         gfx: ghost drawn as 0, peer reports 0
         ghost  oam=8028 9040 081C 0000 flags=03 08 sub=41 c2c=248,240 anim=7/1 img=08505A8C anims=08509288
         player oam=8038 9070 0800 0000 flags=03 08 sub=41 c2c=248,240 anim=7/1 img=08505A8C anims=08509288
status: frame=6300 connected=true ready=true port=7778 remotes=1 ghosts=1 hw=0 drawn=0 clipped=0 overworld=true inGame=true slide=19/65 paused=0
  player: pos=(6,11) coords=(13,18) sprite=(120,16) camOff=(0,96)
  ghost p2: obj=15 spr=60 coords=(3,17) sprite=(-40,0) held=1/0 anim=10 action=35 peerAnim=idle
         gfx: ghost drawn as 0, peer reports 0
         ghost  oam=8028 81E0 081C 0000 flags=07 08 sub=41 c2c=248,240 anim=10/0 img=08505A8C anims=08509288
         player oam=8038 9070 0800 0000 flags=03 08 sub=41 c2c=248,240 anim=7/1 img=08505A8C anims=08509288
f=6549 XMAP rebase -> 0:17 d=50,0 ghosts=1
status: frame=6600 connected=true ready=true port=7778 remotes=1 ghosts=1 hw=0 drawn=0 clipped=0 overworld=true inGame=true slide=31/134 paused=0
  player: pos=(45,11) coords=(52,18) sprite=(-56,16) camOff=(176,96)
  ghost p2: obj=15 spr=60 coords=(59,17) sprite=(56,0) held=0/0 anim=6 action=255 peerAnim=idle
         gfx: ghost drawn as 0, peer reports 0
         ghost  oam=8028 80E0 081C 0000 flags=03 08 sub=41 c2c=248,240 anim=6/3 img=08505A8C anims=08509288
         player oam=8038 9070 0800 0000 flags=03 08 sub=41 c2c=248,240 anim=11/3 img=08505A8C anims=08509288
f=6634 XMAP rebase -> 0:10 d=-50,0 ghosts=1
f=6844 XMAP rebase -> 0:17 d=50,0 ghosts=1
status: frame=6900 connected=true ready=true port=7778 remotes=1 ghosts=1 hw=0 drawn=0 clipped=0 overworld=true inGame=true slide=0/0 paused=0
  player: pos=(43,11) coords=(50,18) sprite=(-86,16) camOff=(206,96)
  ghost p2: obj=15 spr=60 coords=(59,17) sprite=(56,0) held=0/0 anim=6 action=255 peerAnim=idle
         gfx: ghost drawn as 0, peer reports 0
         ghost  oam=8028 80FE 081C 0000 flags=03 08 sub=41 c2c=248,240 anim=6/3 img=08505A8C anims=08509288
         player oam=8038 8070 0800 0000 flags=03 08 sub=41 c2c=248,240 anim=22/3 img=08505A8C anims=08509288
f=6959 XMAP rebase -> 0:10 d=-50,0 ghosts=1
f=7033 XMAP rebase -> 0:17 d=50,0 ghosts=1
status: frame=7200 connected=true ready=true port=7778 remotes=1 ghosts=1 hw=0 drawn=0 clipped=0 overworld=true inGame=true slide=0/0 paused=0
  player: pos=(48,11) coords=(55,18) sprite=(-8,16) camOff=(128,96)
  ghost p2: obj=15 spr=60 coords=(59,17) sprite=(56,0) held=0/0 anim=6 action=255 peerAnim=idle
         gfx: ghost drawn as 0, peer reports 0
         ghost  oam=8028 80B0 081C 0000 flags=03 08 sub=41 c2c=248,240 anim=6/3 img=08505A8C anims=08509288
         player oam=8038 8070 0800 0000 flags=03 08 sub=41 c2c=248,240 anim=6/3 img=08505A8C anims=08509288
status: frame=7500 connected=true ready=true port=7778 remotes=1 ghosts=1 hw=0 drawn=0 clipped=0 overworld=true inGame=true slide=0/0 paused=0
  player: pos=(48,11) coords=(55,18) sprite=(-8,16) camOff=(128,96)
  ghost p2: obj=15 spr=60 coords=(59,17) sprite=(56,0) held=0/0 anim=6 action=255 peerAnim=idle
         gfx: ghost drawn as 0, peer reports 0
         ghost  oam=8028 80B0 081C 0000 flags=03 08 sub=41 c2c=248,240 anim=6/3 img=08505A8C anims=08509288
         player oam=8038 8070 0800 0000 flags=03 08 sub=41 c2c=248,240 anim=6/3 img=08505A8C anims=08509288
status: frame=7800 connected=true ready=true port=7778 remotes=1 ghosts=1 hw=0 drawn=0 clipped=0 overworld=true inGame=true slide=0/0 paused=0
  player: pos=(48,11) coords=(55,18) sprite=(-8,16) camOff=(128,96)
  ghost p2: obj=15 spr=60 coords=(59,17) sprite=(56,0) held=0/0 anim=6 action=255 peerAnim=idle
         gfx: ghost drawn as 0, peer reports 0
         ghost  oam=8028 80B0 081C 0000 flags=03 08 sub=41 c2c=248,240 anim=6/3 img=08505A8C anims=08509288
         player oam=8038 8070 0800 0000 flags=03 08 sub=41 c2c=248,240 anim=6/3 img=08505A8C anims=08509288
status: frame=8100 connected=true ready=true port=7778 remotes=1 ghosts=1 hw=0 drawn=0 clipped=0 overworld=true inGame=true slide=0/0 paused=0
  player: pos=(48,11) coords=(55,18) sprite=(-8,16) camOff=(128,96)
  ghost p2: obj=15 spr=60 coords=(59,17) sprite=(56,0) held=0/0 anim=6 action=255 peerAnim=idle
         gfx: ghost drawn as 0, peer reports 0
         ghost  oam=8028 80B0 081C 0000 flags=03 08 sub=41 c2c=248,240 anim=6/3 img=08505A8C anims=08509288
         player oam=8038 8070 0800 0000 flags=03 08 sub=41 c2c=248,240 anim=6/3 img=08505A8C anims=08509288
status: frame=8400 connected=true ready=true port=7778 remotes=1 ghosts=1 hw=0 drawn=0 clipped=0 overworld=true inGame=true slide=0/0 paused=0
  player: pos=(48,11) coords=(55,18) sprite=(-8,16) camOff=(128,96)
  ghost p2: obj=15 spr=60 coords=(59,17) sprite=(56,0) held=0/0 anim=6 action=255 peerAnim=idle
         gfx: ghost drawn as 0, peer reports 0
         ghost  oam=8028 80B0 081C 0000 flags=03 08 sub=41 c2c=248,240 anim=6/3 img=08505A8C anims=08509288
         player oam=8038 8070 0800 0000 flags=03 08 sub=41 c2c=248,240 anim=6/3 img=08505A8C anims=08509288
status: frame=8700 connected=true ready=true port=7778 remotes=1 ghosts=1 hw=0 drawn=0 clipped=0 overworld=true inGame=true slide=0/0 paused=0
  player: pos=(48,11) coords=(55,18) sprite=(-8,16) camOff=(128,96)
  ghost p2: obj=15 spr=60 coords=(59,17) sprite=(56,0) held=0/0 anim=6 action=255 peerAnim=idle
         gfx: ghost drawn as 0, peer reports 0
         ghost  oam=8028 80B0 081C 0000 flags=03 08 sub=41 c2c=248,240 anim=6/3 img=08505A8C anims=08509288
         player oam=8038 8070 0800 0000 flags=03 08 sub=41 c2c=248,240 anim=6/3 img=08505A8C anims=08509288
status: frame=9000 connected=true ready=true port=7778 remotes=1 ghosts=1 hw=0 drawn=0 clipped=0 overworld=true inGame=true slide=0/0 paused=0
  player: pos=(48,11) coords=(55,18) sprite=(-8,16) camOff=(128,96)
  ghost p2: obj=15 spr=60 coords=(59,17) sprite=(56,0) held=0/0 anim=6 action=255 peerAnim=idle
         gfx: ghost drawn as 0, peer reports 0
         ghost  oam=8028 80B0 081C 0000 flags=03 08 sub=41 c2c=248,240 anim=6/3 img=08505A8C anims=08509288
         player oam=8038 8070 0800 0000 flags=03 08 sub=41 c2c=248,240 anim=6/3 img=08505A8C anims=08509288
status: frame=9300 connected=true ready=true port=7778 remotes=1 ghosts=1 hw=0 drawn=0 clipped=0 overworld=true inGame=true slide=0/0 paused=0
  player: pos=(48,11) coords=(55,18) sprite=(-8,16) camOff=(128,96)
  ghost p2: obj=15 spr=60 coords=(59,17) sprite=(56,0) held=0/0 anim=6 action=255 peerAnim=idle
         gfx: ghost drawn as 0, peer reports 0
         ghost  oam=8028 80B0 081C 0000 flags=03 08 sub=41 c2c=248,240 anim=6/3 img=08505A8C anims=08509288
         player oam=8038 8070 0800 0000 flags=03 08 sub=41 c2c=248,240 anim=6/3 img=08505A8C anims=08509288
status: frame=9600 connected=true ready=true port=7778 remotes=1 ghosts=1 hw=0 drawn=0 clipped=0 overworld=true inGame=true slide=0/0 paused=0
  player: pos=(48,11) coords=(55,18) sprite=(-8,16) camOff=(128,96)
  ghost p2: obj=15 spr=60 coords=(59,17) sprite=(56,0) held=0/0 anim=6 action=255 peerAnim=idle
         gfx: ghost drawn as 0, peer reports 0
         ghost  oam=8028 80B0 081C 0000 flags=03 08 sub=41 c2c=248,240 anim=6/3 img=08505A8C anims=08509288
         player oam=8038 8070 0800 0000 flags=03 08 sub=41 c2c=248,240 anim=6/3 img=08505A8C anims=08509288
status: frame=9900 connected=true ready=true port=7778 remotes=0 ghosts=0 hw=0 drawn=0 clipped=0 overworld=true inGame=true slide=0/0 paused=0
  player: pos=(48,11) coords=(55,18) sprite=(-8,16) camOff=(128,96)
status: frame=10200 connected=true ready=true port=7778 remotes=0 ghosts=0 hw=0 drawn=0 clipped=0 overworld=true inGame=true slide=0/0 paused=0
  player: pos=(48,11) coords=(55,18) sprite=(-8,16) camOff=(128,96)
status: frame=10500 connected=true ready=true port=7778 remotes=0 ghosts=0 hw=0 drawn=0 clipped=0 overworld=true inGame=true slide=0/0 paused=0
  player: pos=(48,11) coords=(55,18) sprite=(-8,16) camOff=(128,96)
status: frame=10800 connected=true ready=true port=7778 remotes=0 ghosts=0 hw=0 drawn=0 clipped=0 overworld=true inGame=true slide=0/0 paused=0
  player: pos=(48,11) coords=(55,18) sprite=(-8,16) camOff=(128,96)
status: frame=11100 connected=true ready=true port=7778 remotes=0 ghosts=0 hw=0 drawn=0 clipped=0 overworld=true inGame=true slide=0/0 paused=0
  player: pos=(48,11) coords=(55,18) sprite=(-8,16) camOff=(128,96)
status: frame=11400 connected=true ready=true port=7778 remotes=0 ghosts=0 hw=0 drawn=0 clipped=0 overworld=true inGame=true slide=0/0 paused=0
  player: pos=(48,11) coords=(55,18) sprite=(-8,16) camOff=(128,96)
status: frame=11700 connected=true ready=true port=7778 remotes=0 ghosts=0 hw=0 drawn=0 clipped=0 overworld=true inGame=true slide=0/0 paused=0
  player: pos=(48,11) coords=(55,18) sprite=(-8,16) camOff=(128,96)
